Archive member included to satisfy reference by file (symbol)

C:\Users\user\MovedFromM07\Decawave-Complete\Deca\Libraries\libarm_cortexM3l_math.a(arm_mat_trans_f32.o)
                              ./src/application/main.o (arm_mat_trans_f32)
C:\Users\user\MovedFromM07\Decawave-Complete\Deca\Libraries\libarm_cortexM3l_math.a(arm_mat_sub_f32.o)
                              ./src/application/main.o (arm_mat_sub_f32)
C:\Users\user\MovedFromM07\Decawave-Complete\Deca\Libraries\libarm_cortexM3l_math.a(arm_mat_mult_f32.o)
                              ./src/application/main.o (arm_mat_mult_f32)
C:\Users\user\MovedFromM07\Decawave-Complete\Deca\Libraries\libarm_cortexM3l_math.a(arm_mat_inverse_f32.o)
                              ./src/application/main.o (arm_mat_inverse_f32)
C:\Users\user\MovedFromM07\Decawave-Complete\Deca\Libraries\libarm_cortexM3l_math.a(arm_mat_init_f32.o)
                              ./src/application/main.o (arm_mat_init_f32)
C:\Users\user\MovedFromM07\Decawave-Complete\Deca\Libraries\libarm_cortexM3l_math.a(arm_mat_add_f32.o)
                              ./src/application/main.o (arm_mat_add_f32)
c:/users/user/mentorgraphics/sourcery_codebench_lite_for_arm_eabi/bin/../lib/gcc/arm-none-eabi/4.8.3/../../../../arm-none-eabi/lib/thumb2\libm.a(lib_a-s_ceil.o)
                              ./src/application/instance.o (ceil)
c:/users/user/mentorgraphics/sourcery_codebench_lite_for_arm_eabi/bin/../lib/gcc/arm-none-eabi/4.8.3/../../../../arm-none-eabi/lib/thumb2\libm.a(lib_a-w_log10.o)
                              ./src/application/main.o (log10)
c:/users/user/mentorgraphics/sourcery_codebench_lite_for_arm_eabi/bin/../lib/gcc/arm-none-eabi/4.8.3/../../../../arm-none-eabi/lib/thumb2\libm.a(lib_a-w_pow.o)
                              ./src/application/main.o (pow)
c:/users/user/mentorgraphics/sourcery_codebench_lite_for_arm_eabi/bin/../lib/gcc/arm-none-eabi/4.8.3/../../../../arm-none-eabi/lib/thumb2\libm.a(lib_a-w_sqrt.o)
                              ./src/application/main.o (sqrt)
c:/users/user/mentorgraphics/sourcery_codebench_lite_for_arm_eabi/bin/../lib/gcc/arm-none-eabi/4.8.3/../../../../arm-none-eabi/lib/thumb2\libm.a(lib_a-wf_pow.o)
                              ./src/application/main.o (powf)
c:/users/user/mentorgraphics/sourcery_codebench_lite_for_arm_eabi/bin/../lib/gcc/arm-none-eabi/4.8.3/../../../../arm-none-eabi/lib/thumb2\libm.a(lib_a-e_log10.o)
                              c:/users/user/mentorgraphics/sourcery_codebench_lite_for_arm_eabi/bin/../lib/gcc/arm-none-eabi/4.8.3/../../../../arm-none-eabi/lib/thumb2\libm.a(lib_a-w_log10.o) (__ieee754_log10)
c:/users/user/mentorgraphics/sourcery_codebench_lite_for_arm_eabi/bin/../lib/gcc/arm-none-eabi/4.8.3/../../../../arm-none-eabi/lib/thumb2\libm.a(lib_a-e_pow.o)
                              c:/users/user/mentorgraphics/sourcery_codebench_lite_for_arm_eabi/bin/../lib/gcc/arm-none-eabi/4.8.3/../../../../arm-none-eabi/lib/thumb2\libm.a(lib_a-w_pow.o) (__ieee754_pow)
c:/users/user/mentorgraphics/sourcery_codebench_lite_for_arm_eabi/bin/../lib/gcc/arm-none-eabi/4.8.3/../../../../arm-none-eabi/lib/thumb2\libm.a(lib_a-e_sqrt.o)
                              c:/users/user/mentorgraphics/sourcery_codebench_lite_for_arm_eabi/bin/../lib/gcc/arm-none-eabi/4.8.3/../../../../arm-none-eabi/lib/thumb2\libm.a(lib_a-w_sqrt.o) (__ieee754_sqrt)
c:/users/user/mentorgraphics/sourcery_codebench_lite_for_arm_eabi/bin/../lib/gcc/arm-none-eabi/4.8.3/../../../../arm-none-eabi/lib/thumb2\libm.a(lib_a-ef_pow.o)
                              c:/users/user/mentorgraphics/sourcery_codebench_lite_for_arm_eabi/bin/../lib/gcc/arm-none-eabi/4.8.3/../../../../arm-none-eabi/lib/thumb2\libm.a(lib_a-wf_pow.o) (__ieee754_powf)
c:/users/user/mentorgraphics/sourcery_codebench_lite_for_arm_eabi/bin/../lib/gcc/arm-none-eabi/4.8.3/../../../../arm-none-eabi/lib/thumb2\libm.a(lib_a-ef_sqrt.o)
                              c:/users/user/mentorgraphics/sourcery_codebench_lite_for_arm_eabi/bin/../lib/gcc/arm-none-eabi/4.8.3/../../../../arm-none-eabi/lib/thumb2\libm.a(lib_a-ef_pow.o) (__ieee754_sqrtf)
c:/users/user/mentorgraphics/sourcery_codebench_lite_for_arm_eabi/bin/../lib/gcc/arm-none-eabi/4.8.3/../../../../arm-none-eabi/lib/thumb2\libm.a(lib_a-s_fabs.o)
                              c:/users/user/mentorgraphics/sourcery_codebench_lite_for_arm_eabi/bin/../lib/gcc/arm-none-eabi/4.8.3/../../../../arm-none-eabi/lib/thumb2\libm.a(lib_a-e_pow.o) (fabs)
c:/users/user/mentorgraphics/sourcery_codebench_lite_for_arm_eabi/bin/../lib/gcc/arm-none-eabi/4.8.3/../../../../arm-none-eabi/lib/thumb2\libm.a(lib_a-s_finite.o)
                              c:/users/user/mentorgraphics/sourcery_codebench_lite_for_arm_eabi/bin/../lib/gcc/arm-none-eabi/4.8.3/../../../../arm-none-eabi/lib/thumb2\libm.a(lib_a-w_pow.o) (finite)
[...]
Memory Configuration

Name             Origin             Length             Attributes
FLASH            0x08000000         0x00040000         xr
RAM              0x20000000         0x00010000         xrw
MEMORY_B1        0x60000000         0x00000000         xr
*default*        0x00000000         0xffffffff

Linker script and memory map

LOAD c:/users/user/mentorgraphics/sourcery_codebench_lite_for_arm_eabi/bin/../lib/gcc/arm-none-eabi/4.8.3/thumb2/crti.o
LOAD c:/users/user/mentorgraphics/sourcery_codebench_lite_for_arm_eabi/bin/../lib/gcc/arm-none-eabi/4.8.3/thumb2/crtbegin.o
LOAD ./src/usb/usb.o
LOAD ./src/usb/usb_bsp_evk.o
LOAD ./src/usb/usbd_cdc_vcp.o
LOAD ./src/usb/usbd_desc.o
LOAD ./src/usb/usbd_usr.o
LOAD ./src/sys/syscalls.o
LOAD ./src/sys/unistd.o
LOAD ./src/platform/deca_mutex.o
LOAD ./src/platform/deca_spi.o
LOAD ./src/platform/dma_spi.o
LOAD ./src/platform/port.o
LOAD ./src/platform/stm32f10x_it.o
LOAD ./src/decadriver/deca_device.o
LOAD ./src/decadriver/deca_params_init.o
LOAD ./src/decadriver/deca_range_tables.o
LOAD ./src/application/instance.o
LOAD ./src/application/instance_calib.o
LOAD ./src/application/instance_common.o
LOAD ./src/application/instance_fast2wr_a.o
LOAD ./src/application/instance_fast2wr_c.o
LOAD ./src/application/instance_fast2wr_t.o
LOAD ./src/application/main.o
LOAD ./Libraries/STM32_USB_OTG_Driver/src/usb_core.o
LOAD ./Libraries/STM32_USB_OTG_Driver/src/usb_dcd.o
LOAD ./Libraries/STM32_USB_OTG_Driver/src/usb_dcd_int.o
LOAD ./Libraries/STM32_USB_OTG_Driver/src/usb_hcd.o
LOAD ./Libraries/STM32_USB_OTG_Driver/src/usb_hcd_int.o
LOAD ./Libraries/STM32_USB_Device_Library/Core/src/usbd_core.o
LOAD ./Libraries/STM32_USB_Device_Library/Core/src/usbd_ioreq.o
LOAD ./Libraries/STM32_USB_Device_Library/Core/src/usbd_req.o
LOAD ./Libraries/STM32_USB_Device_Library/Class/cdc/src/usbd_cdc_core.o
LOAD ./Libraries/STM32_USB_Device_Library/Class/cdc/src/usbd_cdc_if_template.o
LOAD ./Libraries/STM32F10x_StdPeriph_Driver/src/misc.o
LOAD ./Libraries/STM32F10x_StdPeriph_Driver/src/stm32f10x_adc.o
LOAD ./Libraries/STM32F10x_StdPeriph_Driver/src/stm32f10x_bkp.o
LOAD ./Libraries/STM32F10x_StdPeriph_Driver/src/stm32f10x_can.o
LOAD ./Libraries/STM32F10x_StdPeriph_Driver/src/stm32f10x_cec.o
LOAD ./Libraries/STM32F10x_StdPeriph_Driver/src/stm32f10x_crc.o
LOAD ./Libraries/STM32F10x_StdPeriph_Driver/src/stm32f10x_dac.o
LOAD ./Libraries/STM32F10x_StdPeriph_Driver/src/stm32f10x_dbgmcu.o
LOAD ./Libraries/STM32F10x_StdPeriph_Driver/src/stm32f10x_dma.o
LOAD ./Libraries/STM32F10x_StdPeriph_Driver/src/stm32f10x_exti.o
LOAD ./Libraries/STM32F10x_StdPeriph_Driver/src/stm32f10x_flash.o
LOAD ./Libraries/STM32F10x_StdPeriph_Driver/src/stm32f10x_fsmc.o
LOAD ./Libraries/STM32F10x_StdPeriph_Driver/src/stm32f10x_gpio.o
LOAD ./Libraries/STM32F10x_StdPeriph_Driver/src/stm32f10x_i2c.o
LOAD ./Libraries/STM32F10x_StdPeriph_Driver/src/stm32f10x_iwdg.o
LOAD ./Libraries/STM32F10x_StdPeriph_Driver/src/stm32f10x_pwr.o
LOAD ./Libraries/STM32F10x_StdPeriph_Driver/src/stm32f10x_rcc.o
LOAD ./Libraries/STM32F10x_StdPeriph_Driver/src/stm32f10x_rtc.o
LOAD ./Libraries/STM32F10x_StdPeriph_Driver/src/stm32f10x_sdio.o
LOAD ./Libraries/STM32F10x_StdPeriph_Driver/src/stm32f10x_spi.o
LOAD ./Libraries/STM32F10x_StdPeriph_Driver/src/stm32f10x_tim.o
LOAD ./Libraries/STM32F10x_StdPeriph_Driver/src/stm32f10x_usart.o
LOAD ./Libraries/STM32F10x_StdPeriph_Driver/src/stm32f10x_wwdg.o
LOAD ./Libraries/CMSIS/CM3/DeviceSupport/ST/STM32F10x/startup/startup_stm32f10x_cl.o
LOAD ./Libraries/CMSIS/CM3/DeviceSupport/ST/STM32F10x/system_stm32f10x.o
LOAD ./Libraries/CMSIS/CM3/CoreSupport/core_cm3.o
LOAD C:\Users\user\MovedFromM07\Decawave-Complete\Deca\Libraries\libarm_cortexM3l_math.a
LOAD c:/users/user/mentorgraphics/sourcery_codebench_lite_for_arm_eabi/bin/../lib/gcc/arm-none-eabi/4.8.3/../../../../arm-none-eabi/lib/thumb2\libm.a
START GROUP
LOAD c:/users/user/mentorgraphics/sourcery_codebench_lite_for_arm_eabi/bin/../lib/gcc/arm-none-eabi/4.8.3/thumb2\libgcc.a
LOAD c:/users/user/mentorgraphics/sourcery_codebench_lite_for_arm_eabi/bin/../lib/gcc/arm-none-eabi/4.8.3/../../../../arm-none-eabi/lib/thumb2\libc.a
END GROUP
LOAD c:/users/user/mentorgraphics/sourcery_codebench_lite_for_arm_eabi/bin/../lib/gcc/arm-none-eabi/4.8.3/thumb2/crtend.o
LOAD c:/users/user/mentorgraphics/sourcery_codebench_lite_for_arm_eabi/bin/../lib/gcc/arm-none-eabi/4.8.3/thumb2/crtn.o
                0x20010000                _estack = 0x20010000
                0x00000400                _Min_Heap_Size = 0x400
                0x00000400                _Min_Stack_Size = 0x400

.isr_vector     0x08000000      0x1e4
                0x08000000                . = ALIGN (0x4)
 *(.isr_vector)
 .isr_vector    0x08000000      0x1e4 ./Libraries/CMSIS/CM3/DeviceSupport/ST/STM32F10x/startup/startup_stm32f10x_cl.o
                0x08000000                g_pfnVectors
                0x080001e4                . = ALIGN (0x4)

.text           0x080001e8    0x14efc
                0x080001e8                . = ALIGN (0x4)
 *(.text)
 .text          0x080001e8       0xc8 c:/users/user/mentorgraphics/sourcery_codebench_lite_for_arm_eabi/bin/../lib/gcc/arm-none-eabi/4.8.3/thumb2/crtbegin.o
 .text          0x080002b0      0x120 c:/users/user/mentorgraphics/sourcery_codebench_lite_for_arm_eabi/bin/../lib/gcc/arm-none-eabi/4.8.3/../../../../arm-none-eabi/lib/thumb2\libm.a(lib_a-s_ceil.o)
                0x080002b0                ceil
 .text          0x080003d0      0x338 c:/users/user/mentorgraphics/sourcery_codebench_lite_for_arm_eabi/bin/../lib/gcc/arm-none-eabi/4.8.3/../../../../arm-none-eabi/lib/thumb2\libm.a(lib_a-w_pow.o)
                0x080003d0                pow
 .text          0x08000708      0xb68 c:/users/user/mentorgraphics/sourcery_codebench_lite_for_arm_eabi/bin/../lib/gcc/arm-none-eabi/4.8.3/../../../../arm-none-eabi/lib/thumb2\libm.a(lib_a-e_pow.o)
                0x08000708                __ieee754_pow
 .text          0x08001270      0x17c c:/users/user/mentorgraphics/sourcery_codebench_lite_for_arm_eabi/bin/../lib/gcc/arm-none-eabi/4.8.3/../../../../arm-none-eabi/lib/thumb2\libm.a(lib_a-e_sqrt.o)
                0x08001270                __ieee754_sqrt
 .text          0x080013ec        0x8 c:/users/user/mentorgraphics/sourcery_codebench_lite_for_arm_eabi/bin/../lib/gcc/arm-none-eabi/4.8.3/../../../../arm-none-eabi/lib/thumb2\libm.a(lib_a-s_fabs.o)
                0x080013ec                fabs
 .text          0x080013f4        0xc c:/users/user/mentorgraphics/sourcery_codebench_lite_for_arm_eabi/bin/../lib/gcc/arm-none-eabi/4.8.3/../../../../arm-none-eabi/lib/thumb2\libm.a(lib_a-s_finite.o)
                0x080013f4                finite
 .text          0x08001400       0x50 c:/users/user/mentorgraphics/sourcery_codebench_lite_for_arm_eabi/bin/../lib/gcc/arm-none-eabi/4.8.3/../../../../arm-none-eabi/lib/thumb2\libm.a(lib_a-s_fpclassify.o)
                0x08001400                __fpclassifyd
 .text          0x08001450        0x4 c:/users/user/mentorgraphics/sourcery_codebench_lite_for_arm_eabi/bin/../lib/gcc/arm-none-eabi/4.8.3/../../../../arm-none-eabi/lib/thumb2\libm.a(lib_a-s_matherr.o)
                0x08001450                matherr
 .text          0x08001454        0xc c:/users/user/mentorgraphics/sourcery_codebench_lite_for_arm_eabi/bin/../lib/gcc/arm-none-eabi/4.8.3/../../../../arm-none-eabi/lib/thumb2\libm.a(lib_a-s_nan.o)
                0x08001454                nan
 .text          0x08001460      0x120 c:/users/user/mentorgraphics/sourcery_codebench_lite_for_arm_eabi/bin/../lib/gcc/arm-none-eabi/4.8.3/../../../../arm-none-eabi/lib/thumb2\libm.a(lib_a-s_rint.o)
                0x08001460                rint
 .text          0x08001580      0x118 c:/users/user/mentorgraphics/sourcery_codebench_lite_for_arm_eabi/bin/../lib/gcc/arm-none-eabi/4.8.3/../../../../arm-none-eabi/lib/thumb2\libm.a(lib_a-s_scalbn.o)
                0x08001580                scalbn
 .text          0x08001698       0x14 c:/users/user/mentorgraphics/sourcery_codebench_lite_for_arm_eabi/bin/../lib/gcc/arm-none-eabi/4.8.3/../../../../arm-none-eabi/lib/thumb2\libm.a(lib_a-s_copysign.o)
                0x08001698                copysign
 .text          0x080016ac      0x370 c:/users/user/mentorgraphics/sourcery_codebench_lite_for_arm_eabi/bin/../lib/gcc/arm-none-eabi/4.8.3/thumb2\libgcc.a(_arm_addsubdf3.o)
                0x080016ac                __aeabi_drsub
                0x080016b4                __aeabi_dsub
                0x080016b4                __subdf3
                0x080016b8                __aeabi_dadd
                0x080016b8                __adddf3
                0x08001930                __floatunsidf
                0x08001930                __aeabi_ui2d
                0x08001950                __floatsidf
                0x08001950                __aeabi_i2d
                0x08001974                __aeabi_f2d
                0x08001974                __extendsfdf2
                0x080019b0                __floatundidf
                0x080019b0                __aeabi_ul2d
                0x080019c0                __floatdidf
                0x080019c0                __aeabi_l2d
 .text          0x08001a1c      0x424 c:/users/user/mentorgraphics/sourcery_codebench_lite_for_arm_eabi/bin/../lib/gcc/arm-none-eabi/4.8.3/thumb2\libgcc.a(_arm_muldivdf3.o)
                0x08001a1c                __aeabi_dmul
                0x08001a1c                __muldf3
                0x08001c70                __divdf3
                0x08001c70                __aeabi_ddiv
 .text          0x08001e40      0x110 c:/users/user/mentorgraphics/sourcery_codebench_lite_for_arm_eabi/bin/../lib/gcc/arm-none-eabi/4.8.3/thumb2\libgcc.a(_arm_cmpdf2.o)
                0x08001e40                __gtdf2
                0x08001e40                __gedf2
                0x08001e48                __ltdf2
                0x08001e48                __ledf2
                0x08001e50                __nedf2
                0x08001e50                __eqdf2
                0x08001e50                __cmpdf2
                0x08001ecc                __aeabi_cdrcmple
                0x08001edc                __aeabi_cdcmpeq
                0x08001edc                __aeabi_cdcmple
                0x08001eec                __aeabi_dcmpeq
                0x08001f00                __aeabi_dcmplt
                0x08001f14                __aeabi_dcmple
                0x08001f28                __aeabi_dcmpge
                0x08001f3c                __aeabi_dcmpgt
 .text          0x08001f50       0x50 c:/users/user/mentorgraphics/sourcery_codebench_lite_for_arm_eabi/bin/../lib/gcc/arm-none-eabi/4.8.3/thumb2\libgcc.a(_arm_fixdfsi.o)
                0x08001f50                __aeabi_d2iz
                0x08001f50                __fixdfsi
 .text          0x08001fa0       0x40 c:/users/user/mentorgraphics/sourcery_codebench_lite_for_arm_eabi/bin/../lib/gcc/arm-none-eabi/4.8.3/thumb2\libgcc.a(_arm_fixunsdfsi.o)
                0x08001fa0                __aeabi_d2uiz
                0x08001fa0                __fixunsdfsi
 .text          0x08001fe0       0xa0 c:/users/user/mentorgraphics/sourcery_codebench_lite_for_arm_eabi/bin/../lib/gcc/arm-none-eabi/4.8.3/thumb2\libgcc.a(_arm_truncdfsf2.o)
                0x08001fe0                __truncdfsf2
                0x08001fe0                __aeabi_d2f
 .text          0x08002080      0x21c c:/users/user/mentorgraphics/sourcery_codebench_lite_for_arm_eabi/bin/../lib/gcc/arm-none-eabi/4.8.3/thumb2\libgcc.a(_arm_addsubsf3.o)
                0x08002080                __aeabi_frsub
                0x08002088                __subsf3
                0x08002088                __aeabi_fsub
                0x0800208c                __aeabi_fadd
                0x0800208c                __addsf3
                0x080021ec                __aeabi_ui2f
                0x080021ec                __floatunsisf
                0x080021f4                __aeabi_i2f
                0x080021f4                __floatsisf
                0x08002210                __aeabi_ul2f
                0x08002210                __floatundisf
                0x08002220                __aeabi_l2f
                0x08002220                __floatdisf
 .text          0x0800229c      0x2a0 c:/users/user/mentorgraphics/sourcery_codebench_lite_for_arm_eabi/bin/../lib/gcc/arm-none-eabi/4.8.3/thumb2\libgcc.a(_arm_muldivsf3.o)
                0x0800229c                __mulsf3
                0x0800229c                __aeabi_fmul
                0x08002404                __aeabi_fdiv
                0x08002404                __divsf3
 .text          0x0800253c       0x44 c:/users/user/mentorgraphics/sourcery_codebench_lite_for_arm_eabi/bin/../lib/gcc/arm-none-eabi/4.8.3/thumb2\libgcc.a(_fixunsdfdi.o)
                0x0800253c                __fixunsdfdi
                0x0800253c                __aeabi_d2ulz
 .text          0x08002580       0x2c c:/users/user/mentorgraphics/sourcery_codebench_lite_for_arm_eabi/bin/../lib/gcc/arm-none-eabi/4.8.3/../../../../arm-none-eabi/lib/thumb2\libc.a(lib_a-clock.o)
                0x08002580                clock
 .text          0x080025ac        0xc c:/users/user/mentorgraphics/sourcery_codebench_lite_for_arm_eabi/bin/../lib/gcc/arm-none-eabi/4.8.3/../../../../arm-none-eabi/lib/thumb2\libc.a(lib_a-errno.o)
                0x080025ac                __errno
 .text          0x080025b8       0x5c c:/users/user/mentorgraphics/sourcery_codebench_lite_for_arm_eabi/bin/../lib/gcc/arm-none-eabi/4.8.3/../../../../arm-none-eabi/lib/thumb2\libc.a(lib_a-init.o)
                0x080025b8                __libc_init_array
 .text          0x08002614       0x64 c:/users/user/mentorgraphics/sourcery_codebench_lite_for_arm_eabi/bin/../lib/gcc/arm-none-eabi/4.8.3/../../../../arm-none-eabi/lib/thumb2\libc.a(lib_a-memcmp.o)
                0x08002614                memcmp
 .text          0x08002678       0xa8 c:/users/user/mentorgraphics/sourcery_codebench_lite_for_arm_eabi/bin/../lib/gcc/arm-none-eabi/4.8.3/../../../../arm-none-eabi/lib/thumb2\libc.a(lib_a-memcpy-stub.o)
                0x08002678                memcpy
 .text          0x08002720       0xa0 c:/users/user/mentorgraphics/sourcery_codebench_lite_for_arm_eabi/bin/../lib/gcc/arm-none-eabi/4.8.3/../../../../arm-none-eabi/lib/thumb2\libc.a(lib_a-memset.o)
                0x08002720                memset
 .text          0x080027c0       0x94 c:/users/user/mentorgraphics/sourcery_codebench_lite_for_arm_eabi/bin/../lib/gcc/arm-none-eabi/4.8.3/../../../../arm-none-eabi/lib/thumb2\libc.a(lib_a-sprintf.o)
                0x080027c0                _sprintf_r
                0x08002804                sprintf
 .text          0x08002854       0x60 c:/users/user/mentorgraphics/sourcery_codebench_lite_for_arm_eabi/bin/../lib/gcc/arm-none-eabi/4.8.3/../../../../arm-none-eabi/lib/thumb2\libc.a(lib_a-strlen.o)
                0x08002854                strlen
 .text          0x080028b4     0x14b4 c:/users/user/mentorgraphics/sourcery_codebench_lite_for_arm_eabi/bin/../lib/gcc/arm-none-eabi/4.8.3/../../../../arm-none-eabi/lib/thumb2\libc.a(lib_a-svfprintf.o)
                0x080028b4                _svfprintf_r
 .text          0x08003d68     0x10d8 c:/users/user/mentorgraphics/sourcery_codebench_lite_for_arm_eabi/bin/../lib/gcc/arm-none-eabi/4.8.3/../../../../arm-none-eabi/lib/thumb2\libc.a(lib_a-dtoa.o)
                0x08003eb4                _dtoa_r
 .text          0x08004e40      0x23c c:/users/user/mentorgraphics/sourcery_codebench_lite_for_arm_eabi/bin/../lib/gcc/arm-none-eabi/4.8.3/../../../../arm-none-eabi/lib/thumb2\libc.a(lib_a-freer.o)
                0x08004e40                _malloc_trim_r
                0x08004ee4                _free_r
 .text          0x0800507c       0x9c c:/users/user/mentorgraphics/sourcery_codebench_lite_for_arm_eabi/bin/../lib/gcc/arm-none-eabi/4.8.3/../../../../arm-none-eabi/lib/thumb2\libc.a(lib_a-locale.o)
                0x0800507c                _setlocale_r
                0x080050d0                __locale_charset
                0x080050dc                __locale_mb_cur_max
                0x080050e8                __locale_msgcharset
                0x080050f0                __locale_cjk_lang
                0x080050f4                _localeconv_r
                0x080050fc                setlocale
                0x08005110                localeconv
 .text          0x08005118       0x20 c:/users/user/mentorgraphics/sourcery_codebench_lite_for_arm_eabi/bin/../lib/gcc/arm-none-eabi/4.8.3/../../../../arm-none-eabi/lib/thumb2\libc.a(lib_a-malloc.o)
                0x08005118                malloc
                0x08005128                free
 .text          0x08005138      0x570 c:/users/user/mentorgraphics/sourcery_codebench_lite_for_arm_eabi/bin/../lib/gcc/arm-none-eabi/4.8.3/../../../../arm-none-eabi/lib/thumb2\libc.a(lib_a-mallocr.o)
                0x08005138                _malloc_r
 .text          0x080056a8       0x90 c:/users/user/mentorgraphics/sourcery_codebench_lite_for_arm_eabi/bin/../lib/gcc/arm-none-eabi/4.8.3/../../../../arm-none-eabi/lib/thumb2\libc.a(lib_a-memchr-stub.o)
                0x080056a8                memchr
 .text          0x08005738       0xd0 c:/users/user/mentorgraphics/sourcery_codebench_lite_for_arm_eabi/bin/../lib/gcc/arm-none-eabi/4.8.3/../../../../arm-none-eabi/lib/thumb2\libc.a(lib_a-memmove.o)
                0x08005738                memmove
 .text          0x08005808        0x8 c:/users/user/mentorgraphics/sourcery_codebench_lite_for_arm_eabi/bin/../lib/gcc/arm-none-eabi/4.8.3/../../../../arm-none-eabi/lib/thumb2\libc.a(lib_a-mlock.o)
                0x08005808                __malloc_lock
                0x0800580c                __malloc_unlock
 .text          0x08005810      0x938 c:/users/user/mentorgraphics/sourcery_codebench_lite_for_arm_eabi/bin/../lib/gcc/arm-none-eabi/4.8.3/../../../../arm-none-eabi/lib/thumb2\libc.a(lib_a-mprec.o)
                0x08005810                _Balloc
                0x0800587c                _Bfree
                0x080058b4                __multadd
                0x08005940                __s2b
                0x080059d8                __hi0bits
                0x08005a14                __lo0bits
                0x08005a6c                __i2b
                0x08005a80                __multiply
                0x08005bc0                __pow5mult
                0x08005c78                __lshift
                0x08005d30                __mcmp
                0x08005d74                __mdiff
                0x08005e60                __ulp
                0x08005ea4                __b2d
                0x08005f50                __d2b
                0x0800600c                __ratio
                0x0800606c                _mprec_log10
                0x080060a0                __copybits
                0x080060e8                __any_on
 .text          0x08006148      0x3ec c:/users/user/mentorgraphics/sourcery_codebench_lite_for_arm_eabi/bin/../lib/gcc/arm-none-eabi/4.8.3/../../../../arm-none-eabi/lib/thumb2\libc.a(lib_a-reallocr.o)
                0x08006148                _realloc_r
 .text          0x08006534       0x28 c:/users/user/mentorgraphics/sourcery_codebench_lite_for_arm_eabi/bin/../lib/gcc/arm-none-eabi/4.8.3/../../../../arm-none-eabi/lib/thumb2\libc.a(lib_a-sbrkr.o)
                0x08006534                _sbrk_r
 .text          0x0800655c      0x23c c:/users/user/mentorgraphics/sourcery_codebench_lite_for_arm_eabi/bin/../lib/gcc/arm-none-eabi/4.8.3/../../../../arm-none-eabi/lib/thumb2\libc.a(lib_a-strcmp.o)
                0x0800655c                strcmp
 .text          0x08006798      0xbe0 c:/users/user/mentorgraphics/sourcery_codebench_lite_for_arm_eabi/bin/../lib/gcc/arm-none-eabi/4.8.3/../../../../arm-none-eabi/lib/thumb2\libc.a(lib_a-svfiprintf.o)
                0x08006798                __ssprint_r
                0x0800689c                _svfiprintf_r
 .text          0x08007378       0x64 c:/users/user/mentorgraphics/sourcery_codebench_lite_for_arm_eabi/bin/../lib/gcc/arm-none-eabi/4.8.3/../../../../arm-none-eabi/lib/thumb2\libc.a(lib_a-callocr.o)
                0x08007378                _calloc_r
 *fill*         0x080073dc        0x4 
 .text          0x080073e0      0x278 c:/users/user/mentorgraphics/sourcery_codebench_lite_for_arm_eabi/bin/../lib/gcc/arm-none-eabi/4.8.3/thumb2\libgcc.a(_udivsi3.o)
                0x080073e0                __aeabi_uidiv
                0x080073e0                __udivsi3
                0x0800763c                __aeabi_uidivmod
 .text          0x08007658        0x4 c:/users/user/mentorgraphics/sourcery_codebench_lite_for_arm_eabi/bin/../lib/gcc/arm-none-eabi/4.8.3/thumb2\libgcc.a(_dvmd_tls.o)
                0x08007658                __aeabi_idiv0
                0x08007658                __aeabi_ldiv0
 .text          0x0800765c       0x2c c:/users/user/mentorgraphics/sourcery_codebench_lite_for_arm_eabi/bin/../lib/gcc/arm-none-eabi/4.8.3/thumb2\libgcc.a(_aeabi_uldivmod.o)
                0x0800765c                __aeabi_uldivmod
 .text          0x08007688       0x60 c:/users/user/mentorgraphics/sourcery_codebench_lite_for_arm_eabi/bin/../lib/gcc/arm-none-eabi/4.8.3/thumb2\libgcc.a(bpabi.o)
                0x08007688                __gnu_ldivmod_helper
                0x080076b8                __gnu_uldivmod_helper
 .text          0x080076e8      0x354 c:/users/user/mentorgraphics/sourcery_codebench_lite_for_arm_eabi/bin/../lib/gcc/arm-none-eabi/4.8.3/thumb2\libgcc.a(_divdi3.o)
                0x080076e8                __divdi3
 .text          0x08007a3c      0x300 c:/users/user/mentorgraphics/sourcery_codebench_lite_for_arm_eabi/bin/../lib/gcc/arm-none-eabi/4.8.3/thumb2\libgcc.a(_udivdi3.o)
                0x08007a3c                __udivdi3
 *(.text*)
 .text.configSPIspeed
                0x08007d3c       0x40 ./src/usb/usb.o
                0x08007d3c                configSPIspeed
 .text.process_usbmessage
                0x08007d7c      0x2dc ./src/usb/usb.o
                0x08007d7c                process_usbmessage
 .text.send_usbmessage
                0x08008058       0x4c ./src/usb/usb.o
                0x08008058                send_usbmessage
 .text.usb_printconfig
                0x080080a4       0x10 ./src/usb/usb.o
                0x080080a4                usb_printconfig
 .text.usb_init
                0x080080b4       0x90 ./src/usb/usb.o
                0x080080b4                usb_init
 .text.usb_run  0x08008144       0x98 ./src/usb/usb.o
                0x08008144                usb_run
 .text.USB_OTG_BSP_Init
                0x080081dc       0x78 ./src/usb/usb_bsp_evk.o
                0x080081dc                USB_OTG_BSP_Init
 .text.USB_OTG_BSP_EnableInterrupt
                0x08008254       0x30 ./src/usb/usb_bsp_evk.o
                0x08008254                USB_OTG_BSP_EnableInterrupt
 .text.USB_OTG_BSP_uDelay
                0x08008284       0x4c ./src/usb/usb_bsp_evk.o
                0x08008284                USB_OTG_BSP_uDelay
 .text.USB_OTG_BSP_mDelay
                0x080082d0       0x20 ./src/usb/usb_bsp_evk.o
                0x080082d0                USB_OTG_BSP_mDelay
 .text.VCP_Init
                0x080082f0       0x10 ./src/usb/usbd_cdc_vcp.o
 .text.VCP_DeInit
                0x08008300       0x10 ./src/usb/usbd_cdc_vcp.o
 .text.VCP_Ctrl
                0x08008310      0x198 ./src/usb/usbd_cdc_vcp.o
 .text.VCP_DataTx
                0x080084a8       0x80 ./src/usb/usbd_cdc_vcp.o
                0x080084a8                VCP_DataTx
 .text.VCP_DataRx
                0x08008528      0x118 ./src/usb/usbd_cdc_vcp.o
 .text.VCP_COMConfig
                0x08008640       0x18 ./src/usb/usbd_cdc_vcp.o
 .text.USBD_USR_DeviceDescriptor
                0x08008658       0x28 ./src/usb/usbd_desc.o
                0x08008658                USBD_USR_DeviceDescriptor
 .text.USBD_USR_LangIDStrDescriptor
                0x08008680       0x28 ./src/usb/usbd_desc.o
                0x08008680                USBD_USR_LangIDStrDescriptor
 .text.USBD_USR_ProductStrDescriptor
                0x080086a8       0x50 ./src/usb/usbd_desc.o
                0x080086a8                USBD_USR_ProductStrDescriptor
 .text.USBD_USR_ManufacturerStrDescriptor
                0x080086f8       0x34 ./src/usb/usbd_desc.o
                0x080086f8                USBD_USR_ManufacturerStrDescriptor
 .text.USBD_USR_SerialStrDescriptor
                0x0800872c       0x50 ./src/usb/usbd_desc.o
                0x0800872c                USBD_USR_SerialStrDescriptor
 .text.USBD_USR_ConfigStrDescriptor
                0x0800877c       0x50 ./src/usb/usbd_desc.o
                0x0800877c                USBD_USR_ConfigStrDescriptor
 .text.USBD_USR_InterfaceStrDescriptor
                0x080087cc       0x50 ./src/usb/usbd_desc.o
                0x080087cc                USBD_USR_InterfaceStrDescriptor
 .text.USBD_USR_Init
                0x0800881c        0xc ./src/usb/usbd_usr.o
                0x0800881c                USBD_USR_Init
 .text.USBD_USR_DeviceReset
                0x08008828       0x18 ./src/usb/usbd_usr.o
                0x08008828                USBD_USR_DeviceReset
 .text.USBD_USR_DeviceConfigured
                0x08008840        0xc ./src/usb/usbd_usr.o
                0x08008840                USBD_USR_DeviceConfigured
 .text.USBD_USR_DeviceSuspended
                0x0800884c        0xc ./src/usb/usbd_usr.o
                0x0800884c                USBD_USR_DeviceSuspended
 .text.USBD_USR_DeviceResumed
                0x08008858        0xc ./src/usb/usbd_usr.o
                0x08008858                USBD_USR_DeviceResumed
 .text.USBD_USR_DeviceConnected
                0x08008864       0x14 ./src/usb/usbd_usr.o
                0x08008864                USBD_USR_DeviceConnected
 .text.USBD_USR_DeviceDisconnected
                0x08008878       0x14 ./src/usb/usbd_usr.o
                0x08008878                USBD_USR_DeviceDisconnected
 .text._write   0x0800888c       0x44 ./src/sys/syscalls.o
                0x0800888c                _write
 .text._sbrk    0x080088d0       0x98 ./src/sys/syscalls.o
                0x080088d0                _sbrk
 .text._times_r
                0x08008968       0x3c ./src/sys/syscalls.o
                0x08008968                _times_r
 .text.usleep   0x080089a4       0x3c ./src/sys/unistd.o
                0x080089a4                usleep
 .text.NVIC_EnableIRQ
                0x080089e0       0x34 ./src/platform/deca_mutex.o
 .text.NVIC_DisableIRQ
                0x08008a14       0x34 ./src/platform/deca_mutex.o
 .text.NVIC_GetPendingIRQ
                0x08008a48       0x44 ./src/platform/deca_mutex.o
 .text.decamutexon
                0x08008a8c       0x28 ./src/platform/deca_mutex.o
                0x08008a8c                decamutexon
 .text.decamutexoff
                0x08008ab4       0x1c ./src/platform/deca_mutex.o
                0x08008ab4                decamutexoff
 .text.writetospi_serial
                0x08008ad0       0x94 ./src/platform/deca_spi.o
                0x08008ad0                writetospi_serial
 .text.readfromspi_serial
                0x08008b64       0x98 ./src/platform/deca_spi.o
                0x08008b64                readfromspi_serial
 .text.writetoLCD
                0x08008bfc       0xcc ./src/platform/deca_spi.o
                0x08008bfc                writetoLCD
 .text.NVIC_SetPriority
                0x08008cc8       0x58 ./src/platform/port.o
 .text.SysTick_Config
                0x08008d20       0x54 ./src/platform/port.o
 .text.No_Configuration
                0x08008d74       0x14 ./src/platform/port.o
                0x08008d74                No_Configuration
 .text.portGetTickCnt
                0x08008d88       0x18 ./src/platform/port.o
                0x08008d88                portGetTickCnt
 .text.SysTick_Configuration
                0x08008da0       0x3c ./src/platform/port.o
                0x08008da0                SysTick_Configuration
 .text.NVIC_DisableDECAIRQ
                0x08008ddc       0x28 ./src/platform/port.o
                0x08008ddc                NVIC_DisableDECAIRQ
 .text.NVIC_Configuration
                0x08008e04       0x6c ./src/platform/port.o
                0x08008e04                NVIC_Configuration
 .text.RCC_Configuration
                0x08008e70       0xd4 ./src/platform/port.o
                0x08008e70                RCC_Configuration
 .text.USART_Configuration
                0x08008f44       0x10 ./src/platform/port.o
                0x08008f44                USART_Configuration
 .text.SPI_ConfigFastRate
                0x08008f54       0x64 ./src/platform/port.o
                0x08008f54                SPI_ConfigFastRate
 .text.SPI_Configuration
                0x08008fb8       0xd0 ./src/platform/port.o
                0x08008fb8                SPI_Configuration
 .text.SPI2_Configuration
                0x08009088      0x114 ./src/platform/port.o
                0x08009088                SPI2_Configuration
 .text.GPIO_Configuration
                0x0800919c       0xe0 ./src/platform/port.o
                0x0800919c                GPIO_Configuration
 .text.reset_DW1000
                0x0800927c       0x5c ./src/platform/port.o
                0x0800927c                reset_DW1000
 .text.is_button_low
                0x080092d8       0x30 ./src/platform/port.o
                0x080092d8                is_button_low
 .text.is_switch_on
                0x08009308       0x34 ./src/platform/port.o
                0x08009308                is_switch_on
 .text.led_off  0x0800933c       0x8c ./src/platform/port.o
                0x0800933c                led_off
 .text.led_on   0x080093c8       0x8c ./src/platform/port.o
                0x080093c8                led_on
 .text.peripherals_init
                0x08009454       0x24 ./src/platform/port.o
                0x08009454                peripherals_init
 .text.spi_peripheral_init
                0x08009478       0x30 ./src/platform/port.o
                0x08009478                spi_peripheral_init
 .text.NMI_Handler
                0x080094a8        0xc ./src/platform/stm32f10x_it.o
                0x080094a8                NMI_Handler
 .text.pop_registers_from_fault_stack
                0x080094b4       0x3c ./src/platform/stm32f10x_it.o
                0x080094b4                pop_registers_from_fault_stack
 .text.HardFault_Handler
                0x080094f0       0x20 ./src/platform/stm32f10x_it.o
                0x080094f0                HardFault_Handler
 .text.MemManage_Handler
                0x08009510        0x8 ./src/platform/stm32f10x_it.o
                0x08009510                MemManage_Handler
 .text.BusFault_Handler
                0x08009518        0x8 ./src/platform/stm32f10x_it.o
                0x08009518                BusFault_Handler
 .text.UsageFault_Handler
                0x08009520        0x8 ./src/platform/stm32f10x_it.o
                0x08009520                UsageFault_Handler
 .text.SVC_Handler
                0x08009528        0xc ./src/platform/stm32f10x_it.o
                0x08009528                SVC_Handler
 .text.DebugMon_Handler
                0x08009534        0xc ./src/platform/stm32f10x_it.o
                0x08009534                DebugMon_Handler
 .text.PendSV_Handler
                0x08009540        0xc ./src/platform/stm32f10x_it.o
                0x08009540                PendSV_Handler
 .text.RTC_IRQHandler
                0x0800954c       0x1c ./src/platform/stm32f10x_it.o
                0x0800954c                RTC_IRQHandler
 .text.SysTick_Handler
                0x08009568       0x24 ./src/platform/stm32f10x_it.o
                0x08009568                SysTick_Handler
 .text.EXTI15_10_IRQHandler
                0x0800958c       0x14 ./src/platform/stm32f10x_it.o
                0x0800958c                EXTI15_10_IRQHandler
 .text.ETH_IRQHandler
                0x080095a0        0xc ./src/platform/stm32f10x_it.o
                0x080095a0                ETH_IRQHandler
 .text.ETH_WKUP_IRQHandler
                0x080095ac        0xc ./src/platform/stm32f10x_it.o
                0x080095ac                ETH_WKUP_IRQHandler
 .text.EXTI3_IRQHandler
                0x080095b8       0x10 ./src/platform/stm32f10x_it.o
                0x080095b8                EXTI3_IRQHandler
 .text.EXTI9_5_IRQHandler
                0x080095c8       0x10 ./src/platform/stm32f10x_it.o
                0x080095c8                EXTI9_5_IRQHandler
 .text.OTG_FS_WKUP_IRQHandler
                0x080095d8       0x44 ./src/platform/stm32f10x_it.o
                0x080095d8                OTG_FS_WKUP_IRQHandler
 .text.OTG_FS_IRQHandler
                0x0800961c       0x14 ./src/platform/stm32f10x_it.o
                0x0800961c                OTG_FS_IRQHandler
 .text.dwt_initialise
                0x08009630      0x1e8 ./src/decadriver/deca_device.o
                0x08009630                dwt_initialise
 .text.dwt_getpartid
                0x08009818       0x18 ./src/decadriver/deca_device.o
                0x08009818                dwt_getpartid
 .text.dwt_readdevid
                0x08009830       0x14 ./src/decadriver/deca_device.o
                0x08009830                dwt_readdevid
 .text.dwt_configuretxrf
                0x08009844       0x28 ./src/decadriver/deca_device.o
                0x08009844                dwt_configuretxrf
 .text.dwt_getotptxpower
                0x0800986c       0x40 ./src/decadriver/deca_device.o
                0x0800986c                dwt_getotptxpower
 .text.dwt_configure
                0x080098ac      0x3a8 ./src/decadriver/deca_device.o
                0x080098ac                dwt_configure
 .text.dwt_setrxantennadelay
                0x08009c54       0x34 ./src/decadriver/deca_device.o
                0x08009c54                dwt_setrxantennadelay
 .text.dwt_settxantennadelay
                0x08009c88       0x30 ./src/decadriver/deca_device.o
                0x08009c88                dwt_settxantennadelay
 .text.dwt_readantennadelay
                0x08009cb8       0x2c ./src/decadriver/deca_device.o
                0x08009cb8                dwt_readantennadelay
 .text.dwt_writetxdata
                0x08009ce4       0x20 ./src/decadriver/deca_device.o
                0x08009ce4                dwt_writetxdata
 .text.dwt_writetxfctrl
                0x08009d04       0x20 ./src/decadriver/deca_device.o
                0x08009d04                dwt_writetxfctrl
 .text.dwt_readrxdata
                0x08009d24       0x14 ./src/decadriver/deca_device.o
                0x08009d24                dwt_readrxdata
 .text.dwt_readtxtimestamp
                0x08009d38        0xc ./src/decadriver/deca_device.o
                0x08009d38                dwt_readtxtimestamp
 .text.dwt_readrxtimestamp
                0x08009d44        0xc ./src/decadriver/deca_device.o
                0x08009d44                dwt_readrxtimestamp
 .text.dwt_writetodevice
                0x08009d50       0x4c ./src/decadriver/deca_device.o
                0x08009d50                dwt_writetodevice
 .text.dwt_readfromdevice
                0x08009d9c       0x48 ./src/decadriver/deca_device.o
                0x08009d9c                dwt_readfromdevice
 .text.dwt_read32bitoffsetreg
                0x08009de4       0x44 ./src/decadriver/deca_device.o
                0x08009de4                dwt_read32bitoffsetreg
 .text.dwt_read16bitoffsetreg
                0x08009e28       0x30 ./src/decadriver/deca_device.o
                0x08009e28                dwt_read16bitoffsetreg
 .text.dwt_write16bitoffsetreg
                0x08009e58       0x20 ./src/decadriver/deca_device.o
                0x08009e58                dwt_write16bitoffsetreg
 .text.dwt_write32bitoffsetreg
                0x08009e78       0x30 ./src/decadriver/deca_device.o
                0x08009e78                dwt_write32bitoffsetreg
 .text.dwt_enableframefilter
                0x08009ea8       0x48 ./src/decadriver/deca_device.o
                0x08009ea8                dwt_enableframefilter
 .text.dwt_setpanid
                0x08009ef0        0xc ./src/decadriver/deca_device.o
                0x08009ef0                dwt_setpanid
 .text.dwt_seteui
                0x08009efc        0xc ./src/decadriver/deca_device.o
                0x08009efc                dwt_seteui
 .text.dwt_geteui
                0x08009f08        0xc ./src/decadriver/deca_device.o
                0x08009f08                dwt_geteui
 .text._dwt_otpread
                0x08009f14       0x4c ./src/decadriver/deca_device.o
                0x08009f14                _dwt_otpread
 .text._dwt_aonarrayupload
                0x08009f60       0x30 ./src/decadriver/deca_device.o
                0x08009f60                _dwt_aonarrayupload
 .text.dwt_entersleep
                0x08009f90        0x4 ./src/decadriver/deca_device.o
                0x08009f90                dwt_entersleep
 .text.dwt_configuresleep
                0x08009f94       0x24 ./src/decadriver/deca_device.o
                0x08009f94                dwt_configuresleep
 .text.dwt_entersleepaftertx
                0x08009fb8       0x24 ./src/decadriver/deca_device.o
                0x08009fb8                dwt_entersleepaftertx
 .text._dwt_configlde
                0x08009fdc       0x3c ./src/decadriver/deca_device.o
                0x08009fdc                _dwt_configlde
 .text._dwt_loaducodefromrom
                0x0800a018       0x50 ./src/decadriver/deca_device.o
                0x0800a018                _dwt_loaducodefromrom
 .text.dwt_setsmarttxpower
                0x0800a068       0x3c ./src/decadriver/deca_device.o
                0x0800a068                dwt_setsmarttxpower
 .text.dwt_enableautoack
                0x0800a0a4       0x2c ./src/decadriver/deca_device.o
                0x0800a0a4                dwt_enableautoack
 .text.dwt_setdblrxbuffmode
                0x0800a0d0       0x34 ./src/decadriver/deca_device.o
                0x0800a0d0                dwt_setdblrxbuffmode
 .text.dwt_setautorxreenable
                0x0800a104       0x3c ./src/decadriver/deca_device.o
                0x0800a104                dwt_setautorxreenable
 .text.dwt_setrxaftertxdelay
                0x0800a140       0x24 ./src/decadriver/deca_device.o
                0x0800a140                dwt_setrxaftertxdelay
 .text.dwt_setcallbacks
                0x0800a164       0x10 ./src/decadriver/deca_device.o
                0x0800a164                dwt_setcallbacks
 .text.dwt_isr  0x0800a174      0x270 ./src/decadriver/deca_device.o
                0x0800a174                dwt_isr
 .text.dwt_setleds
                0x0800a3e4       0xc8 ./src/decadriver/deca_device.o
                0x0800a3e4                dwt_setleds
 .text._dwt_enableclocks
                0x0800a4ac       0xe4 ./src/decadriver/deca_device.o
                0x0800a4ac                _dwt_enableclocks
 .text._dwt_disablesequencing
                0x0800a590       0x18 ./src/decadriver/deca_device.o
                0x0800a590                _dwt_disablesequencing
 .text.dwt_setdelayedtrxtime
                0x0800a5a8        0xc ./src/decadriver/deca_device.o
                0x0800a5a8                dwt_setdelayedtrxtime
 .text.dwt_starttx
                0x0800a5b4       0x9c ./src/decadriver/deca_device.o
                0x0800a5b4                dwt_starttx
 .text.dwt_checkoverrun
                0x0800a650       0x10 ./src/decadriver/deca_device.o
                0x0800a650                dwt_checkoverrun
 .text.dwt_forcetrxoff
                0x0800a660       0x68 ./src/decadriver/deca_device.o
                0x0800a660                dwt_forcetrxoff
 .text.dwt_syncrxbufptrs
                0x0800a6c8       0x38 ./src/decadriver/deca_device.o
                0x0800a6c8                dwt_syncrxbufptrs
 .text.dwt_rxenable
                0x0800a700       0x64 ./src/decadriver/deca_device.o
                0x0800a700                dwt_rxenable
 .text.dwt_setrxtimeout
                0x0800a764       0x64 ./src/decadriver/deca_device.o
                0x0800a764                dwt_setrxtimeout
 .text.dwt_setinterrupt
                0x0800a7c8       0x30 ./src/decadriver/deca_device.o
                0x0800a7c8                dwt_setinterrupt
 .text.dwt_configeventcounters
                0x0800a7f8       0x34 ./src/decadriver/deca_device.o
                0x0800a7f8                dwt_configeventcounters
 .text.dwt_rxreset
                0x0800a82c       0x30 ./src/decadriver/deca_device.o
                0x0800a82c                dwt_rxreset
 .text.dwt_softreset
                0x0800a85c       0x80 ./src/decadriver/deca_device.o
                0x0800a85c                dwt_softreset
 .text.dwt_xtaltrim
                0x0800a8dc       0x38 ./src/decadriver/deca_device.o
                0x0800a8dc                dwt_xtaltrim
 *fill*         0x0800a914        0x4 
 .text.dwt_getrangebias
                0x0800a918      0x1b0 ./src/decadriver/deca_range_tables.o
                0x0800a918                dwt_getrangebias
 .text.instanceconfigframeheader
                0x0800aac8       0x7c ./src/application/instance.o
                0x0800aac8                instanceconfigframeheader
 .text.destaddress
                0x0800ab44       0xb8 ./src/application/instance.o
                0x0800ab44                destaddress
 .text.setupmacframedata
                0x0800abfc       0x50 ./src/application/instance.o
                0x0800abfc                setupmacframedata
 .text.instancerxon
                0x0800ac4c       0x48 ./src/application/instance.o
                0x0800ac4c                instancerxon
 .text.instancesendpacket
                0x0800ac94       0x74 ./src/application/instance.o
                0x0800ac94                instancesendpacket
 .text.testapprun_s
                0x0800ad08     0x1168 ./src/application/instance.o
                0x0800ad08                testapprun_s
 .text.instance_init_s
                0x0800be70       0xec ./src/application/instance.o
                0x0800be70                instance_init_s
 .text.instancesetblinkreplydelay
                0x0800bf5c       0x1c ./src/application/instance.o
                0x0800bf5c                instancesetblinkreplydelay
 .text.instancesetreplydelay
                0x0800bf78      0x5b8 ./src/application/instance.o
                0x0800bf78                instancesetreplydelay
 .text.instancesetreporting
                0x0800c530       0x34 ./src/application/instance.o
                0x0800c530                instancesetreporting
 .text.instancesetaddresses
                0x0800c564       0x5c ./src/application/instance.o
                0x0800c564                instancesetaddresses
 .text.instance_get_addr
                0x0800c5c0      0x1e4 ./src/application/instance.o
                0x0800c5c0                instance_get_addr
 *fill*         0x0800c7a4        0x4 
 .text.convertmicrosectodevicetimeu
                0x0800c7a8       0x60 ./src/application/instance_common.o
                0x0800c7a8                convertmicrosectodevicetimeu
 .text.convertdevicetimetosec
                0x0800c808       0x50 ./src/application/instance_common.o
                0x0800c808                convertdevicetimetosec
 .text.reportTOF
                0x0800c858      0x290 ./src/application/instance_common.o
                0x0800c858                reportTOF
 .text.instaddtagtolist
                0x0800cae8       0xb8 ./src/application/instance_common.o
                0x0800cae8                instaddtagtolist
 .text.instancesetrole
                0x0800cba0       0x20 ./src/application/instance_common.o
                0x0800cba0                instancesetrole
 .text.instanceclearcounts
                0x0800cbc0      0x1b8 ./src/application/instance_common.o
                0x0800cbc0                instanceclearcounts
 .text.instance_init
                0x0800cd78      0x1d0 ./src/application/instance_common.o
                0x0800cd78                instance_init
 .text.instancereaddeviceid
                0x0800cf48       0x10 ./src/application/instance_common.o
                0x0800cf48                instancereaddeviceid
 .text.instance_config
                0x0800cf58      0x3f4 ./src/application/instance_common.o
                0x0800cf58                instance_config
 .text.instancesettagsleepdelay
                0x0800d34c       0x4c ./src/application/instance_common.o
                0x0800d34c                instancesettagsleepdelay
 .text.inst_processrxtimeout
                0x0800d398       0x74 ./src/application/instance_common.o
                0x0800d398                inst_processrxtimeout
 .text.inst_processackmsg
                0x0800d40c       0x58 ./src/application/instance_common.o
                0x0800d40c                inst_processackmsg
 .text.instance_txcallback
                0x0800d464      0x218 ./src/application/instance_common.o
                0x0800d464                instance_txcallback
 .text.instance_rxcallback
                0x0800d67c      0x478 ./src/application/instance_common.o
                0x0800d67c                instance_rxcallback
 .text.instance_saveevent
                0x0800daf4       0x4c ./src/application/instance_common.o
                0x0800daf4                instance_saveevent
 .text.instance_getsavedevent
                0x0800db40       0x40 ./src/application/instance_common.o
                0x0800db40                instance_getsavedevent
 .text.instance_putevent
                0x0800db80      0x128 ./src/application/instance_common.o
                0x0800db80                instance_putevent
 .text.instance_getevent
                0x0800dca8      0x2a0 ./src/application/instance_common.o
                0x0800dca8                instance_getevent
 .text.instance_clearevents
                0x0800df48       0xa8 ./src/application/instance_common.o
                0x0800df48                instance_clearevents
 .text.instance_setapprun
                0x0800dff0       0x28 ./src/application/instance_common.o
                0x0800dff0                instance_setapprun
 .text.NVIC_EnableIRQ
                0x0800e018       0x34 ./src/application/main.o
 .text.NVIC_DisableIRQ
                0x0800e04c       0x34 ./src/application/main.o
 .text.addressconfigure
                0x0800e080       0x58 ./src/application/main.o
                0x0800e080                addressconfigure
 .text.decarangingmode
                0x0800e0d8       0x48 ./src/application/main.o
                0x0800e0d8                decarangingmode
 .text.inittestapplication
                0x0800e120      0x278 ./src/application/main.o
                0x0800e120                inittestapplication
 .text.process_deca_irq
                0x0800e398       0x20 ./src/application/main.o
                0x0800e398                process_deca_irq
 .text.initLCD  0x0800e3b8       0x6c ./src/application/main.o
                0x0800e3b8                initLCD
 .text.test_application_run
                0x0800e424      0x234 ./src/application/main.o
                0x0800e424                test_application_run
 .text.init     0x0800e658      0x150 ./src/application/main.o
                0x0800e658                init
 .text.I2C_Setup
                0x0800e7a8       0xb4 ./src/application/main.o
                0x0800e7a8                I2C_Setup
 .text.init_ACCEL
                0x0800e85c      0x1bc ./src/application/main.o
                0x0800e85c                init_ACCEL
 .text.test_ACCEL
                0x0800ea18      0x190 ./src/application/main.o
                0x0800ea18                test_ACCEL
 .text.Receive_ACCEL
                0x0800eba8      0x2c0 ./src/application/main.o
                0x0800eba8                Receive_ACCEL
 .text.calib    0x0800ee68      0x420 ./src/application/main.o
                0x0800ee68                calib
 .text.main     0x0800f288      0x64c ./src/application/main.o
                0x0800f288                main
 .text.USB_OTG_EnableCommonInt
                0x0800f8d4       0x44 ./Libraries/STM32_USB_OTG_Driver/src/usb_core.o
 .text.USB_OTG_CoreReset
                0x0800f918       0x94 ./Libraries/STM32_USB_OTG_Driver/src/usb_core.o
 .text.USB_OTG_WritePacket
                0x0800f9ac       0x70 ./Libraries/STM32_USB_OTG_Driver/src/usb_core.o
                0x0800f9ac                USB_OTG_WritePacket
 .text.USB_OTG_ReadPacket
                0x0800fa1c       0x5c ./Libraries/STM32_USB_OTG_Driver/src/usb_core.o
                0x0800fa1c                USB_OTG_ReadPacket
 .text.USB_OTG_SelectCore
                0x0800fa78      0x174 ./Libraries/STM32_USB_OTG_Driver/src/usb_core.o
                0x0800fa78                USB_OTG_SelectCore
 .text.USB_OTG_CoreInit
                0x0800fbec      0x13c ./Libraries/STM32_USB_OTG_Driver/src/usb_core.o
                0x0800fbec                USB_OTG_CoreInit
 .text.USB_OTG_EnableGlobalInt
                0x0800fd28       0x38 ./Libraries/STM32_USB_OTG_Driver/src/usb_core.o
                0x0800fd28                USB_OTG_EnableGlobalInt
 .text.USB_OTG_DisableGlobalInt
                0x0800fd60       0x38 ./Libraries/STM32_USB_OTG_Driver/src/usb_core.o
                0x0800fd60                USB_OTG_DisableGlobalInt
 .text.USB_OTG_FlushTxFifo
                0x0800fd98       0x74 ./Libraries/STM32_USB_OTG_Driver/src/usb_core.o
                0x0800fd98                USB_OTG_FlushTxFifo
 .text.USB_OTG_FlushRxFifo
                0x0800fe0c       0x60 ./Libraries/STM32_USB_OTG_Driver/src/usb_core.o
                0x0800fe0c                USB_OTG_FlushRxFifo
 .text.USB_OTG_SetCurrentMode
                0x0800fe6c       0x60 ./Libraries/STM32_USB_OTG_Driver/src/usb_core.o
                0x0800fe6c                USB_OTG_SetCurrentMode
 .text.USB_OTG_GetMode
                0x0800fecc       0x20 ./Libraries/STM32_USB_OTG_Driver/src/usb_core.o
                0x0800fecc                USB_OTG_GetMode
 .text.USB_OTG_IsDeviceMode
                0x0800feec       0x24 ./Libraries/STM32_USB_OTG_Driver/src/usb_core.o
                0x0800feec                USB_OTG_IsDeviceMode
 .text.USB_OTG_ReadCoreItr
                0x0800ff10       0x30 ./Libraries/STM32_USB_OTG_Driver/src/usb_core.o
                0x0800ff10                USB_OTG_ReadCoreItr
 .text.USB_OTG_InitDevSpeed
                0x0800ff40       0x38 ./Libraries/STM32_USB_OTG_Driver/src/usb_core.o
                0x0800ff40                USB_OTG_InitDevSpeed
 .text.USB_OTG_CoreInitDev
                0x0800ff78      0x27c ./Libraries/STM32_USB_OTG_Driver/src/usb_core.o
                0x0800ff78                USB_OTG_CoreInitDev
 .text.USB_OTG_EnableDevInt
                0x080101f4       0x98 ./Libraries/STM32_USB_OTG_Driver/src/usb_core.o
                0x080101f4                USB_OTG_EnableDevInt
 .text.USB_OTG_GetDeviceSpeed
                0x0801028c       0x48 ./Libraries/STM32_USB_OTG_Driver/src/usb_core.o
                0x0801028c                USB_OTG_GetDeviceSpeed
 .text.USB_OTG_EP0Activate
                0x080102d4       0x78 ./Libraries/STM32_USB_OTG_Driver/src/usb_core.o
                0x080102d4                USB_OTG_EP0Activate
 .text.USB_OTG_EPActivate
                0x0801034c       0xdc ./Libraries/STM32_USB_OTG_Driver/src/usb_core.o
                0x0801034c                USB_OTG_EPActivate
 .text.USB_OTG_EPDeactivate
                0x08010428       0x8c ./Libraries/STM32_USB_OTG_Driver/src/usb_core.o
                0x08010428                USB_OTG_EPDeactivate
 .text.USB_OTG_EPStartXfer
                0x080104b4      0x280 ./Libraries/STM32_USB_OTG_Driver/src/usb_core.o
                0x080104b4                USB_OTG_EPStartXfer
 .text.USB_OTG_EP0StartXfer
                0x08010734      0x1d4 ./Libraries/STM32_USB_OTG_Driver/src/usb_core.o
                0x08010734                USB_OTG_EP0StartXfer
 .text.USB_OTG_EPSetStall
                0x08010908       0x88 ./Libraries/STM32_USB_OTG_Driver/src/usb_core.o
                0x08010908                USB_OTG_EPSetStall
 .text.USB_OTG_EPClearStall
                0x08010990       0x78 ./Libraries/STM32_USB_OTG_Driver/src/usb_core.o
                0x08010990                USB_OTG_EPClearStall
 .text.USB_OTG_ReadDevAllOutEp_itr
                0x08010a08       0x2c ./Libraries/STM32_USB_OTG_Driver/src/usb_core.o
                0x08010a08                USB_OTG_ReadDevAllOutEp_itr
 .text.USB_OTG_ReadDevOutEP_itr
                0x08010a34       0x38 ./Libraries/STM32_USB_OTG_Driver/src/usb_core.o
                0x08010a34                USB_OTG_ReadDevOutEP_itr
 .text.USB_OTG_ReadDevAllInEPItr
                0x08010a6c       0x2c ./Libraries/STM32_USB_OTG_Driver/src/usb_core.o
                0x08010a6c                USB_OTG_ReadDevAllInEPItr
 .text.USB_OTG_EP0_OutStart
                0x08010a98       0x70 ./Libraries/STM32_USB_OTG_Driver/src/usb_core.o
                0x08010a98                USB_OTG_EP0_OutStart
 .text.USB_OTG_UngateClock
                0x08010b08       0x54 ./Libraries/STM32_USB_OTG_Driver/src/usb_core.o
                0x08010b08                USB_OTG_UngateClock
 .text.DCD_Init
                0x08010b5c      0x104 ./Libraries/STM32_USB_OTG_Driver/src/usb_dcd.o
                0x08010b5c                DCD_Init
 .text.DCD_EP_Open
                0x08010c60       0xa0 ./Libraries/STM32_USB_OTG_Driver/src/usb_dcd.o
                0x08010c60                DCD_EP_Open
 .text.DCD_EP_Close
                0x08010d00       0x74 ./Libraries/STM32_USB_OTG_Driver/src/usb_dcd.o
                0x08010d00                DCD_EP_Close
 .text.DCD_EP_PrepareRx
                0x08010d74       0x80 ./Libraries/STM32_USB_OTG_Driver/src/usb_dcd.o
                0x08010d74                DCD_EP_PrepareRx
 .text.DCD_EP_Tx
                0x08010df4       0x78 ./Libraries/STM32_USB_OTG_Driver/src/usb_dcd.o
                0x08010df4                DCD_EP_Tx
 .text.DCD_EP_Stall
                0x08010e6c       0x78 ./Libraries/STM32_USB_OTG_Driver/src/usb_dcd.o
                0x08010e6c                DCD_EP_Stall
 .text.DCD_EP_ClrStall
                0x08010ee4       0x78 ./Libraries/STM32_USB_OTG_Driver/src/usb_dcd.o
                0x08010ee4                DCD_EP_ClrStall
 .text.DCD_EP_Flush
                0x08010f5c       0x34 ./Libraries/STM32_USB_OTG_Driver/src/usb_dcd.o
                0x08010f5c                DCD_EP_Flush
 .text.DCD_EP_SetAddress
                0x08010f90       0x3c ./Libraries/STM32_USB_OTG_Driver/src/usb_dcd.o
                0x08010f90                DCD_EP_SetAddress
 .text.USBD_OTG_ISR_Handler
                0x08010fcc      0x15c ./Libraries/STM32_USB_OTG_Driver/src/usb_dcd_int.o
                0x08010fcc                USBD_OTG_ISR_Handler
 .text.DCD_HandleResume_ISR
                0x08011128       0x80 ./Libraries/STM32_USB_OTG_Driver/src/usb_dcd_int.o
 .text.DCD_HandleUSBSuspend_ISR
                0x080111a8       0xc4 ./Libraries/STM32_USB_OTG_Driver/src/usb_dcd_int.o
 .text.DCD_HandleInEP_ISR
                0x0801126c      0x19c ./Libraries/STM32_USB_OTG_Driver/src/usb_dcd_int.o
 .text.DCD_HandleOutEP_ISR
                0x08011408      0x158 ./Libraries/STM32_USB_OTG_Driver/src/usb_dcd_int.o
 .text.DCD_HandleSof_ISR
                0x08011560       0x38 ./Libraries/STM32_USB_OTG_Driver/src/usb_dcd_int.o
 .text.DCD_HandleRxStatusQueueLevel_ISR
                0x08011598      0x104 ./Libraries/STM32_USB_OTG_Driver/src/usb_dcd_int.o
 .text.DCD_WriteEmptyTxFifo
                0x0801169c      0x110 ./Libraries/STM32_USB_OTG_Driver/src/usb_dcd_int.o
 .text.DCD_HandleUsbReset_ISR
                0x080117ac      0x12c ./Libraries/STM32_USB_OTG_Driver/src/usb_dcd_int.o
 .text.DCD_HandleEnumDone_ISR
                0x080118d8       0x78 ./Libraries/STM32_USB_OTG_Driver/src/usb_dcd_int.o
 .text.DCD_IsoINIncomplete_ISR
                0x08011950       0x38 ./Libraries/STM32_USB_OTG_Driver/src/usb_dcd_int.o
 .text.DCD_IsoOUTIncomplete_ISR
                0x08011988       0x38 ./Libraries/STM32_USB_OTG_Driver/src/usb_dcd_int.o
 .text.DCD_ReadDevInEP
                0x080119c0       0x50 ./Libraries/STM32_USB_OTG_Driver/src/usb_dcd_int.o
 .text.USBD_Init
                0x08011a10       0x8c ./Libraries/STM32_USB_Device_Library/Core/src/usbd_core.o
                0x08011a10                USBD_Init
 .text.USBD_DeInit
                0x08011a9c       0x18 ./Libraries/STM32_USB_Device_Library/Core/src/usbd_core.o
                0x08011a9c                USBD_DeInit
 .text.USBD_SetupStage
                0x08011ab4       0x6c ./Libraries/STM32_USB_Device_Library/Core/src/usbd_core.o
 .text.USBD_DataOutStage
                0x08011b20       0xd0 ./Libraries/STM32_USB_Device_Library/Core/src/usbd_core.o
 .text.USBD_DataInStage
                0x08011bf0      0x11c ./Libraries/STM32_USB_Device_Library/Core/src/usbd_core.o
 .text.USBD_RunTestMode
                0x08011d0c       0x28 ./Libraries/STM32_USB_Device_Library/Core/src/usbd_core.o
 .text.USBD_Reset
                0x08011d34       0x44 ./Libraries/STM32_USB_Device_Library/Core/src/usbd_core.o
 .text.USBD_Resume
                0x08011d78       0x30 ./Libraries/STM32_USB_Device_Library/Core/src/usbd_core.o
 .text.USBD_Suspend
                0x08011da8       0x30 ./Libraries/STM32_USB_Device_Library/Core/src/usbd_core.o
 .text.USBD_SOF
                0x08011dd8       0x2c ./Libraries/STM32_USB_Device_Library/Core/src/usbd_core.o
 .text.USBD_SetCfg
                0x08011e04       0x30 ./Libraries/STM32_USB_Device_Library/Core/src/usbd_core.o
                0x08011e04                USBD_SetCfg
 .text.USBD_ClrCfg
                0x08011e34       0x28 ./Libraries/STM32_USB_Device_Library/Core/src/usbd_core.o
                0x08011e34                USBD_ClrCfg
 .text.USBD_IsoINIncomplete
                0x08011e5c       0x20 ./Libraries/STM32_USB_Device_Library/Core/src/usbd_core.o
 .text.USBD_IsoOUTIncomplete
                0x08011e7c       0x20 ./Libraries/STM32_USB_Device_Library/Core/src/usbd_core.o
 .text.USBD_CtlSendData
                0x08011e9c       0x40 ./Libraries/STM32_USB_Device_Library/Core/src/usbd_ioreq.o
                0x08011e9c                USBD_CtlSendData
 .text.USBD_CtlContinueSendData
                0x08011edc       0x28 ./Libraries/STM32_USB_Device_Library/Core/src/usbd_ioreq.o
                0x08011edc                USBD_CtlContinueSendData
 .text.USBD_CtlPrepareRx
                0x08011f04       0x40 ./Libraries/STM32_USB_Device_Library/Core/src/usbd_ioreq.o
                0x08011f04                USBD_CtlPrepareRx
 .text.USBD_CtlContinueRx
                0x08011f44       0x28 ./Libraries/STM32_USB_Device_Library/Core/src/usbd_ioreq.o
                0x08011f44                USBD_CtlContinueRx
 .text.USBD_CtlSendStatus
                0x08011f6c       0x30 ./Libraries/STM32_USB_Device_Library/Core/src/usbd_ioreq.o
                0x08011f6c                USBD_CtlSendStatus
 .text.USBD_CtlReceiveStatus
                0x08011f9c       0x30 ./Libraries/STM32_USB_Device_Library/Core/src/usbd_ioreq.o
                0x08011f9c                USBD_CtlReceiveStatus
 .text.USBD_StdDevReq
                0x08011fcc       0xa0 ./Libraries/STM32_USB_Device_Library/Core/src/usbd_req.o
                0x08011fcc                USBD_StdDevReq
 .text.USBD_StdItfReq
                0x0801206c       0x68 ./Libraries/STM32_USB_Device_Library/Core/src/usbd_req.o
                0x0801206c                USBD_StdItfReq
 .text.USBD_StdEPReq
                0x080120d4      0x1c8 ./Libraries/STM32_USB_Device_Library/Core/src/usbd_req.o
                0x080120d4                USBD_StdEPReq
 .text.USBD_GetDescriptor
                0x0801229c      0x1b8 ./Libraries/STM32_USB_Device_Library/Core/src/usbd_req.o
 .text.USBD_SetAddress
                0x08012454       0x7c ./Libraries/STM32_USB_Device_Library/Core/src/usbd_req.o
 .text.USBD_SetConfig
                0x080124d0      0x130 ./Libraries/STM32_USB_Device_Library/Core/src/usbd_req.o
 .text.USBD_GetConfig
                0x08012600       0x60 ./Libraries/STM32_USB_Device_Library/Core/src/usbd_req.o
 .text.USBD_GetStatus
                0x08012660       0x68 ./Libraries/STM32_USB_Device_Library/Core/src/usbd_req.o
 .text.USBD_SetFeature
                0x080126c8       0xd8 ./Libraries/STM32_USB_Device_Library/Core/src/usbd_req.o
 .text.USBD_ClrFeature
                0x080127a0       0x50 ./Libraries/STM32_USB_Device_Library/Core/src/usbd_req.o
 .text.USBD_ParseSetupRequest
                0x080127f0       0x8c ./Libraries/STM32_USB_Device_Library/Core/src/usbd_req.o
                0x080127f0                USBD_ParseSetupRequest
 .text.USBD_CtlError
                0x0801287c       0x28 ./Libraries/STM32_USB_Device_Library/Core/src/usbd_req.o
                0x0801287c                USBD_CtlError
 .text.USBD_GetString
                0x080128a4       0x7c ./Libraries/STM32_USB_Device_Library/Core/src/usbd_req.o
                0x080128a4                USBD_GetString
 .text.USBD_GetLen
                0x08012920       0x30 ./Libraries/STM32_USB_Device_Library/Core/src/usbd_req.o
 .text.usbd_cdc_Init
                0x08012950       0x74 ./Libraries/STM32_USB_Device_Library/Class/cdc/src/usbd_cdc_core.o
 .text.usbd_cdc_DeInit
                0x080129c4       0x3c ./Libraries/STM32_USB_Device_Library/Class/cdc/src/usbd_cdc_core.o
 .text.usbd_cdc_Setup
                0x08012a00      0x150 ./Libraries/STM32_USB_Device_Library/Class/cdc/src/usbd_cdc_core.o
 .text.usbd_cdc_EP0_RxReady
                0x08012b50       0x58 ./Libraries/STM32_USB_Device_Library/Class/cdc/src/usbd_cdc_core.o
 .text.usbd_cdc_DataIn
                0x08012ba8      0x104 ./Libraries/STM32_USB_Device_Library/Class/cdc/src/usbd_cdc_core.o
 .text.usbd_cdc_DataOut
                0x08012cac       0x58 ./Libraries/STM32_USB_Device_Library/Class/cdc/src/usbd_cdc_core.o
 .text.usbd_cdc_SOF
                0x08012d04       0x40 ./Libraries/STM32_USB_Device_Library/Class/cdc/src/usbd_cdc_core.o
 .text.Handle_USBAsynchXfer
                0x08012d44      0x180 ./Libraries/STM32_USB_Device_Library/Class/cdc/src/usbd_cdc_core.o
 .text.USBD_cdc_GetCfgDesc
                0x08012ec4       0x28 ./Libraries/STM32_USB_Device_Library/Class/cdc/src/usbd_cdc_core.o
 .text.NVIC_PriorityGroupConfig
                0x08012eec       0x28 ./Libraries/STM32F10x_StdPeriph_Driver/src/misc.o
                0x08012eec                NVIC_PriorityGroupConfig
 .text.NVIC_Init
                0x08012f14       0xd0 ./Libraries/STM32F10x_StdPeriph_Driver/src/misc.o
                0x08012f14                NVIC_Init
 .text.EXTI_Init
                0x08012fe4      0x12c ./Libraries/STM32F10x_StdPeriph_Driver/src/stm32f10x_exti.o
                0x08012fe4                EXTI_Init
 .text.EXTI_ClearITPendingBit
                0x08013110       0x20 ./Libraries/STM32F10x_StdPeriph_Driver/src/stm32f10x_exti.o
                0x08013110                EXTI_ClearITPendingBit
 .text.FLASH_SetLatency
                0x08013130       0x40 ./Libraries/STM32F10x_StdPeriph_Driver/src/stm32f10x_flash.o
                0x08013130                FLASH_SetLatency
 .text.FLASH_PrefetchBufferCmd
                0x08013170       0x44 ./Libraries/STM32F10x_StdPeriph_Driver/src/stm32f10x_flash.o
                0x08013170                FLASH_PrefetchBufferCmd
 .text.GPIO_Init
                0x080131b4      0x178 ./Libraries/STM32F10x_StdPeriph_Driver/src/stm32f10x_gpio.o
                0x080131b4                GPIO_Init
 .text.GPIO_StructInit
                0x0801332c       0x28 ./Libraries/STM32F10x_StdPeriph_Driver/src/stm32f10x_gpio.o
                0x0801332c                GPIO_StructInit
 .text.GPIO_ReadInputDataBit
                0x08013354       0x34 ./Libraries/STM32F10x_StdPeriph_Driver/src/stm32f10x_gpio.o
                0x08013354                GPIO_ReadInputDataBit
 .text.GPIO_SetBits
                0x08013388       0x1c ./Libraries/STM32F10x_StdPeriph_Driver/src/stm32f10x_gpio.o
                0x08013388                GPIO_SetBits
 .text.GPIO_ResetBits
                0x080133a4       0x1c ./Libraries/STM32F10x_StdPeriph_Driver/src/stm32f10x_gpio.o
                0x080133a4                GPIO_ResetBits
 .text.GPIO_PinRemapConfig
                0x080133c0       0xf4 ./Libraries/STM32F10x_StdPeriph_Driver/src/stm32f10x_gpio.o
                0x080133c0                GPIO_PinRemapConfig
 .text.GPIO_EXTILineConfig
                0x080134b4       0x8c ./Libraries/STM32F10x_StdPeriph_Driver/src/stm32f10x_gpio.o
                0x080134b4                GPIO_EXTILineConfig
 .text.I2C_DeInit
                0x08013540       0x48 ./Libraries/STM32F10x_StdPeriph_Driver/src/stm32f10x_i2c.o
                0x08013540                I2C_DeInit
 .text.I2C_Init
                0x08013588      0x18c ./Libraries/STM32F10x_StdPeriph_Driver/src/stm32f10x_i2c.o
                0x08013588                I2C_Init
 .text.I2C_StructInit
                0x08013714       0x3c ./Libraries/STM32F10x_StdPeriph_Driver/src/stm32f10x_i2c.o
                0x08013714                I2C_StructInit
 .text.I2C_Cmd  0x08013750       0x40 ./Libraries/STM32F10x_StdPeriph_Driver/src/stm32f10x_i2c.o
                0x08013750                I2C_Cmd
 .text.I2C_GenerateSTART
                0x08013790       0x40 ./Libraries/STM32F10x_StdPeriph_Driver/src/stm32f10x_i2c.o
                0x08013790                I2C_GenerateSTART
 .text.I2C_GenerateSTOP
                0x080137d0       0x40 ./Libraries/STM32F10x_StdPeriph_Driver/src/stm32f10x_i2c.o
                0x080137d0                I2C_GenerateSTOP
 .text.I2C_AcknowledgeConfig
                0x08013810       0x40 ./Libraries/STM32F10x_StdPeriph_Driver/src/stm32f10x_i2c.o
                0x08013810                I2C_AcknowledgeConfig
 .text.I2C_SendData
                0x08013850       0x20 ./Libraries/STM32F10x_StdPeriph_Driver/src/stm32f10x_i2c.o
                0x08013850                I2C_SendData
 .text.I2C_ReceiveData
                0x08013870       0x1c ./Libraries/STM32F10x_StdPeriph_Driver/src/stm32f10x_i2c.o
                0x08013870                I2C_ReceiveData
 .text.I2C_Send7bitAddress
                0x0801388c       0x3c ./Libraries/STM32F10x_StdPeriph_Driver/src/stm32f10x_i2c.o
                0x0801388c                I2C_Send7bitAddress
 .text.I2C_NACKPositionConfig
                0x080138c8       0x40 ./Libraries/STM32F10x_StdPeriph_Driver/src/stm32f10x_i2c.o
                0x080138c8                I2C_NACKPositionConfig
 .text.I2C_CheckEvent
                0x08013908       0x60 ./Libraries/STM32F10x_StdPeriph_Driver/src/stm32f10x_i2c.o
                0x08013908                I2C_CheckEvent
 .text.I2C_GetFlagStatus
                0x08013968       0x68 ./Libraries/STM32F10x_StdPeriph_Driver/src/stm32f10x_i2c.o
                0x08013968                I2C_GetFlagStatus
 .text.I2C_ClearFlag
                0x080139d0       0x2c ./Libraries/STM32F10x_StdPeriph_Driver/src/stm32f10x_i2c.o
                0x080139d0                I2C_ClearFlag
 .text.RCC_DeInit
                0x080139fc       0xc0 ./Libraries/STM32F10x_StdPeriph_Driver/src/stm32f10x_rcc.o
                0x080139fc                RCC_DeInit
 .text.RCC_HSEConfig
                0x08013abc       0x88 ./Libraries/STM32F10x_StdPeriph_Driver/src/stm32f10x_rcc.o
                0x08013abc                RCC_HSEConfig
 .text.RCC_WaitForHSEStartUp
                0x08013b44       0x50 ./Libraries/STM32F10x_StdPeriph_Driver/src/stm32f10x_rcc.o
                0x08013b44                RCC_WaitForHSEStartUp
 .text.RCC_PLLConfig
                0x08013b94       0x44 ./Libraries/STM32F10x_StdPeriph_Driver/src/stm32f10x_rcc.o
                0x08013b94                RCC_PLLConfig
 .text.RCC_PLLCmd
                0x08013bd8       0x20 ./Libraries/STM32F10x_StdPeriph_Driver/src/stm32f10x_rcc.o
                0x08013bd8                RCC_PLLCmd
 .text.RCC_PREDIV1Config
                0x08013bf8       0x48 ./Libraries/STM32F10x_StdPeriph_Driver/src/stm32f10x_rcc.o
                0x08013bf8                RCC_PREDIV1Config
 .text.RCC_PREDIV2Config
                0x08013c40       0x40 ./Libraries/STM32F10x_StdPeriph_Driver/src/stm32f10x_rcc.o
                0x08013c40                RCC_PREDIV2Config
 .text.RCC_PLL2Config
                0x08013c80       0x40 ./Libraries/STM32F10x_StdPeriph_Driver/src/stm32f10x_rcc.o
                0x08013c80                RCC_PLL2Config
 .text.RCC_PLL2Cmd
                0x08013cc0       0x20 ./Libraries/STM32F10x_StdPeriph_Driver/src/stm32f10x_rcc.o
                0x08013cc0                RCC_PLL2Cmd
 .text.RCC_SYSCLKConfig
                0x08013ce0       0x40 ./Libraries/STM32F10x_StdPeriph_Driver/src/stm32f10x_rcc.o
                0x08013ce0                RCC_SYSCLKConfig
 .text.RCC_GetSYSCLKSource
                0x08013d20       0x20 ./Libraries/STM32F10x_StdPeriph_Driver/src/stm32f10x_rcc.o
                0x08013d20                RCC_GetSYSCLKSource
 .text.RCC_HCLKConfig
                0x08013d40       0x40 ./Libraries/STM32F10x_StdPeriph_Driver/src/stm32f10x_rcc.o
                0x08013d40                RCC_HCLKConfig
 .text.RCC_PCLK1Config
                0x08013d80       0x40 ./Libraries/STM32F10x_StdPeriph_Driver/src/stm32f10x_rcc.o
                0x08013d80                RCC_PCLK1Config
 .text.RCC_PCLK2Config
                0x08013dc0       0x40 ./Libraries/STM32F10x_StdPeriph_Driver/src/stm32f10x_rcc.o
                0x08013dc0                RCC_PCLK2Config
 .text.RCC_ADCCLKConfig
                0x08013e00       0x40 ./Libraries/STM32F10x_StdPeriph_Driver/src/stm32f10x_rcc.o
                0x08013e00                RCC_ADCCLKConfig
 .text.RCC_GetClocksFreq
                0x08013e40      0x230 ./Libraries/STM32F10x_StdPeriph_Driver/src/stm32f10x_rcc.o
                0x08013e40                RCC_GetClocksFreq
 .text.RCC_AHBPeriphClockCmd
                0x08014070       0x50 ./Libraries/STM32F10x_StdPeriph_Driver/src/stm32f10x_rcc.o
                0x08014070                RCC_AHBPeriphClockCmd
 .text.RCC_APB2PeriphClockCmd
                0x080140c0       0x50 ./Libraries/STM32F10x_StdPeriph_Driver/src/stm32f10x_rcc.o
                0x080140c0                RCC_APB2PeriphClockCmd
 .text.RCC_APB1PeriphClockCmd
                0x08014110       0x50 ./Libraries/STM32F10x_StdPeriph_Driver/src/stm32f10x_rcc.o
                0x08014110                RCC_APB1PeriphClockCmd
 .text.RCC_APB2PeriphResetCmd
                0x08014160       0x50 ./Libraries/STM32F10x_StdPeriph_Driver/src/stm32f10x_rcc.o
                0x08014160                RCC_APB2PeriphResetCmd
 .text.RCC_APB1PeriphResetCmd
                0x080141b0       0x50 ./Libraries/STM32F10x_StdPeriph_Driver/src/stm32f10x_rcc.o
                0x080141b0                RCC_APB1PeriphResetCmd
 .text.RCC_GetFlagStatus
                0x08014200       0x84 ./Libraries/STM32F10x_StdPeriph_Driver/src/stm32f10x_rcc.o
                0x08014200                RCC_GetFlagStatus
 .text.RTC_WaitForLastTask
                0x08014284       0x24 ./Libraries/STM32F10x_StdPeriph_Driver/src/stm32f10x_rtc.o
                0x08014284                RTC_WaitForLastTask
 .text.RTC_GetITStatus
                0x080142a8       0x58 ./Libraries/STM32F10x_StdPeriph_Driver/src/stm32f10x_rtc.o
                0x080142a8                RTC_GetITStatus
 .text.RTC_ClearITPendingBit
                0x08014300       0x34 ./Libraries/STM32F10x_StdPeriph_Driver/src/stm32f10x_rtc.o
                0x08014300                RTC_ClearITPendingBit
 .text.SPI_I2S_DeInit
                0x08014334       0x78 ./Libraries/STM32F10x_StdPeriph_Driver/src/stm32f10x_spi.o
                0x08014334                SPI_I2S_DeInit
 .text.SPI_Init
                0x080143ac       0x88 ./Libraries/STM32F10x_StdPeriph_Driver/src/stm32f10x_spi.o
                0x080143ac                SPI_Init
 .text.SPI_Cmd  0x08014434       0x40 ./Libraries/STM32F10x_StdPeriph_Driver/src/stm32f10x_spi.o
                0x08014434                SPI_Cmd
 .text.SPI_I2S_SendData
                0x08014474       0x1c ./Libraries/STM32F10x_StdPeriph_Driver/src/stm32f10x_spi.o
                0x08014474                SPI_I2S_SendData
 .text.SPI_I2S_ReceiveData
                0x08014490       0x1c ./Libraries/STM32F10x_StdPeriph_Driver/src/stm32f10x_spi.o
                0x08014490                SPI_I2S_ReceiveData
 .text.SPI_SSOutputCmd
                0x080144ac       0x40 ./Libraries/STM32F10x_StdPeriph_Driver/src/stm32f10x_spi.o
                0x080144ac                SPI_SSOutputCmd
 .text.SPI_I2S_GetFlagStatus
                0x080144ec       0x38 ./Libraries/STM32F10x_StdPeriph_Driver/src/stm32f10x_spi.o
                0x080144ec                SPI_I2S_GetFlagStatus
 .text.Reset_Handler
                0x08014524       0x48 ./Libraries/CMSIS/CM3/DeviceSupport/ST/STM32F10x/startup/startup_stm32f10x_cl.o
                0x08014524                Reset_Handler
 .text.Default_Handler
                0x0801456c        0x2 ./Libraries/CMSIS/CM3/DeviceSupport/ST/STM32F10x/startup/startup_stm32f10x_cl.o
                0x0801456c                EXTI2_IRQHandler
                0x0801456c                TIM1_CC_IRQHandler
                0x0801456c                TIM6_IRQHandler
                0x0801456c                PVD_IRQHandler
                0x0801456c                CAN2_RX1_IRQHandler
                0x0801456c                EXTI0_IRQHandler
                0x0801456c                I2C2_EV_IRQHandler
                0x0801456c                CAN1_RX0_IRQHandler
                0x0801456c                CAN2_SCE_IRQHandler
                0x0801456c                ADC1_2_IRQHandler
                0x0801456c                SPI1_IRQHandler
                0x0801456c                TAMPER_IRQHandler
                0x0801456c                CAN2_RX0_IRQHandler
                0x0801456c                DMA2_Channel2_IRQHandler
                0x0801456c                DMA1_Channel4_IRQHandler
                0x0801456c                USART3_IRQHandler
                0x0801456c                DMA1_Channel7_IRQHandler
                0x0801456c                CAN1_RX1_IRQHandler
                0x0801456c                UART5_IRQHandler
                0x0801456c                TIM4_IRQHandler
                0x0801456c                DMA2_Channel1_IRQHandler
                0x0801456c                I2C1_EV_IRQHandler
                0x0801456c                DMA1_Channel6_IRQHandler
                0x0801456c                UART4_IRQHandler
                0x0801456c                DMA2_Channel4_IRQHandler
                0x0801456c                TIM3_IRQHandler
                0x0801456c                RCC_IRQHandler
                0x0801456c                TIM1_TRG_COM_IRQHandler
                0x0801456c                DMA1_Channel1_IRQHandler
                0x0801456c                Default_Handler
                0x0801456c                TIM7_IRQHandler
                0x0801456c                CAN2_TX_IRQHandler
                0x0801456c                TIM5_IRQHandler
                0x0801456c                SPI2_IRQHandler
                0x0801456c                CAN1_TX_IRQHandler
                0x0801456c                DMA2_Channel5_IRQHandler
                0x0801456c                DMA1_Channel5_IRQHandler
                0x0801456c                EXTI4_IRQHandler
                0x0801456c                DMA1_Channel3_IRQHandler
                0x0801456c                TIM1_UP_IRQHandler
                0x0801456c                WWDG_IRQHandler
                0x0801456c                TIM2_IRQHandler
                0x0801456c                TIM1_BRK_IRQHandler
                0x0801456c                EXTI1_IRQHandler
                0x0801456c                RTCAlarm_IRQHandler
                0x0801456c                USART2_IRQHandler
                0x0801456c                I2C2_ER_IRQHandler
                0x0801456c                DMA1_Channel2_IRQHandler
                0x0801456c                CAN1_SCE_IRQHandler
                0x0801456c                FLASH_IRQHandler
                0x0801456c                USART1_IRQHandler
                0x0801456c                SPI3_IRQHandler
                0x0801456c                I2C1_ER_IRQHandler
                0x0801456c                DMA2_Channel3_IRQHandler
 *fill*         0x0801456e        0x2 
 .text.SystemInit
                0x08014570       0xcc ./Libraries/CMSIS/CM3/DeviceSupport/ST/STM32F10x/system_stm32f10x.o
                0x08014570                SystemInit
 .text.SetSysClock
                0x0801463c        0xc ./Libraries/CMSIS/CM3/DeviceSupport/ST/STM32F10x/system_stm32f10x.o
 .text.SetSysClockTo72
                0x08014648      0x208 ./Libraries/CMSIS/CM3/DeviceSupport/ST/STM32F10x/system_stm32f10x.o
 *(.rodata)
 .rodata        0x08014850       0x98 ./src/usb/usbd_desc.o
 .rodata        0x080148e8       0x24 ./src/sys/syscalls.o
 .rodata        0x0801490c      0x20c ./src/application/main.o
 .rodata        0x08014b18       0x30 c:/users/user/mentorgraphics/sourcery_codebench_lite_for_arm_eabi/bin/../lib/gcc/arm-none-eabi/4.8.3/../../../../arm-none-eabi/lib/thumb2\libm.a(lib_a-e_pow.o)
 .rodata        0x08014b48       0x10 c:/users/user/mentorgraphics/sourcery_codebench_lite_for_arm_eabi/bin/../lib/gcc/arm-none-eabi/4.8.3/../../../../arm-none-eabi/lib/thumb2\libm.a(lib_a-s_rint.o)
 .rodata        0x08014b58       0x20 c:/users/user/mentorgraphics/sourcery_codebench_lite_for_arm_eabi/bin/../lib/gcc/arm-none-eabi/4.8.3/../../../../arm-none-eabi/lib/thumb2\libc.a(lib_a-svfprintf.o)
 .rodata        0x08014b78       0x60 c:/users/user/mentorgraphics/sourcery_codebench_lite_for_arm_eabi/bin/../lib/gcc/arm-none-eabi/4.8.3/../../../../arm-none-eabi/lib/thumb2\libc.a(lib_a-findfp.o)
                0x08014b78                __sf_fake_stderr
                0x08014b98                __sf_fake_stdout
                0x08014bb8                __sf_fake_stdin
 .rodata        0x08014bd8      0x128 c:/users/user/mentorgraphics/sourcery_codebench_lite_for_arm_eabi/bin/../lib/gcc/arm-none-eabi/4.8.3/../../../../arm-none-eabi/lib/thumb2\libc.a(lib_a-mprec.o)
                0x08014be8                __mprec_tens
                0x08014cb0                __mprec_tinytens
                0x08014cd8                __mprec_bigtens
 .rodata        0x08014d00       0x20 c:/users/user/mentorgraphics/sourcery_codebench_lite_for_arm_eabi/bin/../lib/gcc/arm-none-eabi/4.8.3/../../../../arm-none-eabi/lib/thumb2\libc.a(lib_a-svfiprintf.o)
 *(.rodata*)
 .rodata.str1.4
                0x08014d20       0x14 ./src/usb/usb.o
 .rodata.chan_idx
                0x08014d34        0x8 ./src/decadriver/deca_params_init.o
                0x08014d34                chan_idx
 .rodata.tx_config
                0x08014d3c       0x18 ./src/decadriver/deca_params_init.o
                0x08014d3c                tx_config
 .rodata.pll2_config
                0x08014d54       0x20 ./src/decadriver/deca_params_init.o
                0x08014d54                pll2_config
 .rodata.pll2calcfg
                0x08014d74        0x1 ./src/decadriver/deca_params_init.o
                0x08014d74                pll2calcfg
 *fill*         0x08014d75        0x3 
 .rodata.rx_config
                0x08014d78        0x4 ./src/decadriver/deca_params_init.o
                0x08014d78                rx_config
 .rodata.agc_config
                0x08014d7c        0x8 ./src/decadriver/deca_params_init.o
                0x08014d7c                agc_config
 .rodata.dwnsSFDlen
                0x08014d84        0x4 ./src/decadriver/deca_params_init.o
                0x08014d84                dwnsSFDlen
 .rodata.sftsh  0x08014d88        0xc ./src/decadriver/deca_params_init.o
                0x08014d88                sftsh
 .rodata.dtune1
                0x08014d94        0x4 ./src/decadriver/deca_params_init.o
                0x08014d94                dtune1
 .rodata.digital_bb_config
                0x08014d98       0x20 ./src/decadriver/deca_params_init.o
                0x08014d98                digital_bb_config
 .rodata.lde_replicaCoeff
                0x08014db8       0x34 ./src/decadriver/deca_params_init.o
                0x08014db8                lde_replicaCoeff
 .rodata.chan_idxnb
                0x08014dec        0x8 ./src/decadriver/deca_range_tables.o
                0x08014dec                chan_idxnb
 .rodata.chan_idxwb
                0x08014df4        0x8 ./src/decadriver/deca_range_tables.o
                0x08014df4                chan_idxwb
 .rodata.range25cm16PRFnb
                0x08014dfc       0x94 ./src/decadriver/deca_range_tables.o
                0x08014dfc                range25cm16PRFnb
 .rodata.range25cm16PRFwb
                0x08014e90       0x88 ./src/decadriver/deca_range_tables.o
                0x08014e90                range25cm16PRFwb
 .rodata.range25cm64PRFnb
                0x08014f18       0x68 ./src/decadriver/deca_range_tables.o
                0x08014f18                range25cm64PRFnb
 .rodata.range25cm64PRFwb
                0x08014f80       0x78 ./src/decadriver/deca_range_tables.o
                0x08014f80                range25cm64PRFwb
 .rodata.rfDelays
                0x08014ff8        0x4 ./src/application/instance_calib.o
                0x08014ff8                rfDelays
 .rodata.txSpectrumConfig
                0x08014ffc       0x60 ./src/application/instance_calib.o
                0x08014ffc                txSpectrumConfig
 .rodata.switchbuf
                0x0801505c        0x8 ./src/application/main.o
                0x0801505c                switchbuf
 .rodata.str1.4
                0x08015064        0x4 c:/users/user/mentorgraphics/sourcery_codebench_lite_for_arm_eabi/bin/../lib/gcc/arm-none-eabi/4.8.3/../../../../arm-none-eabi/lib/thumb2\libm.a(lib_a-w_pow.o)
 .rodata.str1.4
                0x00000000        0x4 c:/users/user/mentorgraphics/sourcery_codebench_lite_for_arm_eabi/bin/../lib/gcc/arm-none-eabi/4.8.3/../../../../arm-none-eabi/lib/thumb2\libm.a(lib_a-e_pow.o)
 .rodata.str1.4
                0x08015068        0x2 c:/users/user/mentorgraphics/sourcery_codebench_lite_for_arm_eabi/bin/../lib/gcc/arm-none-eabi/4.8.3/../../../../arm-none-eabi/lib/thumb2\libc.a(lib_a-impure.o)
                                  0x4 (size before relaxing)
 *fill*         0x0801506a        0x2 
 .rodata.str1.4
                0x0801506c       0x42 c:/users/user/mentorgraphics/sourcery_codebench_lite_for_arm_eabi/bin/../lib/gcc/arm-none-eabi/4.8.3/../../../../arm-none-eabi/lib/thumb2\libc.a(lib_a-svfprintf.o)
                                 0x44 (size before relaxing)
 *fill*         0x080150ae        0x2 
 .rodata.str1.4
                0x080150b0       0x10 c:/users/user/mentorgraphics/sourcery_codebench_lite_for_arm_eabi/bin/../lib/gcc/arm-none-eabi/4.8.3/../../../../arm-none-eabi/lib/thumb2\libc.a(lib_a-dtoa.o)
                                 0x14 (size before relaxing)
 .rodata.str1.4
                0x080150c0        0xc c:/users/user/mentorgraphics/sourcery_codebench_lite_for_arm_eabi/bin/../lib/gcc/arm-none-eabi/4.8.3/../../../../arm-none-eabi/lib/thumb2\libc.a(lib_a-locale.o)
                                 0x14 (size before relaxing)
 .rodata.str1.4
                0x00000000       0x30 c:/users/user/mentorgraphics/sourcery_codebench_lite_for_arm_eabi/bin/../lib/gcc/arm-none-eabi/4.8.3/../../../../arm-none-eabi/lib/thumb2\libc.a(lib_a-svfiprintf.o)
 *(.glue_7)
 .glue_7        0x00000000        0x0 linker stubs
 *(.glue_7t)
 .glue_7t       0x00000000        0x0 linker stubs
 *(.eh_frame)
 .eh_frame      0x080150cc        0x0 c:/users/user/mentorgraphics/sourcery_codebench_lite_for_arm_eabi/bin/../lib/gcc/arm-none-eabi/4.8.3/thumb2/crtbegin.o
 *(.init)
 .init          0x080150cc        0x4 c:/users/user/mentorgraphics/sourcery_codebench_lite_for_arm_eabi/bin/../lib/gcc/arm-none-eabi/4.8.3/thumb2/crti.o
                0x080150cc                _init
 .init          0x080150d0        0x8 c:/users/user/mentorgraphics/sourcery_codebench_lite_for_arm_eabi/bin/../lib/gcc/arm-none-eabi/4.8.3/thumb2/crtn.o
 *(.fini)
 .fini          0x080150d8        0x4 c:/users/user/mentorgraphics/sourcery_codebench_lite_for_arm_eabi/bin/../lib/gcc/arm-none-eabi/4.8.3/thumb2/crti.o
                0x080150d8                _fini
 .fini          0x080150dc        0x8 c:/users/user/mentorgraphics/sourcery_codebench_lite_for_arm_eabi/bin/../lib/gcc/arm-none-eabi/4.8.3/thumb2/crtn.o
                0x080150e4                . = ALIGN (0x4)
                0x080150e4                _etext = .

.vfp11_veneer   0x080150e4        0x0
 .vfp11_veneer  0x00000000        0x0 linker stubs

.v4_bx          0x080150e4        0x0
 .v4_bx         0x00000000        0x0 linker stubs

.iplt           0x080150e4        0x0
 .iplt          0x00000000        0x0 c:/users/user/mentorgraphics/sourcery_codebench_lite_for_arm_eabi/bin/../lib/gcc/arm-none-eabi/4.8.3/thumb2/crtbegin.o

.ARM.extab
 *(.ARM.extab* .gnu.linkonce.armextab.*)

.ARM            0x080150e4        0x8
                0x080150e4                __exidx_start = .
 *(.ARM.exidx*)
 .ARM.exidx     0x080150e4        0x8 c:/users/user/mentorgraphics/sourcery_codebench_lite_for_arm_eabi/bin/../lib/gcc/arm-none-eabi/4.8.3/thumb2\libgcc.a(_divdi3.o)
 .ARM.exidx     0x080150ec        0x0 c:/users/user/mentorgraphics/sourcery_codebench_lite_for_arm_eabi/bin/../lib/gcc/arm-none-eabi/4.8.3/thumb2\libgcc.a(_udivdi3.o)
                                  0x8 (size before relaxing)
                0x080150ec                __exidx_end = .

.rel.dyn        0x080150ec        0x0
 .rel.iplt      0x00000000        0x0 c:/users/user/mentorgraphics/sourcery_codebench_lite_for_arm_eabi/bin/../lib/gcc/arm-none-eabi/4.8.3/thumb2/crtbegin.o

.preinit_array  0x080150ec        0x0
                0x080150ec                PROVIDE (__preinit_array_start, .)
 *(.preinit_array*)
                0x080150ec                PROVIDE (__preinit_array_end, .)

.init_array     0x080150ec        0x4
                0x080150ec                PROVIDE (__init_array_start, .)
 *(SORT(.init_array.*))
 *(.init_array*)
 .init_array    0x080150ec        0x4 c:/users/user/mentorgraphics/sourcery_codebench_lite_for_arm_eabi/bin/../lib/gcc/arm-none-eabi/4.8.3/thumb2/crtbegin.o
                0x080150f0                PROVIDE (__init_array_end, .)

.fini_array     0x080150f0        0x4
                0x080150f0                PROVIDE (__fini_array_start, .)
 *(.fini_array*)
 .fini_array    0x080150f0        0x4 c:/users/user/mentorgraphics/sourcery_codebench_lite_for_arm_eabi/bin/../lib/gcc/arm-none-eabi/4.8.3/thumb2/crtbegin.o
 *(SORT(.fini_array.*))
                0x080150f4                PROVIDE (__fini_array_end, .)
                0x080150f4                _sidata = .

.data           0x20000000      0x750 load address 0x080150f4
                0x20000000                . = ALIGN (0x4)
                0x20000000                _sdata = .
 *(.data)
 .data          0x20000000        0x1 c:/users/user/mentorgraphics/sourcery_codebench_lite_for_arm_eabi/bin/../lib/gcc/arm-none-eabi/4.8.3/../../../../arm-none-eabi/lib/thumb2\libm.a(lib_a-s_lib_ver.o)
                0x20000000                __fdlib_version
 *fill*         0x20000001        0x3 
 .data          0x20000004       0xf4 c:/users/user/mentorgraphics/sourcery_codebench_lite_for_arm_eabi/bin/../lib/gcc/arm-none-eabi/4.8.3/../../../../arm-none-eabi/lib/thumb2\libc.a(lib_a-impure.o)
                0x20000004                _impure_ptr
 .data          0x200000f8       0x7c c:/users/user/mentorgraphics/sourcery_codebench_lite_for_arm_eabi/bin/../lib/gcc/arm-none-eabi/4.8.3/../../../../arm-none-eabi/lib/thumb2\libc.a(lib_a-locale.o)
                0x20000118                __mb_cur_max
 .data          0x20000174      0x410 c:/users/user/mentorgraphics/sourcery_codebench_lite_for_arm_eabi/bin/../lib/gcc/arm-none-eabi/4.8.3/../../../../arm-none-eabi/lib/thumb2\libc.a(lib_a-mallocr.o)
                0x20000174                __malloc_av_
                0x2000057c                __malloc_sbrk_base
                0x20000580                __malloc_trim_threshold
 *(.data*)
 .data.localSPIspeed
                0x20000584        0x4 ./src/usb/usb.o
                0x20000584                localSPIspeed
 .data.linecoding
                0x20000588        0x8 ./src/usb/usbd_cdc_vcp.o
                0x20000588                linecoding
 .data.VCP_fops
                0x20000590       0x14 ./src/usb/usbd_cdc_vcp.o
                0x20000590                VCP_fops
 .data.USR_desc
                0x200005a4       0x1c ./src/usb/usbd_desc.o
                0x200005a4                USR_desc
 .data.USBD_DeviceDesc
                0x200005c0       0x14 ./src/usb/usbd_desc.o
                0x200005c0                USBD_DeviceDesc
 .data.USBD_LangIDDesc
                0x200005d4        0x4 ./src/usb/usbd_desc.o
                0x200005d4                USBD_LangIDDesc
 .data.USR_cb   0x200005d8       0x1c ./src/usb/usbd_usr.o
                0x200005d8                USR_cb
 .data.instance_anchaddr
                0x200005f4        0x4 ./src/application/main.o
                0x200005f4                instance_anchaddr
 .data.instance_mode
                0x200005f8        0x4 ./src/application/main.o
                0x200005f8                instance_mode
 .data.chConfig
                0x200005fc       0x50 ./src/application/main.o
                0x200005fc                chConfig
 *fill*         0x2000064c        0x4 
 .data.anchorAddressList
                0x20000650       0x20 ./src/application/main.o
                0x20000650                anchorAddressList
 .data.forwardingAddress
                0x20000670        0x8 ./src/application/main.o
                0x20000670                forwardingAddress
 .data.switch_fn
                0x20000678       0x1c ./src/application/main.o
                0x20000678                switch_fn
 .data.USBD_DCD_INT_cb
                0x20000694       0x2c ./Libraries/STM32_USB_Device_Library/Core/src/usbd_core.o
                0x20000694                USBD_DCD_INT_cb
 .data.USBD_DCD_INT_fops
                0x200006c0        0x4 ./Libraries/STM32_USB_Device_Library/Core/src/usbd_core.o
                0x200006c0                USBD_DCD_INT_fops
 .data.usbd_cdc_CfgDesc
                0x200006c4       0x44 ./Libraries/STM32_USB_Device_Library/Class/cdc/src/usbd_cdc_core.o
                0x200006c4                usbd_cdc_CfgDesc
 .data.cdcCmd   0x20000708        0x4 ./Libraries/STM32_USB_Device_Library/Class/cdc/src/usbd_cdc_core.o
 .data.USBD_CDC_cb
                0x2000070c       0x2c ./Libraries/STM32_USB_Device_Library/Class/cdc/src/usbd_cdc_core.o
                0x2000070c                USBD_CDC_cb
 .data.APBAHBPrescTable
                0x20000738       0x10 ./Libraries/STM32F10x_StdPeriph_Driver/src/stm32f10x_rcc.o
 .data.ADCPrescTable
                0x20000748        0x4 ./Libraries/STM32F10x_StdPeriph_Driver/src/stm32f10x_rcc.o
 .data.SystemCoreClock
                0x2000074c        0x4 ./Libraries/CMSIS/CM3/DeviceSupport/ST/STM32F10x/system_stm32f10x.o
                0x2000074c                SystemCoreClock
                0x20000750                . = ALIGN (0x4)
                0x20000750                _edata = .

.jcr            0x20000750        0x0 load address 0x08015844
 .jcr           0x20000750        0x0 c:/users/user/mentorgraphics/sourcery_codebench_lite_for_arm_eabi/bin/../lib/gcc/arm-none-eabi/4.8.3/thumb2/crtbegin.o

.tm_clone_table
                0x20000750        0x0 load address 0x08015844
 .tm_clone_table
                0x20000750        0x0 c:/users/user/mentorgraphics/sourcery_codebench_lite_for_arm_eabi/bin/../lib/gcc/arm-none-eabi/4.8.3/thumb2/crtbegin.o
 .tm_clone_table
                0x20000750        0x0 c:/users/user/mentorgraphics/sourcery_codebench_lite_for_arm_eabi/bin/../lib/gcc/arm-none-eabi/4.8.3/thumb2/crtend.o

.igot.plt       0x20000750        0x0 load address 0x08015844
 .igot.plt      0x00000000        0x0 c:/users/user/mentorgraphics/sourcery_codebench_lite_for_arm_eabi/bin/../lib/gcc/arm-none-eabi/4.8.3/thumb2/crtbegin.o
                0x20000750                . = ALIGN (0x4)

.bss            0x20000750     0x7330 load address 0x08015848
                0x20000750                _sbss = .
                0x20000750                __bss_start__ = _sbss
 *(.bss)
 .bss           0x20000750       0x1c c:/users/user/mentorgraphics/sourcery_codebench_lite_for_arm_eabi/bin/../lib/gcc/arm-none-eabi/4.8.3/thumb2/crtbegin.o
 .bss           0x2000076c       0x34 c:/users/user/mentorgraphics/sourcery_codebench_lite_for_arm_eabi/bin/../lib/gcc/arm-none-eabi/4.8.3/../../../../arm-none-eabi/lib/thumb2\libc.a(lib_a-mallocr.o)