Archive member included because of file (symbol)

c:/users/denis/mentorgraphics/sourcery_codebench_lite_for_arm_eabi/bin/../lib/gcc/arm-none-eabi/4.8.1/thumb2\libgcc.a(_arm_addsubdf3.o)
                              ./src/application/instance_common.o (__aeabi_dsub)
c:/users/denis/mentorgraphics/sourcery_codebench_lite_for_arm_eabi/bin/../lib/gcc/arm-none-eabi/4.8.1/thumb2\libgcc.a(_arm_muldivdf3.o)
                              ./src/decadriver/deca_device.o (__aeabi_dmul)
c:/users/denis/mentorgraphics/sourcery_codebench_lite_for_arm_eabi/bin/../lib/gcc/arm-none-eabi/4.8.1/thumb2\libgcc.a(_arm_cmpdf2.o)
                              ./src/application/instance_common.o (__aeabi_dcmplt)
c:/users/denis/mentorgraphics/sourcery_codebench_lite_for_arm_eabi/bin/../lib/gcc/arm-none-eabi/4.8.1/thumb2\libgcc.a(_arm_fixdfsi.o)
                              ./src/decadriver/deca_range_tables.o (__aeabi_d2iz)
c:/users/denis/mentorgraphics/sourcery_codebench_lite_for_arm_eabi/bin/../lib/gcc/arm-none-eabi/4.8.1/thumb2\libgcc.a(_arm_fixunsdfsi.o)
                              ./src/application/instance_common.o (__aeabi_d2uiz)
c:/users/denis/mentorgraphics/sourcery_codebench_lite_for_arm_eabi/bin/../lib/gcc/arm-none-eabi/4.8.1/thumb2\libgcc.a(_arm_truncdfsf2.o)
                              ./src/application/instance_common.o (__aeabi_d2f)
c:/users/denis/mentorgraphics/sourcery_codebench_lite_for_arm_eabi/bin/../lib/gcc/arm-none-eabi/4.8.1/thumb2\libgcc.a(_arm_addsubsf3.o)
                              ./src/application/instance.o (__aeabi_fadd)
c:/users/denis/mentorgraphics/sourcery_codebench_lite_for_arm_eabi/bin/../lib/gcc/arm-none-eabi/4.8.1/thumb2\libgcc.a(_arm_muldivsf3.o)
                              ./src/application/instance.o (__aeabi_fmul)
c:/users/denis/mentorgraphics/sourcery_codebench_lite_for_arm_eabi/bin/../lib/gcc/arm-none-eabi/4.8.1/thumb2\libgcc.a(_fixunsdfdi.o)
                              ./src/application/instance_common.o (__aeabi_d2ulz)
c:/users/denis/mentorgraphics/sourcery_codebench_lite_for_arm_eabi/bin/../lib/gcc/arm-none-eabi/4.8.1/../../../../arm-none-eabi/lib/thumb2\libc.a(lib_a-clock.o)
                              ./src/sys/unistd.o (clock)
c:/users/denis/mentorgraphics/sourcery_codebench_lite_for_arm_eabi/bin/../lib/gcc/arm-none-eabi/4.8.1/../../../../arm-none-eabi/lib/thumb2\libc.a(lib_a-impure.o)
                              c:/users/denis/mentorgraphics/sourcery_codebench_lite_for_arm_eabi/bin/../lib/gcc/arm-none-eabi/4.8.1/../../../../arm-none-eabi/lib/thumb2\libc.a(lib_a-clock.o) (_impure_ptr)
c:/users/denis/mentorgraphics/sourcery_codebench_lite_for_arm_eabi/bin/../lib/gcc/arm-none-eabi/4.8.1/../../../../arm-none-eabi/lib/thumb2\libc.a(lib_a-init.o)
                              ./Libraries/CMSIS/CM3/DeviceSupport/ST/STM32F10x/startup/startup_stm32f10x_cl.o (__libc_init_array)
c:/users/denis/mentorgraphics/sourcery_codebench_lite_for_arm_eabi/bin/../lib/gcc/arm-none-eabi/4.8.1/../../../../arm-none-eabi/lib/thumb2\libc.a(lib_a-memcmp.o)
                              ./src/application/instance.o (memcmp)
c:/users/denis/mentorgraphics/sourcery_codebench_lite_for_arm_eabi/bin/../lib/gcc/arm-none-eabi/4.8.1/../../../../arm-none-eabi/lib/thumb2\libc.a(lib_a-memcpy-stub.o)
                              ./src/usb/usb.o (memcpy)
c:/users/denis/mentorgraphics/sourcery_codebench_lite_for_arm_eabi/bin/../lib/gcc/arm-none-eabi/4.8.1/../../../../arm-none-eabi/lib/thumb2\libc.a(lib_a-memset.o)
                              ./src/application/instance_common.o (memset)
c:/users/denis/mentorgraphics/sourcery_codebench_lite_for_arm_eabi/bin/../lib/gcc/arm-none-eabi/4.8.1/../../../../arm-none-eabi/lib/thumb2\libc.a(lib_a-puts.o)
                              ./src/decadriver/deca_device.o (puts)
c:/users/denis/mentorgraphics/sourcery_codebench_lite_for_arm_eabi/bin/../lib/gcc/arm-none-eabi/4.8.1/../../../../arm-none-eabi/lib/thumb2\libc.a(lib_a-reent.o)
                              ./src/sys/syscalls.o (errno)
c:/users/denis/mentorgraphics/sourcery_codebench_lite_for_arm_eabi/bin/../lib/gcc/arm-none-eabi/4.8.1/../../../../arm-none-eabi/lib/thumb2\libc.a(lib_a-sprintf.o)
                              ./src/application/main.o (sprintf)
c:/users/denis/mentorgraphics/sourcery_codebench_lite_for_arm_eabi/bin/../lib/gcc/arm-none-eabi/4.8.1/../../../../arm-none-eabi/lib/thumb2\libc.a(lib_a-strlen.o)
                              c:/users/denis/mentorgraphics/sourcery_codebench_lite_for_arm_eabi/bin/../lib/gcc/arm-none-eabi/4.8.1/../../../../arm-none-eabi/lib/thumb2\libc.a(lib_a-puts.o) (strlen)
c:/users/denis/mentorgraphics/sourcery_codebench_lite_for_arm_eabi/bin/../lib/gcc/arm-none-eabi/4.8.1/../../../../arm-none-eabi/lib/thumb2\libc.a(lib_a-svfprintf.o)
                              c:/users/denis/mentorgraphics/sourcery_codebench_lite_for_arm_eabi/bin/../lib/gcc/arm-none-eabi/4.8.1/../../../../arm-none-eabi/lib/thumb2\libc.a(lib_a-sprintf.o) (_svfprintf_r)
[...]
Memory Configuration

Name             Origin             Length             Attributes
FLASH            0x08000000         0x00040000         xr
RAM              0x20000000         0x00010000         xrw
MEMORY_B1        0x60000000         0x00000000         xr
*default*        0x00000000         0xffffffff

Linker script and memory map

LOAD c:/users/denis/mentorgraphics/sourcery_codebench_lite_for_arm_eabi/bin/../lib/gcc/arm-none-eabi/4.8.1/thumb2/crti.o
LOAD c:/users/denis/mentorgraphics/sourcery_codebench_lite_for_arm_eabi/bin/../lib/gcc/arm-none-eabi/4.8.1/thumb2/crtbegin.o
LOAD ./src/usb/usb.o
LOAD ./src/usb/usb_bsp_evk.o
LOAD ./src/usb/usbd_cdc_vcp.o
LOAD ./src/usb/usbd_desc.o
LOAD ./src/usb/usbd_usr.o
LOAD ./src/sys/syscalls.o
LOAD ./src/sys/unistd.o
LOAD ./src/platform/deca_mutex.o
LOAD ./src/platform/deca_spi.o
LOAD ./src/platform/dma_spi.o
LOAD ./src/platform/port.o
LOAD ./src/platform/stm32f10x_it.o
LOAD ./src/decadriver/deca_device.o
LOAD ./src/decadriver/deca_params_init.o
LOAD ./src/decadriver/deca_range_tables.o
LOAD ./src/application/instance.o
LOAD ./src/application/instance_calib.o
LOAD ./src/application/instance_common.o
LOAD ./src/application/instance_fast2wr_a.o
LOAD ./src/application/instance_fast2wr_c.o
LOAD ./src/application/instance_fast2wr_t.o
LOAD ./src/application/main.o
LOAD ./Libraries/STM32_USB_OTG_Driver/src/usb_core.o
LOAD ./Libraries/STM32_USB_OTG_Driver/src/usb_dcd.o
LOAD ./Libraries/STM32_USB_OTG_Driver/src/usb_dcd_int.o
LOAD ./Libraries/STM32_USB_OTG_Driver/src/usb_hcd.o
LOAD ./Libraries/STM32_USB_OTG_Driver/src/usb_hcd_int.o
LOAD ./Libraries/STM32_USB_Device_Library/Core/src/usbd_core.o
LOAD ./Libraries/STM32_USB_Device_Library/Core/src/usbd_ioreq.o
LOAD ./Libraries/STM32_USB_Device_Library/Core/src/usbd_req.o
LOAD ./Libraries/STM32_USB_Device_Library/Class/cdc/src/usbd_cdc_core.o
LOAD ./Libraries/STM32_USB_Device_Library/Class/cdc/src/usbd_cdc_if_template.o
LOAD ./Libraries/STM32F10x_StdPeriph_Driver/src/misc.o
LOAD ./Libraries/STM32F10x_StdPeriph_Driver/src/stm32f10x_adc.o
LOAD ./Libraries/STM32F10x_StdPeriph_Driver/src/stm32f10x_bkp.o
LOAD ./Libraries/STM32F10x_StdPeriph_Driver/src/stm32f10x_can.o
LOAD ./Libraries/STM32F10x_StdPeriph_Driver/src/stm32f10x_cec.o
LOAD ./Libraries/STM32F10x_StdPeriph_Driver/src/stm32f10x_crc.o
LOAD ./Libraries/STM32F10x_StdPeriph_Driver/src/stm32f10x_dac.o
LOAD ./Libraries/STM32F10x_StdPeriph_Driver/src/stm32f10x_dbgmcu.o
LOAD ./Libraries/STM32F10x_StdPeriph_Driver/src/stm32f10x_dma.o
LOAD ./Libraries/STM32F10x_StdPeriph_Driver/src/stm32f10x_exti.o
LOAD ./Libraries/STM32F10x_StdPeriph_Driver/src/stm32f10x_flash.o
LOAD ./Libraries/STM32F10x_StdPeriph_Driver/src/stm32f10x_fsmc.o
LOAD ./Libraries/STM32F10x_StdPeriph_Driver/src/stm32f10x_gpio.o
LOAD ./Libraries/STM32F10x_StdPeriph_Driver/src/stm32f10x_i2c.o
LOAD ./Libraries/STM32F10x_StdPeriph_Driver/src/stm32f10x_iwdg.o
LOAD ./Libraries/STM32F10x_StdPeriph_Driver/src/stm32f10x_pwr.o
LOAD ./Libraries/STM32F10x_StdPeriph_Driver/src/stm32f10x_rcc.o
LOAD ./Libraries/STM32F10x_StdPeriph_Driver/src/stm32f10x_rtc.o
LOAD ./Libraries/STM32F10x_StdPeriph_Driver/src/stm32f10x_sdio.o
LOAD ./Libraries/STM32F10x_StdPeriph_Driver/src/stm32f10x_spi.o
LOAD ./Libraries/STM32F10x_StdPeriph_Driver/src/stm32f10x_tim.o
LOAD ./Libraries/STM32F10x_StdPeriph_Driver/src/stm32f10x_usart.o
LOAD ./Libraries/STM32F10x_StdPeriph_Driver/src/stm32f10x_wwdg.o
LOAD ./Libraries/CMSIS/CM3/DeviceSupport/ST/STM32F10x/startup/startup_stm32f10x_cl.o
LOAD ./Libraries/CMSIS/CM3/DeviceSupport/ST/STM32F10x/system_stm32f10x.o
LOAD ./Libraries/CMSIS/CM3/CoreSupport/core_cm3.o
START GROUP
LOAD c:/users/denis/mentorgraphics/sourcery_codebench_lite_for_arm_eabi/bin/../lib/gcc/arm-none-eabi/4.8.1/thumb2\libgcc.a
LOAD c:/users/denis/mentorgraphics/sourcery_codebench_lite_for_arm_eabi/bin/../lib/gcc/arm-none-eabi/4.8.1/../../../../arm-none-eabi/lib/thumb2\libc.a
END GROUP
LOAD c:/users/denis/mentorgraphics/sourcery_codebench_lite_for_arm_eabi/bin/../lib/gcc/arm-none-eabi/4.8.1/thumb2/crtend.o
LOAD c:/users/denis/mentorgraphics/sourcery_codebench_lite_for_arm_eabi/bin/../lib/gcc/arm-none-eabi/4.8.1/thumb2/crtn.o
                0x20010000                _estack = 0x20010000
                0x00000400                _Min_Heap_Size = 0x400
                0x00000400                _Min_Stack_Size = 0x400

.isr_vector     0x08000000      0x1e4
                0x08000000                . = ALIGN (0x4)
 *(.isr_vector)
 .isr_vector    0x08000000      0x1e4 ./Libraries/CMSIS/CM3/DeviceSupport/ST/STM32F10x/startup/startup_stm32f10x_cl.o
                0x08000000                g_pfnVectors
                0x080001e4                . = ALIGN (0x4)

.text           0x080001e8    0x14c68
                0x080001e8                . = ALIGN (0x4)
 *(.text)
 .text          0x080001e8       0xc8 c:/users/denis/mentorgraphics/sourcery_codebench_lite_for_arm_eabi/bin/../lib/gcc/arm-none-eabi/4.8.1/thumb2/crtbegin.o
 .text          0x080002b0      0x370 c:/users/denis/mentorgraphics/sourcery_codebench_lite_for_arm_eabi/bin/../lib/gcc/arm-none-eabi/4.8.1/thumb2\libgcc.a(_arm_addsubdf3.o)
                0x080002b0                __aeabi_drsub
                0x080002b8                __aeabi_dsub
                0x080002b8                __subdf3
                0x080002bc                __aeabi_dadd
                0x080002bc                __adddf3
                0x08000534                __floatunsidf
                0x08000534                __aeabi_ui2d
                0x08000554                __floatsidf
                0x08000554                __aeabi_i2d
                0x08000578                __aeabi_f2d
                0x08000578                __extendsfdf2
                0x080005b4                __floatundidf
                0x080005b4                __aeabi_ul2d
                0x080005c4                __floatdidf
                0x080005c4                __aeabi_l2d
 .text          0x08000620      0x424 c:/users/denis/mentorgraphics/sourcery_codebench_lite_for_arm_eabi/bin/../lib/gcc/arm-none-eabi/4.8.1/thumb2\libgcc.a(_arm_muldivdf3.o)
                0x08000620                __aeabi_dmul
                0x08000620                __muldf3
                0x08000874                __divdf3
                0x08000874                __aeabi_ddiv
 .text          0x08000a44      0x110 c:/users/denis/mentorgraphics/sourcery_codebench_lite_for_arm_eabi/bin/../lib/gcc/arm-none-eabi/4.8.1/thumb2\libgcc.a(_arm_cmpdf2.o)
                0x08000a44                __gtdf2
                0x08000a44                __gedf2
                0x08000a4c                __ltdf2
                0x08000a4c                __ledf2
                0x08000a54                __nedf2
                0x08000a54                __eqdf2
                0x08000a54                __cmpdf2
                0x08000ad0                __aeabi_cdrcmple
                0x08000ae0                __aeabi_cdcmpeq
                0x08000ae0                __aeabi_cdcmple
                0x08000af0                __aeabi_dcmpeq
                0x08000b04                __aeabi_dcmplt
                0x08000b18                __aeabi_dcmple
                0x08000b2c                __aeabi_dcmpge
                0x08000b40                __aeabi_dcmpgt
 .text          0x08000b54       0x50 c:/users/denis/mentorgraphics/sourcery_codebench_lite_for_arm_eabi/bin/../lib/gcc/arm-none-eabi/4.8.1/thumb2\libgcc.a(_arm_fixdfsi.o)
                0x08000b54                __aeabi_d2iz
                0x08000b54                __fixdfsi
 .text          0x08000ba4       0x40 c:/users/denis/mentorgraphics/sourcery_codebench_lite_for_arm_eabi/bin/../lib/gcc/arm-none-eabi/4.8.1/thumb2\libgcc.a(_arm_fixunsdfsi.o)
                0x08000ba4                __aeabi_d2uiz
                0x08000ba4                __fixunsdfsi
 .text          0x08000be4       0xa0 c:/users/denis/mentorgraphics/sourcery_codebench_lite_for_arm_eabi/bin/../lib/gcc/arm-none-eabi/4.8.1/thumb2\libgcc.a(_arm_truncdfsf2.o)
                0x08000be4                __truncdfsf2
                0x08000be4                __aeabi_d2f
 .text          0x08000c84      0x21c c:/users/denis/mentorgraphics/sourcery_codebench_lite_for_arm_eabi/bin/../lib/gcc/arm-none-eabi/4.8.1/thumb2\libgcc.a(_arm_addsubsf3.o)
                0x08000c84                __aeabi_frsub
                0x08000c8c                __subsf3
                0x08000c8c                __aeabi_fsub
                0x08000c90                __aeabi_fadd
                0x08000c90                __addsf3
                0x08000df0                __aeabi_ui2f
                0x08000df0                __floatunsisf
                0x08000df8                __aeabi_i2f
                0x08000df8                __floatsisf
                0x08000e14                __aeabi_ul2f
                0x08000e14                __floatundisf
                0x08000e24                __aeabi_l2f
                0x08000e24                __floatdisf
 .text          0x08000ea0      0x2a0 c:/users/denis/mentorgraphics/sourcery_codebench_lite_for_arm_eabi/bin/../lib/gcc/arm-none-eabi/4.8.1/thumb2\libgcc.a(_arm_muldivsf3.o)
                0x08000ea0                __mulsf3
                0x08000ea0                __aeabi_fmul
                0x08001008                __aeabi_fdiv
                0x08001008                __divsf3
 .text          0x08001140       0x44 c:/users/denis/mentorgraphics/sourcery_codebench_lite_for_arm_eabi/bin/../lib/gcc/arm-none-eabi/4.8.1/thumb2\libgcc.a(_fixunsdfdi.o)
                0x08001140                __fixunsdfdi
                0x08001140                __aeabi_d2ulz
 .text          0x08001184       0x2c c:/users/denis/mentorgraphics/sourcery_codebench_lite_for_arm_eabi/bin/../lib/gcc/arm-none-eabi/4.8.1/../../../../arm-none-eabi/lib/thumb2\libc.a(lib_a-clock.o)
                0x08001184                clock
 .text          0x080011b0       0x5c c:/users/denis/mentorgraphics/sourcery_codebench_lite_for_arm_eabi/bin/../lib/gcc/arm-none-eabi/4.8.1/../../../../arm-none-eabi/lib/thumb2\libc.a(lib_a-init.o)
                0x080011b0                __libc_init_array
 .text          0x0800120c       0x64 c:/users/denis/mentorgraphics/sourcery_codebench_lite_for_arm_eabi/bin/../lib/gcc/arm-none-eabi/4.8.1/../../../../arm-none-eabi/lib/thumb2\libc.a(lib_a-memcmp.o)
                0x0800120c                memcmp
 .text          0x08001270       0xa8 c:/users/denis/mentorgraphics/sourcery_codebench_lite_for_arm_eabi/bin/../lib/gcc/arm-none-eabi/4.8.1/../../../../arm-none-eabi/lib/thumb2\libc.a(lib_a-memcpy-stub.o)
                0x08001270                memcpy
 .text          0x08001318       0xa0 c:/users/denis/mentorgraphics/sourcery_codebench_lite_for_arm_eabi/bin/../lib/gcc/arm-none-eabi/4.8.1/../../../../arm-none-eabi/lib/thumb2\libc.a(lib_a-memset.o)
                0x08001318                memset
 .text          0x080013b8       0x94 c:/users/denis/mentorgraphics/sourcery_codebench_lite_for_arm_eabi/bin/../lib/gcc/arm-none-eabi/4.8.1/../../../../arm-none-eabi/lib/thumb2\libc.a(lib_a-sprintf.o)
                0x080013b8                _sprintf_r
                0x080013fc                sprintf
 .text          0x0800144c       0x60 c:/users/denis/mentorgraphics/sourcery_codebench_lite_for_arm_eabi/bin/../lib/gcc/arm-none-eabi/4.8.1/../../../../arm-none-eabi/lib/thumb2\libc.a(lib_a-strlen.o)
                0x0800144c                strlen
 .text          0x080014ac     0x14b4 c:/users/denis/mentorgraphics/sourcery_codebench_lite_for_arm_eabi/bin/../lib/gcc/arm-none-eabi/4.8.1/../../../../arm-none-eabi/lib/thumb2\libc.a(lib_a-svfprintf.o)
                0x080014ac                _svfprintf_r
 .text          0x08002960     0x10d8 c:/users/denis/mentorgraphics/sourcery_codebench_lite_for_arm_eabi/bin/../lib/gcc/arm-none-eabi/4.8.1/../../../../arm-none-eabi/lib/thumb2\libc.a(lib_a-dtoa.o)
                0x08002aac                _dtoa_r
 .text          0x08003a38      0x23c c:/users/denis/mentorgraphics/sourcery_codebench_lite_for_arm_eabi/bin/../lib/gcc/arm-none-eabi/4.8.1/../../../../arm-none-eabi/lib/thumb2\libc.a(lib_a-freer.o)
                0x08003a38                _malloc_trim_r
                0x08003adc                _free_r
 .text          0x08003c74       0x9c c:/users/denis/mentorgraphics/sourcery_codebench_lite_for_arm_eabi/bin/../lib/gcc/arm-none-eabi/4.8.1/../../../../arm-none-eabi/lib/thumb2\libc.a(lib_a-locale.o)
                0x08003c74                _setlocale_r
                0x08003cc8                __locale_charset
                0x08003cd4                __locale_mb_cur_max
                0x08003ce0                __locale_msgcharset
                0x08003ce8                __locale_cjk_lang
                0x08003cec                _localeconv_r
                0x08003cf4                setlocale
                0x08003d08                localeconv
 .text          0x08003d10       0x20 c:/users/denis/mentorgraphics/sourcery_codebench_lite_for_arm_eabi/bin/../lib/gcc/arm-none-eabi/4.8.1/../../../../arm-none-eabi/lib/thumb2\libc.a(lib_a-malloc.o)
                0x08003d10                malloc
                0x08003d20                free
 .text          0x08003d30      0x570 c:/users/denis/mentorgraphics/sourcery_codebench_lite_for_arm_eabi/bin/../lib/gcc/arm-none-eabi/4.8.1/../../../../arm-none-eabi/lib/thumb2\libc.a(lib_a-mallocr.o)
                0x08003d30                _malloc_r
 .text          0x080042a0       0x90 c:/users/denis/mentorgraphics/sourcery_codebench_lite_for_arm_eabi/bin/../lib/gcc/arm-none-eabi/4.8.1/../../../../arm-none-eabi/lib/thumb2\libc.a(lib_a-memchr-stub.o)
                0x080042a0                memchr
 .text          0x08004330       0xd0 c:/users/denis/mentorgraphics/sourcery_codebench_lite_for_arm_eabi/bin/../lib/gcc/arm-none-eabi/4.8.1/../../../../arm-none-eabi/lib/thumb2\libc.a(lib_a-memmove.o)
                0x08004330                memmove
 .text          0x08004400        0x8 c:/users/denis/mentorgraphics/sourcery_codebench_lite_for_arm_eabi/bin/../lib/gcc/arm-none-eabi/4.8.1/../../../../arm-none-eabi/lib/thumb2\libc.a(lib_a-mlock.o)
                0x08004400                __malloc_lock
                0x08004404                __malloc_unlock
 .text          0x08004408      0x938 c:/users/denis/mentorgraphics/sourcery_codebench_lite_for_arm_eabi/bin/../lib/gcc/arm-none-eabi/4.8.1/../../../../arm-none-eabi/lib/thumb2\libc.a(lib_a-mprec.o)
                0x08004408                _Balloc
                0x08004474                _Bfree
                0x080044ac                __multadd
                0x08004538                __s2b
                0x080045d0                __hi0bits
                0x0800460c                __lo0bits
                0x08004664                __i2b
                0x08004678                __multiply
                0x080047b8                __pow5mult
                0x08004870                __lshift
                0x08004928                __mcmp
                0x0800496c                __mdiff
                0x08004a58                __ulp
                0x08004a9c                __b2d
                0x08004b48                __d2b
                0x08004c04                __ratio
                0x08004c64                _mprec_log10
                0x08004c98                __copybits
                0x08004ce0                __any_on
 .text          0x08004d40      0x3ec c:/users/denis/mentorgraphics/sourcery_codebench_lite_for_arm_eabi/bin/../lib/gcc/arm-none-eabi/4.8.1/../../../../arm-none-eabi/lib/thumb2\libc.a(lib_a-reallocr.o)
                0x08004d40                _realloc_r
 .text          0x0800512c       0x50 c:/users/denis/mentorgraphics/sourcery_codebench_lite_for_arm_eabi/bin/../lib/gcc/arm-none-eabi/4.8.1/../../../../arm-none-eabi/lib/thumb2\libc.a(lib_a-s_fpclassify.o)
                0x0800512c                __fpclassifyd
 .text          0x0800517c       0x28 c:/users/denis/mentorgraphics/sourcery_codebench_lite_for_arm_eabi/bin/../lib/gcc/arm-none-eabi/4.8.1/../../../../arm-none-eabi/lib/thumb2\libc.a(lib_a-sbrkr.o)
                0x0800517c                _sbrk_r
 .text          0x080051a4      0x23c c:/users/denis/mentorgraphics/sourcery_codebench_lite_for_arm_eabi/bin/../lib/gcc/arm-none-eabi/4.8.1/../../../../arm-none-eabi/lib/thumb2\libc.a(lib_a-strcmp.o)
                0x080051a4                strcmp
 .text          0x080053e0      0xbe0 c:/users/denis/mentorgraphics/sourcery_codebench_lite_for_arm_eabi/bin/../lib/gcc/arm-none-eabi/4.8.1/../../../../arm-none-eabi/lib/thumb2\libc.a(lib_a-svfiprintf.o)
                0x080053e0                __ssprint_r
                0x080054e4                _svfiprintf_r
 .text          0x08005fc0       0x64 c:/users/denis/mentorgraphics/sourcery_codebench_lite_for_arm_eabi/bin/../lib/gcc/arm-none-eabi/4.8.1/../../../../arm-none-eabi/lib/thumb2\libc.a(lib_a-callocr.o)
                0x08005fc0                _calloc_r
 *fill*         0x08006024        0x4 
 .text          0x08006028      0x278 c:/users/denis/mentorgraphics/sourcery_codebench_lite_for_arm_eabi/bin/../lib/gcc/arm-none-eabi/4.8.1/thumb2\libgcc.a(_udivsi3.o)
                0x08006028                __aeabi_uidiv
                0x08006028                __udivsi3
                0x08006284                __aeabi_uidivmod
 .text          0x080062a0        0x4 c:/users/denis/mentorgraphics/sourcery_codebench_lite_for_arm_eabi/bin/../lib/gcc/arm-none-eabi/4.8.1/thumb2\libgcc.a(_dvmd_tls.o)
                0x080062a0                __aeabi_idiv0
                0x080062a0                __aeabi_ldiv0
 .text          0x080062a4       0x2c c:/users/denis/mentorgraphics/sourcery_codebench_lite_for_arm_eabi/bin/../lib/gcc/arm-none-eabi/4.8.1/thumb2\libgcc.a(_aeabi_uldivmod.o)
                0x080062a4                __aeabi_uldivmod
 .text          0x080062d0       0x60 c:/users/denis/mentorgraphics/sourcery_codebench_lite_for_arm_eabi/bin/../lib/gcc/arm-none-eabi/4.8.1/thumb2\libgcc.a(bpabi.o)
                0x080062d0                __gnu_ldivmod_helper
                0x08006300                __gnu_uldivmod_helper
 .text          0x08006330      0x354 c:/users/denis/mentorgraphics/sourcery_codebench_lite_for_arm_eabi/bin/../lib/gcc/arm-none-eabi/4.8.1/thumb2\libgcc.a(_divdi3.o)
                0x08006330                __divdi3
 .text          0x08006684      0x300 c:/users/denis/mentorgraphics/sourcery_codebench_lite_for_arm_eabi/bin/../lib/gcc/arm-none-eabi/4.8.1/thumb2\libgcc.a(_udivdi3.o)
                0x08006684                __udivdi3
 *fill*         0x08006984        0x4 
 .text          0x08006988      0x120 c:/users/denis/mentorgraphics/sourcery_codebench_lite_for_arm_eabi/bin/../lib/gcc/arm-none-eabi/4.8.1/../../../../arm-none-eabi/lib/thumb2\libm.a(lib_a-s_ceil.o)
                0x08006988                ceil
 *(.text*)
 .text.configSPIspeed
                0x08006aa8       0x40 ./src/usb/usb.o
                0x08006aa8                configSPIspeed
 .text.process_usbmessage
                0x08006ae8      0x2dc ./src/usb/usb.o
                0x08006ae8                process_usbmessage
 .text.send_usbmessage
                0x08006dc4       0x4c ./src/usb/usb.o
                0x08006dc4                send_usbmessage
 .text.usb_printconfig
                0x08006e10       0x10 ./src/usb/usb.o
                0x08006e10                usb_printconfig
 .text.usb_init
                0x08006e20       0x90 ./src/usb/usb.o
                0x08006e20                usb_init
 .text.usb_run  0x08006eb0       0x98 ./src/usb/usb.o
                0x08006eb0                usb_run
 .text.USB_OTG_BSP_Init
                0x08006f48       0x78 ./src/usb/usb_bsp_evk.o
                0x08006f48                USB_OTG_BSP_Init
 .text.USB_OTG_BSP_EnableInterrupt
                0x08006fc0       0x30 ./src/usb/usb_bsp_evk.o
                0x08006fc0                USB_OTG_BSP_EnableInterrupt
 .text.USB_OTG_BSP_uDelay
                0x08006ff0       0x4c ./src/usb/usb_bsp_evk.o
                0x08006ff0                USB_OTG_BSP_uDelay
 .text.USB_OTG_BSP_mDelay
                0x0800703c       0x20 ./src/usb/usb_bsp_evk.o
                0x0800703c                USB_OTG_BSP_mDelay
 .text.VCP_Init
                0x0800705c       0x10 ./src/usb/usbd_cdc_vcp.o
 .text.VCP_DeInit
                0x0800706c       0x10 ./src/usb/usbd_cdc_vcp.o
 .text.VCP_Ctrl
                0x0800707c      0x198 ./src/usb/usbd_cdc_vcp.o
 .text.VCP_DataTx
                0x08007214       0x80 ./src/usb/usbd_cdc_vcp.o
                0x08007214                VCP_DataTx
 .text.VCP_DataRx
                0x08007294      0x118 ./src/usb/usbd_cdc_vcp.o
 .text.VCP_COMConfig
                0x080073ac       0x18 ./src/usb/usbd_cdc_vcp.o
 .text.USBD_USR_DeviceDescriptor
                0x080073c4       0x28 ./src/usb/usbd_desc.o
                0x080073c4                USBD_USR_DeviceDescriptor
 .text.USBD_USR_LangIDStrDescriptor
                0x080073ec       0x28 ./src/usb/usbd_desc.o
                0x080073ec                USBD_USR_LangIDStrDescriptor
 .text.USBD_USR_ProductStrDescriptor
                0x08007414       0x50 ./src/usb/usbd_desc.o
                0x08007414                USBD_USR_ProductStrDescriptor
 .text.USBD_USR_ManufacturerStrDescriptor
                0x08007464       0x34 ./src/usb/usbd_desc.o
                0x08007464                USBD_USR_ManufacturerStrDescriptor
 .text.USBD_USR_SerialStrDescriptor
                0x08007498       0x50 ./src/usb/usbd_desc.o
                0x08007498                USBD_USR_SerialStrDescriptor
 .text.USBD_USR_ConfigStrDescriptor
                0x080074e8       0x50 ./src/usb/usbd_desc.o
                0x080074e8                USBD_USR_ConfigStrDescriptor
 .text.USBD_USR_InterfaceStrDescriptor
                0x08007538       0x50 ./src/usb/usbd_desc.o
                0x08007538                USBD_USR_InterfaceStrDescriptor
 .text.USBD_USR_Init
                0x08007588        0xc ./src/usb/usbd_usr.o
                0x08007588                USBD_USR_Init
 .text.USBD_USR_DeviceReset
                0x08007594       0x18 ./src/usb/usbd_usr.o
                0x08007594                USBD_USR_DeviceReset
 .text.USBD_USR_DeviceConfigured
                0x080075ac        0xc ./src/usb/usbd_usr.o
                0x080075ac                USBD_USR_DeviceConfigured
 .text.USBD_USR_DeviceSuspended
                0x080075b8        0xc ./src/usb/usbd_usr.o
                0x080075b8                USBD_USR_DeviceSuspended
 .text.USBD_USR_DeviceResumed
                0x080075c4        0xc ./src/usb/usbd_usr.o
                0x080075c4                USBD_USR_DeviceResumed
 .text.USBD_USR_DeviceConnected
                0x080075d0       0x14 ./src/usb/usbd_usr.o
                0x080075d0                USBD_USR_DeviceConnected
 .text.USBD_USR_DeviceDisconnected
                0x080075e4       0x14 ./src/usb/usbd_usr.o
                0x080075e4                USBD_USR_DeviceDisconnected
 .text._write   0x080075f8       0x44 ./src/sys/syscalls.o
                0x080075f8                _write
 .text._sbrk    0x0800763c       0x94 ./src/sys/syscalls.o
                0x0800763c                _sbrk
 .text._times_r
                0x080076d0       0x3c ./src/sys/syscalls.o
                0x080076d0                _times_r
 .text.usleep   0x0800770c       0x3c ./src/sys/unistd.o
                0x0800770c                usleep
 .text.NVIC_EnableIRQ
                0x08007748       0x34 ./src/platform/deca_mutex.o
 .text.NVIC_DisableIRQ
                0x0800777c       0x34 ./src/platform/deca_mutex.o
 .text.NVIC_GetPendingIRQ
                0x080077b0       0x44 ./src/platform/deca_mutex.o
 .text.decamutexon
                0x080077f4       0x28 ./src/platform/deca_mutex.o
                0x080077f4                decamutexon
 .text.decamutexoff
                0x0800781c       0x1c ./src/platform/deca_mutex.o
                0x0800781c                decamutexoff
 .text.writetospi_serial
                0x08007838       0x94 ./src/platform/deca_spi.o
                0x08007838                writetospi_serial
 .text.readfromspi_serial
                0x080078cc       0x98 ./src/platform/deca_spi.o
                0x080078cc                readfromspi_serial
 .text.writetoLCD
                0x08007964       0xcc ./src/platform/deca_spi.o
                0x08007964                writetoLCD
 .text.NVIC_SetPriority
                0x08007a30       0x58 ./src/platform/port.o
 .text.SysTick_Config
                0x08007a88       0x54 ./src/platform/port.o
 .text.No_Configuration
                0x08007adc       0x14 ./src/platform/port.o
                0x08007adc                No_Configuration
 .text.portGetTickCnt
                0x08007af0       0x18 ./src/platform/port.o
                0x08007af0                portGetTickCnt
 .text.SysTick_Configuration
                0x08007b08       0x3c ./src/platform/port.o
                0x08007b08                SysTick_Configuration
 .text.NVIC_DisableDECAIRQ
                0x08007b44       0x28 ./src/platform/port.o
                0x08007b44                NVIC_DisableDECAIRQ
 .text.NVIC_Configuration
                0x08007b6c       0x6c ./src/platform/port.o
                0x08007b6c                NVIC_Configuration
 .text.RCC_Configuration
                0x08007bd8       0xd4 ./src/platform/port.o
                0x08007bd8                RCC_Configuration
 .text.USART_Configuration
                0x08007cac       0x10 ./src/platform/port.o
                0x08007cac                USART_Configuration
 .text.SPI_ConfigFastRate
                0x08007cbc       0x64 ./src/platform/port.o
                0x08007cbc                SPI_ConfigFastRate
 .text.SPI_Configuration
                0x08007d20       0xd0 ./src/platform/port.o
                0x08007d20                SPI_Configuration
 .text.SPI2_Configuration
                0x08007df0      0x114 ./src/platform/port.o
                0x08007df0                SPI2_Configuration
 .text.GPIO_Configuration
                0x08007f04       0xe0 ./src/platform/port.o
                0x08007f04                GPIO_Configuration
 .text.reset_DW1000
                0x08007fe4       0x5c ./src/platform/port.o
                0x08007fe4                reset_DW1000
 .text.is_button_low
                0x08008040       0x30 ./src/platform/port.o
                0x08008040                is_button_low
 .text.is_switch_on
                0x08008070       0x34 ./src/platform/port.o
                0x08008070                is_switch_on
 .text.led_off  0x080080a4       0x8c ./src/platform/port.o
                0x080080a4                led_off
 .text.led_on   0x08008130       0x8c ./src/platform/port.o
                0x08008130                led_on
 .text.peripherals_init
                0x080081bc       0x24 ./src/platform/port.o
                0x080081bc                peripherals_init
 .text.spi_peripheral_init
                0x080081e0       0x30 ./src/platform/port.o
                0x080081e0                spi_peripheral_init
 .text.NMI_Handler
                0x08008210        0xc ./src/platform/stm32f10x_it.o
                0x08008210                NMI_Handler
 .text.pop_registers_from_fault_stack
                0x0800821c       0x3c ./src/platform/stm32f10x_it.o
                0x0800821c                pop_registers_from_fault_stack
 .text.HardFault_Handler
                0x08008258       0x20 ./src/platform/stm32f10x_it.o
                0x08008258                HardFault_Handler
 .text.MemManage_Handler
                0x08008278        0x8 ./src/platform/stm32f10x_it.o
                0x08008278                MemManage_Handler
 .text.BusFault_Handler
                0x08008280        0x8 ./src/platform/stm32f10x_it.o
                0x08008280                BusFault_Handler
 .text.UsageFault_Handler
                0x08008288        0x8 ./src/platform/stm32f10x_it.o
                0x08008288                UsageFault_Handler
 .text.SVC_Handler
                0x08008290        0xc ./src/platform/stm32f10x_it.o
                0x08008290                SVC_Handler
 .text.DebugMon_Handler
                0x0800829c        0xc ./src/platform/stm32f10x_it.o
                0x0800829c                DebugMon_Handler
 .text.PendSV_Handler
                0x080082a8        0xc ./src/platform/stm32f10x_it.o
                0x080082a8                PendSV_Handler
 .text.RTC_IRQHandler
                0x080082b4       0x1c ./src/platform/stm32f10x_it.o
                0x080082b4                RTC_IRQHandler
 .text.SysTick_Handler
                0x080082d0       0x24 ./src/platform/stm32f10x_it.o
                0x080082d0                SysTick_Handler
 .text.EXTI15_10_IRQHandler
                0x080082f4       0x14 ./src/platform/stm32f10x_it.o
                0x080082f4                EXTI15_10_IRQHandler
 .text.ETH_IRQHandler
                0x08008308        0xc ./src/platform/stm32f10x_it.o
                0x08008308                ETH_IRQHandler
 .text.ETH_WKUP_IRQHandler
                0x08008314        0xc ./src/platform/stm32f10x_it.o
                0x08008314                ETH_WKUP_IRQHandler
 .text.EXTI3_IRQHandler
                0x08008320       0x10 ./src/platform/stm32f10x_it.o
                0x08008320                EXTI3_IRQHandler
 .text.EXTI9_5_IRQHandler
                0x08008330       0x10 ./src/platform/stm32f10x_it.o
                0x08008330                EXTI9_5_IRQHandler
 .text.OTG_FS_WKUP_IRQHandler
                0x08008340       0x44 ./src/platform/stm32f10x_it.o
                0x08008340                OTG_FS_WKUP_IRQHandler
 .text.OTG_FS_IRQHandler
                0x08008384       0x14 ./src/platform/stm32f10x_it.o
                0x08008384                OTG_FS_IRQHandler
 .text.dwt_initialise
                0x08008398      0x1e8 ./src/decadriver/deca_device.o
                0x08008398                dwt_initialise
 .text.dwt_getpartid
                0x08008580       0x18 ./src/decadriver/deca_device.o
                0x08008580                dwt_getpartid
 .text.dwt_readdevid
                0x08008598       0x14 ./src/decadriver/deca_device.o
                0x08008598                dwt_readdevid
 .text.dwt_configuretxrf
                0x080085ac       0x28 ./src/decadriver/deca_device.o
                0x080085ac                dwt_configuretxrf
 .text.dwt_getotptxpower
                0x080085d4       0x40 ./src/decadriver/deca_device.o
                0x080085d4                dwt_getotptxpower
 .text.dwt_configure
                0x08008614      0x3a8 ./src/decadriver/deca_device.o
                0x08008614                dwt_configure
 .text.dwt_setrxantennadelay
                0x080089bc       0x34 ./src/decadriver/deca_device.o
                0x080089bc                dwt_setrxantennadelay
 .text.dwt_settxantennadelay
                0x080089f0       0x30 ./src/decadriver/deca_device.o
                0x080089f0                dwt_settxantennadelay
 .text.dwt_readantennadelay
                0x08008a20       0x2c ./src/decadriver/deca_device.o
                0x08008a20                dwt_readantennadelay
 .text.dwt_writetxdata
                0x08008a4c       0x20 ./src/decadriver/deca_device.o
                0x08008a4c                dwt_writetxdata
 .text.dwt_writetxfctrl
                0x08008a6c       0x20 ./src/decadriver/deca_device.o
                0x08008a6c                dwt_writetxfctrl
 .text.dwt_readrxdata
                0x08008a8c       0x14 ./src/decadriver/deca_device.o
                0x08008a8c                dwt_readrxdata
 .text.dwt_readtxtimestamp
                0x08008aa0        0xc ./src/decadriver/deca_device.o
                0x08008aa0                dwt_readtxtimestamp
 .text.dwt_readrxtimestamp
                0x08008aac        0xc ./src/decadriver/deca_device.o
                0x08008aac                dwt_readrxtimestamp
 .text.dwt_writetodevice
                0x08008ab8       0x4c ./src/decadriver/deca_device.o
                0x08008ab8                dwt_writetodevice
 .text.dwt_readfromdevice
                0x08008b04       0x48 ./src/decadriver/deca_device.o
                0x08008b04                dwt_readfromdevice
 .text.dwt_read32bitoffsetreg
                0x08008b4c       0x44 ./src/decadriver/deca_device.o
                0x08008b4c                dwt_read32bitoffsetreg
 .text.dwt_read16bitoffsetreg
                0x08008b90       0x30 ./src/decadriver/deca_device.o
                0x08008b90                dwt_read16bitoffsetreg
 .text.dwt_write16bitoffsetreg
                0x08008bc0       0x20 ./src/decadriver/deca_device.o
                0x08008bc0                dwt_write16bitoffsetreg
 .text.dwt_write32bitoffsetreg
                0x08008be0       0x30 ./src/decadriver/deca_device.o
                0x08008be0                dwt_write32bitoffsetreg
 .text.dwt_enableframefilter
                0x08008c10       0x48 ./src/decadriver/deca_device.o
                0x08008c10                dwt_enableframefilter
 .text.dwt_setpanid
                0x08008c58        0xc ./src/decadriver/deca_device.o
                0x08008c58                dwt_setpanid
 .text.dwt_setaddress16
                0x08008c64        0xc ./src/decadriver/deca_device.o
                0x08008c64                dwt_setaddress16
 .text.dwt_seteui
                0x08008c70        0xc ./src/decadriver/deca_device.o
                0x08008c70                dwt_seteui
 .text.dwt_geteui
                0x08008c7c        0xc ./src/decadriver/deca_device.o
                0x08008c7c                dwt_geteui
 .text._dwt_otpread
                0x08008c88       0x4c ./src/decadriver/deca_device.o
                0x08008c88                _dwt_otpread
 .text._dwt_aonarrayupload
                0x08008cd4       0x30 ./src/decadriver/deca_device.o
                0x08008cd4                _dwt_aonarrayupload
 .text.dwt_entersleep
                0x08008d04        0x4 ./src/decadriver/deca_device.o
                0x08008d04                dwt_entersleep
 .text.dwt_configuresleep
                0x08008d08       0x24 ./src/decadriver/deca_device.o
                0x08008d08                dwt_configuresleep
 .text.dwt_entersleepaftertx
                0x08008d2c       0x24 ./src/decadriver/deca_device.o
                0x08008d2c                dwt_entersleepaftertx
 .text._dwt_configlde
                0x08008d50       0x3c ./src/decadriver/deca_device.o
                0x08008d50                _dwt_configlde
 .text._dwt_loaducodefromrom
                0x08008d8c       0x50 ./src/decadriver/deca_device.o
                0x08008d8c                _dwt_loaducodefromrom
 .text.dwt_setsmarttxpower
                0x08008ddc       0x3c ./src/decadriver/deca_device.o
                0x08008ddc                dwt_setsmarttxpower
 .text.dwt_enableautoack
                0x08008e18       0x2c ./src/decadriver/deca_device.o
                0x08008e18                dwt_enableautoack
 .text.dwt_setdblrxbuffmode
                0x08008e44       0x34 ./src/decadriver/deca_device.o
                0x08008e44                dwt_setdblrxbuffmode
 .text.dwt_setautorxreenable
                0x08008e78       0x3c ./src/decadriver/deca_device.o
                0x08008e78                dwt_setautorxreenable
 .text.dwt_setrxaftertxdelay
                0x08008eb4       0x24 ./src/decadriver/deca_device.o
                0x08008eb4                dwt_setrxaftertxdelay
 .text.dwt_setcallbacks
                0x08008ed8       0x10 ./src/decadriver/deca_device.o
                0x08008ed8                dwt_setcallbacks
 .text.dwt_isr  0x08008ee8      0x270 ./src/decadriver/deca_device.o
                0x08008ee8                dwt_isr
 .text.dwt_setleds
                0x08009158       0xc8 ./src/decadriver/deca_device.o
                0x08009158                dwt_setleds
 .text._dwt_enableclocks
                0x08009220       0xe4 ./src/decadriver/deca_device.o
                0x08009220                _dwt_enableclocks
 .text._dwt_disablesequencing
                0x08009304       0x18 ./src/decadriver/deca_device.o
                0x08009304                _dwt_disablesequencing
 .text.dwt_setdelayedtrxtime
                0x0800931c        0xc ./src/decadriver/deca_device.o
                0x0800931c                dwt_setdelayedtrxtime
 .text.dwt_starttx
                0x08009328       0x9c ./src/decadriver/deca_device.o
                0x08009328                dwt_starttx
 .text.dwt_checkoverrun
                0x080093c4       0x10 ./src/decadriver/deca_device.o
                0x080093c4                dwt_checkoverrun
 .text.dwt_forcetrxoff
                0x080093d4       0x68 ./src/decadriver/deca_device.o
                0x080093d4                dwt_forcetrxoff
 .text.dwt_syncrxbufptrs
                0x0800943c       0x38 ./src/decadriver/deca_device.o
                0x0800943c                dwt_syncrxbufptrs
 .text.dwt_rxenable
                0x08009474       0x64 ./src/decadriver/deca_device.o
                0x08009474                dwt_rxenable
 .text.dwt_setrxtimeout
                0x080094d8       0x64 ./src/decadriver/deca_device.o
                0x080094d8                dwt_setrxtimeout
 .text.dwt_setinterrupt
                0x0800953c       0x30 ./src/decadriver/deca_device.o
                0x0800953c                dwt_setinterrupt
 .text.dwt_configeventcounters
                0x0800956c       0x34 ./src/decadriver/deca_device.o
                0x0800956c                dwt_configeventcounters
 .text.dwt_rxreset
                0x080095a0       0x30 ./src/decadriver/deca_device.o
                0x080095a0                dwt_rxreset
 .text.dwt_softreset
                0x080095d0       0x80 ./src/decadriver/deca_device.o
                0x080095d0                dwt_softreset
 .text.dwt_xtaltrim
                0x08009650       0x38 ./src/decadriver/deca_device.o
                0x08009650                dwt_xtaltrim
 .text.dwt_getrangebias
                0x08009688      0x1b0 ./src/decadriver/deca_range_tables.o
                0x08009688                dwt_getrangebias
 .text.instanceconfigframeheader
                0x08009838       0x7c ./src/application/instance.o
                0x08009838                instanceconfigframeheader
 .text.setupmacframedata
                0x080098b4       0x50 ./src/application/instance.o
                0x080098b4                setupmacframedata
 .text.instancerxon
                0x08009904       0x48 ./src/application/instance.o
                0x08009904                instancerxon
 .text.instancesendpacket
                0x0800994c       0x74 ./src/application/instance.o
                0x0800994c                instancesendpacket
 .text.testapprun_s
                0x080099c0     0x1170 ./src/application/instance.o
                0x080099c0                testapprun_s
 .text.instance_init_s
                0x0800ab30       0xec ./src/application/instance.o
                0x0800ab30                instance_init_s
 .text.instancesetblinkreplydelay
                0x0800ac1c       0x1c ./src/application/instance.o
                0x0800ac1c                instancesetblinkreplydelay
 .text.instancesetreplydelay
                0x0800ac38      0x5b8 ./src/application/instance.o
                0x0800ac38                instancesetreplydelay
 .text.instance_get_addr
                0x0800b1f0      0x1e4 ./src/application/instance.o
                0x0800b1f0                instance_get_addr
 .text.instance_get_tagaddr
                0x0800b3d4      0x1e4 ./src/application/instance.o
                0x0800b3d4                instance_get_tagaddr
 .text.instance_get_anchaddr
                0x0800b5b8      0x1e4 ./src/application/instance.o
                0x0800b5b8                instance_get_anchaddr
 *fill*         0x0800b79c        0x4 
 .text.convertmicrosectodevicetimeu
                0x0800b7a0       0x60 ./src/application/instance_common.o
                0x0800b7a0                convertmicrosectodevicetimeu
 .text.convertmicrosectodevicetimeu32
                0x0800b800       0x58 ./src/application/instance_common.o
                0x0800b800                convertmicrosectodevicetimeu32
 .text.convertdevicetimetosec
                0x0800b858       0x50 ./src/application/instance_common.o
                0x0800b858                convertdevicetimetosec
 .text.reportTOF_f
                0x0800b8a8      0x1c8 ./src/application/instance_common.o
                0x0800b8a8                reportTOF_f
 .text.reportTOF
                0x0800ba70      0x290 ./src/application/instance_common.o
                0x0800ba70                reportTOF
 .text.instaddtagtolist
                0x0800bd00       0xb8 ./src/application/instance_common.o
                0x0800bd00                instaddtagtolist
 .text.instancesetrole
                0x0800bdb8       0x20 ./src/application/instance_common.o
                0x0800bdb8                instancesetrole
 .text.instancenewrange
                0x0800bdd8       0x34 ./src/application/instance_common.o
                0x0800bdd8                instancenewrange
 .text.instanceanchorwaiting
                0x0800be0c       0x1c ./src/application/instance_common.o
                0x0800be0c                instanceanchorwaiting
 .text.instancesleeping
                0x0800be28       0x34 ./src/application/instance_common.o
                0x0800be28                instancesleeping
 .text.instanceclearcounts
                0x0800be5c      0x1b8 ./src/application/instance_common.o
                0x0800be5c                instanceclearcounts
 .text.instance_init
                0x0800c014      0x1d0 ./src/application/instance_common.o
                0x0800c014                instance_init
 .text.instancereaddeviceid
                0x0800c1e4       0x10 ./src/application/instance_common.o
                0x0800c1e4                instancereaddeviceid
 .text.instance_config
                0x0800c1f4      0x3f4 ./src/application/instance_common.o
                0x0800c1f4                instance_config
 .text.instancesettagsleepdelay
                0x0800c5e8       0x4c ./src/application/instance_common.o
                0x0800c5e8                instancesettagsleepdelay
 .text.instance_get_dly
                0x0800c634       0x20 ./src/application/instance_common.o
                0x0800c634                instance_get_dly
 .text.instance_get_lcount
                0x0800c654       0x24 ./src/application/instance_common.o
                0x0800c654                instance_get_lcount
 .text.instance_get_idist
                0x0800c678       0x28 ./src/application/instance_common.o
                0x0800c678                instance_get_idist
 .text.instance_get_txl
                0x0800c6a0       0x24 ./src/application/instance_common.o
                0x0800c6a0                instance_get_txl
 .text.instance_get_rxl
                0x0800c6c4       0x24 ./src/application/instance_common.o
                0x0800c6c4                instance_get_rxl
 .text.instance_get_adist
                0x0800c6e8       0x28 ./src/application/instance_common.o
                0x0800c6e8                instance_get_adist
 .text.instance_get_respPSC
                0x0800c710       0x30 ./src/application/instance_common.o
                0x0800c710                instance_get_respPSC
 .text.inst_processrxtimeout
                0x0800c740       0x78 ./src/application/instance_common.o
                0x0800c740                inst_processrxtimeout
 .text.inst_processackmsg
                0x0800c7b8       0x58 ./src/application/instance_common.o
                0x0800c7b8                inst_processackmsg
 .text.instance_txcallback
                0x0800c810      0x218 ./src/application/instance_common.o
                0x0800c810                instance_txcallback
 .text.instance_rxcallback
                0x0800ca28      0x478 ./src/application/instance_common.o
                0x0800ca28                instance_rxcallback
 .text.instance_peekevent
                0x0800cea0       0x54 ./src/application/instance_common.o
                0x0800cea0                instance_peekevent
 .text.instance_saveevent
                0x0800cef4       0x4c ./src/application/instance_common.o
                0x0800cef4                instance_saveevent
 .text.instance_getsavedevent
                0x0800cf40       0x40 ./src/application/instance_common.o
                0x0800cf40                instance_getsavedevent
 .text.instance_putevent
                0x0800cf80      0x128 ./src/application/instance_common.o
                0x0800cf80                instance_putevent
 .text.instance_getevent
                0x0800d0a8      0x2a0 ./src/application/instance_common.o
                0x0800d0a8                instance_getevent
 .text.instance_clearevents
                0x0800d348       0xa8 ./src/application/instance_common.o
                0x0800d348                instance_clearevents
 .text.instance_setapprun
                0x0800d3f0       0x28 ./src/application/instance_common.o
                0x0800d3f0                instance_setapprun
 .text.instance_run
                0x0800d418      0x248 ./src/application/instance_common.o
                0x0800d418                instance_run
 .text.testapprun_af
                0x0800d660      0x94c ./src/application/instance_fast2wr_a.o
                0x0800d660                testapprun_af
 *fill*         0x0800dfac        0x4 
 .text.instanceframeduration
                0x0800dfb0      0x360 ./src/application/instance_fast2wr_c.o
                0x0800dfb0                instanceframeduration
 .text.instance_init_f
                0x0800e310       0x90 ./src/application/instance_fast2wr_c.o
                0x0800e310                instance_init_f
 .text.instance_config_f
                0x0800e3a0      0x15c ./src/application/instance_fast2wr_c.o
                0x0800e3a0                instance_config_f
 .text.testapprun_tf
                0x0800e4fc      0x828 ./src/application/instance_fast2wr_t.o
                0x0800e4fc                testapprun_tf
 .text.NVIC_EnableIRQ
                0x0800ed24       0x34 ./src/application/main.o
 .text.NVIC_DisableIRQ
                0x0800ed58       0x34 ./src/application/main.o
 .text.decarangingmode
                0x0800ed8c       0x48 ./src/application/main.o
                0x0800ed8c                decarangingmode
 .text.inittestapplication
                0x0800edd4      0x2a8 ./src/application/main.o
                0x0800edd4                inittestapplication
 .text.process_deca_irq
                0x0800f07c       0x20 ./src/application/main.o
                0x0800f07c                process_deca_irq
 .text.initLCD  0x0800f09c       0x6c ./src/application/main.o
                0x0800f09c                initLCD
 .text.test_application_run
                0x0800f108      0x234 ./src/application/main.o
                0x0800f108                test_application_run
 .text.main     0x0800f33c      0x7fc ./src/application/main.o
                0x0800f33c                main
 .text.USB_OTG_EnableCommonInt
                0x0800fb38       0x44 ./Libraries/STM32_USB_OTG_Driver/src/usb_core.o
 .text.USB_OTG_CoreReset
                0x0800fb7c       0x94 ./Libraries/STM32_USB_OTG_Driver/src/usb_core.o
 .text.USB_OTG_WritePacket
                0x0800fc10       0x70 ./Libraries/STM32_USB_OTG_Driver/src/usb_core.o
                0x0800fc10                USB_OTG_WritePacket
 .text.USB_OTG_ReadPacket
                0x0800fc80       0x5c ./Libraries/STM32_USB_OTG_Driver/src/usb_core.o
                0x0800fc80                USB_OTG_ReadPacket
 .text.USB_OTG_SelectCore
                0x0800fcdc      0x174 ./Libraries/STM32_USB_OTG_Driver/src/usb_core.o
                0x0800fcdc                USB_OTG_SelectCore
 .text.USB_OTG_CoreInit
                0x0800fe50      0x13c ./Libraries/STM32_USB_OTG_Driver/src/usb_core.o
                0x0800fe50                USB_OTG_CoreInit
 .text.USB_OTG_EnableGlobalInt
                0x0800ff8c       0x38 ./Libraries/STM32_USB_OTG_Driver/src/usb_core.o
                0x0800ff8c                USB_OTG_EnableGlobalInt
 .text.USB_OTG_DisableGlobalInt
                0x0800ffc4       0x38 ./Libraries/STM32_USB_OTG_Driver/src/usb_core.o
                0x0800ffc4                USB_OTG_DisableGlobalInt
 .text.USB_OTG_FlushTxFifo
                0x0800fffc       0x74 ./Libraries/STM32_USB_OTG_Driver/src/usb_core.o
                0x0800fffc                USB_OTG_FlushTxFifo
 .text.USB_OTG_FlushRxFifo
                0x08010070       0x60 ./Libraries/STM32_USB_OTG_Driver/src/usb_core.o
                0x08010070                USB_OTG_FlushRxFifo
 .text.USB_OTG_SetCurrentMode
                0x080100d0       0x60 ./Libraries/STM32_USB_OTG_Driver/src/usb_core.o
                0x080100d0                USB_OTG_SetCurrentMode
 .text.USB_OTG_GetMode
                0x08010130       0x20 ./Libraries/STM32_USB_OTG_Driver/src/usb_core.o
                0x08010130                USB_OTG_GetMode
 .text.USB_OTG_IsDeviceMode
                0x08010150       0x24 ./Libraries/STM32_USB_OTG_Driver/src/usb_core.o
                0x08010150                USB_OTG_IsDeviceMode
 .text.USB_OTG_ReadCoreItr
                0x08010174       0x30 ./Libraries/STM32_USB_OTG_Driver/src/usb_core.o
                0x08010174                USB_OTG_ReadCoreItr
 .text.USB_OTG_InitDevSpeed
                0x080101a4       0x38 ./Libraries/STM32_USB_OTG_Driver/src/usb_core.o
                0x080101a4                USB_OTG_InitDevSpeed
 .text.USB_OTG_CoreInitDev
                0x080101dc      0x27c ./Libraries/STM32_USB_OTG_Driver/src/usb_core.o
                0x080101dc                USB_OTG_CoreInitDev
 .text.USB_OTG_EnableDevInt
                0x08010458       0x98 ./Libraries/STM32_USB_OTG_Driver/src/usb_core.o
                0x08010458                USB_OTG_EnableDevInt
 .text.USB_OTG_GetDeviceSpeed
                0x080104f0       0x48 ./Libraries/STM32_USB_OTG_Driver/src/usb_core.o
                0x080104f0                USB_OTG_GetDeviceSpeed
 .text.USB_OTG_EP0Activate
                0x08010538       0x78 ./Libraries/STM32_USB_OTG_Driver/src/usb_core.o
                0x08010538                USB_OTG_EP0Activate
 .text.USB_OTG_EPActivate
                0x080105b0       0xdc ./Libraries/STM32_USB_OTG_Driver/src/usb_core.o
                0x080105b0                USB_OTG_EPActivate
 .text.USB_OTG_EPDeactivate
                0x0801068c       0x8c ./Libraries/STM32_USB_OTG_Driver/src/usb_core.o
                0x0801068c                USB_OTG_EPDeactivate
 .text.USB_OTG_EPStartXfer
                0x08010718      0x280 ./Libraries/STM32_USB_OTG_Driver/src/usb_core.o
                0x08010718                USB_OTG_EPStartXfer
 .text.USB_OTG_EP0StartXfer
                0x08010998      0x1d4 ./Libraries/STM32_USB_OTG_Driver/src/usb_core.o
                0x08010998                USB_OTG_EP0StartXfer
 .text.USB_OTG_EPSetStall
                0x08010b6c       0x88 ./Libraries/STM32_USB_OTG_Driver/src/usb_core.o
                0x08010b6c                USB_OTG_EPSetStall
 .text.USB_OTG_EPClearStall
                0x08010bf4       0x78 ./Libraries/STM32_USB_OTG_Driver/src/usb_core.o
                0x08010bf4                USB_OTG_EPClearStall
 .text.USB_OTG_ReadDevAllOutEp_itr
                0x08010c6c       0x2c ./Libraries/STM32_USB_OTG_Driver/src/usb_core.o
                0x08010c6c                USB_OTG_ReadDevAllOutEp_itr
 .text.USB_OTG_ReadDevOutEP_itr
                0x08010c98       0x38 ./Libraries/STM32_USB_OTG_Driver/src/usb_core.o
                0x08010c98                USB_OTG_ReadDevOutEP_itr
 .text.USB_OTG_ReadDevAllInEPItr
                0x08010cd0       0x2c ./Libraries/STM32_USB_OTG_Driver/src/usb_core.o
                0x08010cd0                USB_OTG_ReadDevAllInEPItr
 .text.USB_OTG_EP0_OutStart
                0x08010cfc       0x70 ./Libraries/STM32_USB_OTG_Driver/src/usb_core.o
                0x08010cfc                USB_OTG_EP0_OutStart
 .text.USB_OTG_UngateClock
                0x08010d6c       0x54 ./Libraries/STM32_USB_OTG_Driver/src/usb_core.o
                0x08010d6c                USB_OTG_UngateClock
 .text.DCD_Init
                0x08010dc0      0x104 ./Libraries/STM32_USB_OTG_Driver/src/usb_dcd.o
                0x08010dc0                DCD_Init
 .text.DCD_EP_Open
                0x08010ec4       0xa0 ./Libraries/STM32_USB_OTG_Driver/src/usb_dcd.o
                0x08010ec4                DCD_EP_Open
 .text.DCD_EP_Close
                0x08010f64       0x74 ./Libraries/STM32_USB_OTG_Driver/src/usb_dcd.o
                0x08010f64                DCD_EP_Close
 .text.DCD_EP_PrepareRx
                0x08010fd8       0x80 ./Libraries/STM32_USB_OTG_Driver/src/usb_dcd.o
                0x08010fd8                DCD_EP_PrepareRx
 .text.DCD_EP_Tx
                0x08011058       0x78 ./Libraries/STM32_USB_OTG_Driver/src/usb_dcd.o
                0x08011058                DCD_EP_Tx
 .text.DCD_EP_Stall
                0x080110d0       0x78 ./Libraries/STM32_USB_OTG_Driver/src/usb_dcd.o
                0x080110d0                DCD_EP_Stall
 .text.DCD_EP_ClrStall
                0x08011148       0x78 ./Libraries/STM32_USB_OTG_Driver/src/usb_dcd.o
                0x08011148                DCD_EP_ClrStall
 .text.DCD_EP_Flush
                0x080111c0       0x34 ./Libraries/STM32_USB_OTG_Driver/src/usb_dcd.o
                0x080111c0                DCD_EP_Flush
 .text.DCD_EP_SetAddress
                0x080111f4       0x3c ./Libraries/STM32_USB_OTG_Driver/src/usb_dcd.o
                0x080111f4                DCD_EP_SetAddress
 .text.USBD_OTG_ISR_Handler
                0x08011230      0x15c ./Libraries/STM32_USB_OTG_Driver/src/usb_dcd_int.o
                0x08011230                USBD_OTG_ISR_Handler
 .text.DCD_HandleResume_ISR
                0x0801138c       0x80 ./Libraries/STM32_USB_OTG_Driver/src/usb_dcd_int.o
 .text.DCD_HandleUSBSuspend_ISR
                0x0801140c       0xc4 ./Libraries/STM32_USB_OTG_Driver/src/usb_dcd_int.o
 .text.DCD_HandleInEP_ISR
                0x080114d0      0x19c ./Libraries/STM32_USB_OTG_Driver/src/usb_dcd_int.o
 .text.DCD_HandleOutEP_ISR
                0x0801166c      0x158 ./Libraries/STM32_USB_OTG_Driver/src/usb_dcd_int.o
 .text.DCD_HandleSof_ISR
                0x080117c4       0x38 ./Libraries/STM32_USB_OTG_Driver/src/usb_dcd_int.o
 .text.DCD_HandleRxStatusQueueLevel_ISR
                0x080117fc      0x104 ./Libraries/STM32_USB_OTG_Driver/src/usb_dcd_int.o
 .text.DCD_WriteEmptyTxFifo
                0x08011900      0x110 ./Libraries/STM32_USB_OTG_Driver/src/usb_dcd_int.o
 .text.DCD_HandleUsbReset_ISR
                0x08011a10      0x12c ./Libraries/STM32_USB_OTG_Driver/src/usb_dcd_int.o
 .text.DCD_HandleEnumDone_ISR
                0x08011b3c       0x78 ./Libraries/STM32_USB_OTG_Driver/src/usb_dcd_int.o
 .text.DCD_IsoINIncomplete_ISR
                0x08011bb4       0x38 ./Libraries/STM32_USB_OTG_Driver/src/usb_dcd_int.o
 .text.DCD_IsoOUTIncomplete_ISR
                0x08011bec       0x38 ./Libraries/STM32_USB_OTG_Driver/src/usb_dcd_int.o
 .text.DCD_ReadDevInEP
                0x08011c24       0x50 ./Libraries/STM32_USB_OTG_Driver/src/usb_dcd_int.o
 .text.USBD_Init
                0x08011c74       0x8c ./Libraries/STM32_USB_Device_Library/Core/src/usbd_core.o
                0x08011c74                USBD_Init
 .text.USBD_DeInit
                0x08011d00       0x18 ./Libraries/STM32_USB_Device_Library/Core/src/usbd_core.o
                0x08011d00                USBD_DeInit
 .text.USBD_SetupStage
                0x08011d18       0x6c ./Libraries/STM32_USB_Device_Library/Core/src/usbd_core.o
 .text.USBD_DataOutStage
                0x08011d84       0xd0 ./Libraries/STM32_USB_Device_Library/Core/src/usbd_core.o
 .text.USBD_DataInStage
                0x08011e54      0x11c ./Libraries/STM32_USB_Device_Library/Core/src/usbd_core.o
 .text.USBD_RunTestMode
                0x08011f70       0x28 ./Libraries/STM32_USB_Device_Library/Core/src/usbd_core.o
 .text.USBD_Reset
                0x08011f98       0x44 ./Libraries/STM32_USB_Device_Library/Core/src/usbd_core.o
 .text.USBD_Resume
                0x08011fdc       0x30 ./Libraries/STM32_USB_Device_Library/Core/src/usbd_core.o
 .text.USBD_Suspend
                0x0801200c       0x30 ./Libraries/STM32_USB_Device_Library/Core/src/usbd_core.o
 .text.USBD_SOF
                0x0801203c       0x2c ./Libraries/STM32_USB_Device_Library/Core/src/usbd_core.o
 .text.USBD_SetCfg
                0x08012068       0x30 ./Libraries/STM32_USB_Device_Library/Core/src/usbd_core.o
                0x08012068                USBD_SetCfg
 .text.USBD_ClrCfg
                0x08012098       0x28 ./Libraries/STM32_USB_Device_Library/Core/src/usbd_core.o
                0x08012098                USBD_ClrCfg
 .text.USBD_IsoINIncomplete
                0x080120c0       0x20 ./Libraries/STM32_USB_Device_Library/Core/src/usbd_core.o
 .text.USBD_IsoOUTIncomplete
                0x080120e0       0x20 ./Libraries/STM32_USB_Device_Library/Core/src/usbd_core.o
 .text.USBD_CtlSendData
                0x08012100       0x40 ./Libraries/STM32_USB_Device_Library/Core/src/usbd_ioreq.o
                0x08012100                USBD_CtlSendData
 .text.USBD_CtlContinueSendData
                0x08012140       0x28 ./Libraries/STM32_USB_Device_Library/Core/src/usbd_ioreq.o
                0x08012140                USBD_CtlContinueSendData
 .text.USBD_CtlPrepareRx
                0x08012168       0x40 ./Libraries/STM32_USB_Device_Library/Core/src/usbd_ioreq.o
                0x08012168                USBD_CtlPrepareRx
 .text.USBD_CtlContinueRx
                0x080121a8       0x28 ./Libraries/STM32_USB_Device_Library/Core/src/usbd_ioreq.o
                0x080121a8                USBD_CtlContinueRx
 .text.USBD_CtlSendStatus
                0x080121d0       0x30 ./Libraries/STM32_USB_Device_Library/Core/src/usbd_ioreq.o
                0x080121d0                USBD_CtlSendStatus
 .text.USBD_CtlReceiveStatus
                0x08012200       0x30 ./Libraries/STM32_USB_Device_Library/Core/src/usbd_ioreq.o
                0x08012200                USBD_CtlReceiveStatus
 .text.USBD_StdDevReq
                0x08012230       0xa0 ./Libraries/STM32_USB_Device_Library/Core/src/usbd_req.o
                0x08012230                USBD_StdDevReq
 .text.USBD_StdItfReq
                0x080122d0       0x68 ./Libraries/STM32_USB_Device_Library/Core/src/usbd_req.o
                0x080122d0                USBD_StdItfReq
 .text.USBD_StdEPReq
                0x08012338      0x1c8 ./Libraries/STM32_USB_Device_Library/Core/src/usbd_req.o
                0x08012338                USBD_StdEPReq
 .text.USBD_GetDescriptor
                0x08012500      0x1b8 ./Libraries/STM32_USB_Device_Library/Core/src/usbd_req.o
 .text.USBD_SetAddress
                0x080126b8       0x7c ./Libraries/STM32_USB_Device_Library/Core/src/usbd_req.o
 .text.USBD_SetConfig
                0x08012734      0x130 ./Libraries/STM32_USB_Device_Library/Core/src/usbd_req.o
 .text.USBD_GetConfig
                0x08012864       0x60 ./Libraries/STM32_USB_Device_Library/Core/src/usbd_req.o
 .text.USBD_GetStatus
                0x080128c4       0x68 ./Libraries/STM32_USB_Device_Library/Core/src/usbd_req.o
 .text.USBD_SetFeature
                0x0801292c       0xd8 ./Libraries/STM32_USB_Device_Library/Core/src/usbd_req.o
 .text.USBD_ClrFeature
                0x08012a04       0x50 ./Libraries/STM32_USB_Device_Library/Core/src/usbd_req.o
 .text.USBD_ParseSetupRequest
                0x08012a54       0x8c ./Libraries/STM32_USB_Device_Library/Core/src/usbd_req.o
                0x08012a54                USBD_ParseSetupRequest
 .text.USBD_CtlError
                0x08012ae0       0x28 ./Libraries/STM32_USB_Device_Library/Core/src/usbd_req.o
                0x08012ae0                USBD_CtlError
 .text.USBD_GetString
                0x08012b08       0x7c ./Libraries/STM32_USB_Device_Library/Core/src/usbd_req.o
                0x08012b08                USBD_GetString
 .text.USBD_GetLen
                0x08012b84       0x30 ./Libraries/STM32_USB_Device_Library/Core/src/usbd_req.o
 .text.usbd_cdc_Init
                0x08012bb4       0x74 ./Libraries/STM32_USB_Device_Library/Class/cdc/src/usbd_cdc_core.o
 .text.usbd_cdc_DeInit
                0x08012c28       0x3c ./Libraries/STM32_USB_Device_Library/Class/cdc/src/usbd_cdc_core.o
 .text.usbd_cdc_Setup
                0x08012c64      0x150 ./Libraries/STM32_USB_Device_Library/Class/cdc/src/usbd_cdc_core.o
 .text.usbd_cdc_EP0_RxReady
                0x08012db4       0x58 ./Libraries/STM32_USB_Device_Library/Class/cdc/src/usbd_cdc_core.o
 .text.usbd_cdc_DataIn
                0x08012e0c      0x104 ./Libraries/STM32_USB_Device_Library/Class/cdc/src/usbd_cdc_core.o
 .text.usbd_cdc_DataOut
                0x08012f10       0x58 ./Libraries/STM32_USB_Device_Library/Class/cdc/src/usbd_cdc_core.o
 .text.usbd_cdc_SOF
                0x08012f68       0x40 ./Libraries/STM32_USB_Device_Library/Class/cdc/src/usbd_cdc_core.o
 .text.Handle_USBAsynchXfer
                0x08012fa8      0x180 ./Libraries/STM32_USB_Device_Library/Class/cdc/src/usbd_cdc_core.o
 .text.USBD_cdc_GetCfgDesc
                0x08013128       0x28 ./Libraries/STM32_USB_Device_Library/Class/cdc/src/usbd_cdc_core.o
 .text.NVIC_PriorityGroupConfig
                0x08013150       0x28 ./Libraries/STM32F10x_StdPeriph_Driver/src/misc.o
                0x08013150                NVIC_PriorityGroupConfig
 .text.NVIC_Init
                0x08013178       0xd0 ./Libraries/STM32F10x_StdPeriph_Driver/src/misc.o
                0x08013178                NVIC_Init
 .text.EXTI_Init
                0x08013248      0x12c ./Libraries/STM32F10x_StdPeriph_Driver/src/stm32f10x_exti.o
                0x08013248                EXTI_Init
 .text.EXTI_ClearITPendingBit
                0x08013374       0x20 ./Libraries/STM32F10x_StdPeriph_Driver/src/stm32f10x_exti.o
                0x08013374                EXTI_ClearITPendingBit
 .text.FLASH_SetLatency
                0x08013394       0x40 ./Libraries/STM32F10x_StdPeriph_Driver/src/stm32f10x_flash.o
                0x08013394                FLASH_SetLatency
 .text.FLASH_PrefetchBufferCmd
                0x080133d4       0x44 ./Libraries/STM32F10x_StdPeriph_Driver/src/stm32f10x_flash.o
                0x080133d4                FLASH_PrefetchBufferCmd
 .text.GPIO_Init
                0x08013418      0x178 ./Libraries/STM32F10x_StdPeriph_Driver/src/stm32f10x_gpio.o
                0x08013418                GPIO_Init
 .text.GPIO_ReadInputDataBit
                0x08013590       0x34 ./Libraries/STM32F10x_StdPeriph_Driver/src/stm32f10x_gpio.o
                0x08013590                GPIO_ReadInputDataBit
 .text.GPIO_SetBits
                0x080135c4       0x1c ./Libraries/STM32F10x_StdPeriph_Driver/src/stm32f10x_gpio.o
                0x080135c4                GPIO_SetBits
 .text.GPIO_ResetBits
                0x080135e0       0x1c ./Libraries/STM32F10x_StdPeriph_Driver/src/stm32f10x_gpio.o
                0x080135e0                GPIO_ResetBits
 .text.GPIO_PinRemapConfig
                0x080135fc       0xf4 ./Libraries/STM32F10x_StdPeriph_Driver/src/stm32f10x_gpio.o
                0x080135fc                GPIO_PinRemapConfig
 .text.GPIO_EXTILineConfig
                0x080136f0       0x8c ./Libraries/STM32F10x_StdPeriph_Driver/src/stm32f10x_gpio.o
                0x080136f0                GPIO_EXTILineConfig
 .text.RCC_DeInit
                0x0801377c       0xc0 ./Libraries/STM32F10x_StdPeriph_Driver/src/stm32f10x_rcc.o
                0x0801377c                RCC_DeInit
 .text.RCC_HSEConfig
                0x0801383c       0x88 ./Libraries/STM32F10x_StdPeriph_Driver/src/stm32f10x_rcc.o
                0x0801383c                RCC_HSEConfig
 .text.RCC_WaitForHSEStartUp
                0x080138c4       0x50 ./Libraries/STM32F10x_StdPeriph_Driver/src/stm32f10x_rcc.o
                0x080138c4                RCC_WaitForHSEStartUp
 .text.RCC_PLLConfig
                0x08013914       0x44 ./Libraries/STM32F10x_StdPeriph_Driver/src/stm32f10x_rcc.o
                0x08013914                RCC_PLLConfig
 .text.RCC_PLLCmd
                0x08013958       0x20 ./Libraries/STM32F10x_StdPeriph_Driver/src/stm32f10x_rcc.o
                0x08013958                RCC_PLLCmd
 .text.RCC_PREDIV1Config
                0x08013978       0x48 ./Libraries/STM32F10x_StdPeriph_Driver/src/stm32f10x_rcc.o
                0x08013978                RCC_PREDIV1Config
 .text.RCC_PREDIV2Config
                0x080139c0       0x40 ./Libraries/STM32F10x_StdPeriph_Driver/src/stm32f10x_rcc.o
                0x080139c0                RCC_PREDIV2Config
 .text.RCC_PLL2Config
                0x08013a00       0x40 ./Libraries/STM32F10x_StdPeriph_Driver/src/stm32f10x_rcc.o
                0x08013a00                RCC_PLL2Config
 .text.RCC_PLL2Cmd
                0x08013a40       0x20 ./Libraries/STM32F10x_StdPeriph_Driver/src/stm32f10x_rcc.o
                0x08013a40                RCC_PLL2Cmd
 .text.RCC_SYSCLKConfig
                0x08013a60       0x40 ./Libraries/STM32F10x_StdPeriph_Driver/src/stm32f10x_rcc.o
                0x08013a60                RCC_SYSCLKConfig
 .text.RCC_GetSYSCLKSource
                0x08013aa0       0x20 ./Libraries/STM32F10x_StdPeriph_Driver/src/stm32f10x_rcc.o
                0x08013aa0                RCC_GetSYSCLKSource
 .text.RCC_HCLKConfig
                0x08013ac0       0x40 ./Libraries/STM32F10x_StdPeriph_Driver/src/stm32f10x_rcc.o
                0x08013ac0                RCC_HCLKConfig
 .text.RCC_PCLK1Config
                0x08013b00       0x40 ./Libraries/STM32F10x_StdPeriph_Driver/src/stm32f10x_rcc.o
                0x08013b00                RCC_PCLK1Config
 .text.RCC_PCLK2Config
                0x08013b40       0x40 ./Libraries/STM32F10x_StdPeriph_Driver/src/stm32f10x_rcc.o
                0x08013b40                RCC_PCLK2Config
 .text.RCC_ADCCLKConfig
                0x08013b80       0x40 ./Libraries/STM32F10x_StdPeriph_Driver/src/stm32f10x_rcc.o
                0x08013b80                RCC_ADCCLKConfig
 .text.RCC_GetClocksFreq
                0x08013bc0      0x230 ./Libraries/STM32F10x_StdPeriph_Driver/src/stm32f10x_rcc.o
                0x08013bc0                RCC_GetClocksFreq
 .text.RCC_AHBPeriphClockCmd
                0x08013df0       0x50 ./Libraries/STM32F10x_StdPeriph_Driver/src/stm32f10x_rcc.o
                0x08013df0                RCC_AHBPeriphClockCmd
 .text.RCC_APB2PeriphClockCmd
                0x08013e40       0x50 ./Libraries/STM32F10x_StdPeriph_Driver/src/stm32f10x_rcc.o
                0x08013e40                RCC_APB2PeriphClockCmd
 .text.RCC_APB1PeriphClockCmd
                0x08013e90       0x50 ./Libraries/STM32F10x_StdPeriph_Driver/src/stm32f10x_rcc.o
                0x08013e90                RCC_APB1PeriphClockCmd
 .text.RCC_APB2PeriphResetCmd
                0x08013ee0       0x50 ./Libraries/STM32F10x_StdPeriph_Driver/src/stm32f10x_rcc.o
                0x08013ee0                RCC_APB2PeriphResetCmd
 .text.RCC_APB1PeriphResetCmd
                0x08013f30       0x50 ./Libraries/STM32F10x_StdPeriph_Driver/src/stm32f10x_rcc.o
                0x08013f30                RCC_APB1PeriphResetCmd
 .text.RCC_GetFlagStatus
                0x08013f80       0x84 ./Libraries/STM32F10x_StdPeriph_Driver/src/stm32f10x_rcc.o
                0x08013f80                RCC_GetFlagStatus
 .text.RTC_WaitForLastTask
                0x08014004       0x24 ./Libraries/STM32F10x_StdPeriph_Driver/src/stm32f10x_rtc.o
                0x08014004                RTC_WaitForLastTask
 .text.RTC_GetITStatus
                0x08014028       0x58 ./Libraries/STM32F10x_StdPeriph_Driver/src/stm32f10x_rtc.o
                0x08014028                RTC_GetITStatus
 .text.RTC_ClearITPendingBit
                0x08014080       0x34 ./Libraries/STM32F10x_StdPeriph_Driver/src/stm32f10x_rtc.o
                0x08014080                RTC_ClearITPendingBit
 .text.SPI_I2S_DeInit
                0x080140b4       0x78 ./Libraries/STM32F10x_StdPeriph_Driver/src/stm32f10x_spi.o
                0x080140b4                SPI_I2S_DeInit
 .text.SPI_Init
                0x0801412c       0x88 ./Libraries/STM32F10x_StdPeriph_Driver/src/stm32f10x_spi.o
                0x0801412c                SPI_Init
 .text.SPI_Cmd  0x080141b4       0x40 ./Libraries/STM32F10x_StdPeriph_Driver/src/stm32f10x_spi.o
                0x080141b4                SPI_Cmd
 .text.SPI_I2S_SendData
                0x080141f4       0x1c ./Libraries/STM32F10x_StdPeriph_Driver/src/stm32f10x_spi.o
                0x080141f4                SPI_I2S_SendData
 .text.SPI_I2S_ReceiveData
                0x08014210       0x1c ./Libraries/STM32F10x_StdPeriph_Driver/src/stm32f10x_spi.o
                0x08014210                SPI_I2S_ReceiveData
 .text.SPI_SSOutputCmd
                0x0801422c       0x40 ./Libraries/STM32F10x_StdPeriph_Driver/src/stm32f10x_spi.o
                0x0801422c                SPI_SSOutputCmd
 .text.SPI_I2S_GetFlagStatus
                0x0801426c       0x38 ./Libraries/STM32F10x_StdPeriph_Driver/src/stm32f10x_spi.o
                0x0801426c                SPI_I2S_GetFlagStatus
 .text.Reset_Handler
                0x080142a4       0x48 ./Libraries/CMSIS/CM3/DeviceSupport/ST/STM32F10x/startup/startup_stm32f10x_cl.o
                0x080142a4                Reset_Handler
 .text.Default_Handler
                0x080142ec        0x2 ./Libraries/CMSIS/CM3/DeviceSupport/ST/STM32F10x/startup/startup_stm32f10x_cl.o
                0x080142ec                EXTI2_IRQHandler
                0x080142ec                TIM1_CC_IRQHandler
                0x080142ec                TIM6_IRQHandler
                0x080142ec                PVD_IRQHandler
                0x080142ec                CAN2_RX1_IRQHandler
                0x080142ec                EXTI0_IRQHandler
                0x080142ec                I2C2_EV_IRQHandler
                0x080142ec                CAN1_RX0_IRQHandler
                0x080142ec                CAN2_SCE_IRQHandler
                0x080142ec                ADC1_2_IRQHandler
                0x080142ec                SPI1_IRQHandler
                0x080142ec                TAMPER_IRQHandler
                0x080142ec                CAN2_RX0_IRQHandler
                0x080142ec                DMA2_Channel2_IRQHandler
                0x080142ec                DMA1_Channel4_IRQHandler
                0x080142ec                USART3_IRQHandler
                0x080142ec                DMA1_Channel7_IRQHandler
                0x080142ec                CAN1_RX1_IRQHandler
                0x080142ec                UART5_IRQHandler
                0x080142ec                TIM4_IRQHandler
                0x080142ec                DMA2_Channel1_IRQHandler
                0x080142ec                I2C1_EV_IRQHandler
                0x080142ec                DMA1_Channel6_IRQHandler
                0x080142ec                UART4_IRQHandler
                0x080142ec                DMA2_Channel4_IRQHandler
                0x080142ec                TIM3_IRQHandler
                0x080142ec                RCC_IRQHandler
                0x080142ec                TIM1_TRG_COM_IRQHandler
                0x080142ec                DMA1_Channel1_IRQHandler
                0x080142ec                Default_Handler
                0x080142ec                TIM7_IRQHandler
                0x080142ec                CAN2_TX_IRQHandler
                0x080142ec                TIM5_IRQHandler
                0x080142ec                SPI2_IRQHandler
                0x080142ec                CAN1_TX_IRQHandler
                0x080142ec                DMA2_Channel5_IRQHandler
                0x080142ec                DMA1_Channel5_IRQHandler
                0x080142ec                EXTI4_IRQHandler
                0x080142ec                DMA1_Channel3_IRQHandler
                0x080142ec                TIM1_UP_IRQHandler
                0x080142ec                WWDG_IRQHandler
                0x080142ec                TIM2_IRQHandler
                0x080142ec                TIM1_BRK_IRQHandler
                0x080142ec                EXTI1_IRQHandler
                0x080142ec                RTCAlarm_IRQHandler
                0x080142ec                USART2_IRQHandler
                0x080142ec                I2C2_ER_IRQHandler
                0x080142ec                DMA1_Channel2_IRQHandler
                0x080142ec                CAN1_SCE_IRQHandler
                0x080142ec                FLASH_IRQHandler
                0x080142ec                USART1_IRQHandler
                0x080142ec                SPI3_IRQHandler
                0x080142ec                I2C1_ER_IRQHandler
                0x080142ec                DMA2_Channel3_IRQHandler
 *fill*         0x080142ee        0x2 
 .text.SystemInit
                0x080142f0       0xcc ./Libraries/CMSIS/CM3/DeviceSupport/ST/STM32F10x/system_stm32f10x.o
                0x080142f0                SystemInit
 .text.SetSysClock
                0x080143bc        0xc ./Libraries/CMSIS/CM3/DeviceSupport/ST/STM32F10x/system_stm32f10x.o
 .text.SetSysClockTo72
                0x080143c8      0x208 ./Libraries/CMSIS/CM3/DeviceSupport/ST/STM32F10x/system_stm32f10x.o
 .text.__get_MSP
                0x080145d0       0x10 ./Libraries/CMSIS/CM3/CoreSupport/core_cm3.o
                0x080145d0                __get_MSP
 *(.rodata)
 .rodata        0x080145e0       0x98 ./src/usb/usbd_desc.o
 .rodata        0x08014678       0x24 ./src/sys/syscalls.o
 .rodata        0x0801469c      0x22c ./src/application/main.o
 .rodata        0x080148c8       0x20 c:/users/denis/mentorgraphics/sourcery_codebench_lite_for_arm_eabi/bin/../lib/gcc/arm-none-eabi/4.8.1/../../../../arm-none-eabi/lib/thumb2\libc.a(lib_a-svfprintf.o)
 .rodata        0x080148e8       0x60 c:/users/denis/mentorgraphics/sourcery_codebench_lite_for_arm_eabi/bin/../lib/gcc/arm-none-eabi/4.8.1/../../../../arm-none-eabi/lib/thumb2\libc.a(lib_a-findfp.o)
                0x080148e8                __sf_fake_stderr
                0x08014908                __sf_fake_stdout
                0x08014928                __sf_fake_stdin
 .rodata        0x08014948      0x128 c:/users/denis/mentorgraphics/sourcery_codebench_lite_for_arm_eabi/bin/../lib/gcc/arm-none-eabi/4.8.1/../../../../arm-none-eabi/lib/thumb2\libc.a(lib_a-mprec.o)
                0x08014958                __mprec_tens
                0x08014a20                __mprec_tinytens
                0x08014a48                __mprec_bigtens
 .rodata        0x08014a70       0x20 c:/users/denis/mentorgraphics/sourcery_codebench_lite_for_arm_eabi/bin/../lib/gcc/arm-none-eabi/4.8.1/../../../../arm-none-eabi/lib/thumb2\libc.a(lib_a-svfiprintf.o)
 *(.rodata*)
 .rodata.str1.4
                0x08014a90       0x14 ./src/usb/usb.o
 .rodata.chan_idx
                0x08014aa4        0x8 ./src/decadriver/deca_params_init.o
                0x08014aa4                chan_idx
 .rodata.tx_config
                0x08014aac       0x18 ./src/decadriver/deca_params_init.o
                0x08014aac                tx_config
 .rodata.pll2_config
                0x08014ac4       0x20 ./src/decadriver/deca_params_init.o
                0x08014ac4                pll2_config
 .rodata.pll2calcfg
                0x08014ae4        0x1 ./src/decadriver/deca_params_init.o
                0x08014ae4                pll2calcfg
 *fill*         0x08014ae5        0x3 
 .rodata.rx_config
                0x08014ae8        0x4 ./src/decadriver/deca_params_init.o
                0x08014ae8                rx_config
 .rodata.agc_config
                0x08014aec        0x8 ./src/decadriver/deca_params_init.o
                0x08014aec                agc_config
 .rodata.dwnsSFDlen
                0x08014af4        0x4 ./src/decadriver/deca_params_init.o
                0x08014af4                dwnsSFDlen
 .rodata.sftsh  0x08014af8        0xc ./src/decadriver/deca_params_init.o
                0x08014af8                sftsh
 .rodata.dtune1
                0x08014b04        0x4 ./src/decadriver/deca_params_init.o
                0x08014b04                dtune1
 .rodata.digital_bb_config
                0x08014b08       0x20 ./src/decadriver/deca_params_init.o
                0x08014b08                digital_bb_config
 .rodata.lde_replicaCoeff
                0x08014b28       0x34 ./src/decadriver/deca_params_init.o
                0x08014b28                lde_replicaCoeff
 .rodata.chan_idxnb
                0x08014b5c        0x8 ./src/decadriver/deca_range_tables.o
                0x08014b5c                chan_idxnb
 .rodata.chan_idxwb
                0x08014b64        0x8 ./src/decadriver/deca_range_tables.o
                0x08014b64                chan_idxwb
 .rodata.range25cm16PRFnb
                0x08014b6c       0x94 ./src/decadriver/deca_range_tables.o
                0x08014b6c                range25cm16PRFnb
 .rodata.range25cm16PRFwb
                0x08014c00       0x88 ./src/decadriver/deca_range_tables.o
                0x08014c00                range25cm16PRFwb
 .rodata.range25cm64PRFnb
                0x08014c88       0x68 ./src/decadriver/deca_range_tables.o
                0x08014c88                range25cm64PRFnb
 .rodata.range25cm64PRFwb
                0x08014cf0       0x78 ./src/decadriver/deca_range_tables.o
                0x08014cf0                range25cm64PRFwb
 .rodata.rfDelays
                0x08014d68        0x4 ./src/application/instance_calib.o
                0x08014d68                rfDelays
 .rodata.txSpectrumConfig
                0x08014d6c       0x60 ./src/application/instance_calib.o
                0x08014d6c                txSpectrumConfig
 .rodata.switchbuf
                0x08014dcc        0x8 ./src/application/main.o
                0x08014dcc                switchbuf
 .rodata.str1.4
                0x08014dd4        0x2 c:/users/denis/mentorgraphics/sourcery_codebench_lite_for_arm_eabi/bin/../lib/gcc/arm-none-eabi/4.8.1/../../../../arm-none-eabi/lib/thumb2\libc.a(lib_a-impure.o)
                                  0x4 (size before relaxing)
 *fill*         0x08014dd6        0x2 
 .rodata.str1.4
                0x08014dd8       0x42 c:/users/denis/mentorgraphics/sourcery_codebench_lite_for_arm_eabi/bin/../lib/gcc/arm-none-eabi/4.8.1/../../../../arm-none-eabi/lib/thumb2\libc.a(lib_a-svfprintf.o)
                                 0x44 (size before relaxing)
 *fill*         0x08014e1a        0x2 
 .rodata.str1.4
                0x08014e1c       0x10 c:/users/denis/mentorgraphics/sourcery_codebench_lite_for_arm_eabi/bin/../lib/gcc/arm-none-eabi/4.8.1/../../../../arm-none-eabi/lib/thumb2\libc.a(lib_a-dtoa.o)
                                 0x14 (size before relaxing)
 .rodata.str1.4
                0x08014e2c        0xc c:/users/denis/mentorgraphics/sourcery_codebench_lite_for_arm_eabi/bin/../lib/gcc/arm-none-eabi/4.8.1/../../../../arm-none-eabi/lib/thumb2\libc.a(lib_a-locale.o)
                                 0x14 (size before relaxing)
 .rodata.str1.4
                0x00000000       0x30 c:/users/denis/mentorgraphics/sourcery_codebench_lite_for_arm_eabi/bin/../lib/gcc/arm-none-eabi/4.8.1/../../../../arm-none-eabi/lib/thumb2\libc.a(lib_a-svfiprintf.o)
 *(.glue_7)
 .glue_7        0x00000000        0x0 linker stubs
 *(.glue_7t)
 .glue_7t       0x00000000        0x0 linker stubs
 *(.eh_frame)
 .eh_frame      0x08014e38        0x0 c:/users/denis/mentorgraphics/sourcery_codebench_lite_for_arm_eabi/bin/../lib/gcc/arm-none-eabi/4.8.1/thumb2/crtbegin.o
 *(.init)
 .init          0x08014e38        0x4 c:/users/denis/mentorgraphics/sourcery_codebench_lite_for_arm_eabi/bin/../lib/gcc/arm-none-eabi/4.8.1/thumb2/crti.o
                0x08014e38                _init
 .init          0x08014e3c        0x8 c:/users/denis/mentorgraphics/sourcery_codebench_lite_for_arm_eabi/bin/../lib/gcc/arm-none-eabi/4.8.1/thumb2/crtn.o
 *(.fini)
 .fini          0x08014e44        0x4 c:/users/denis/mentorgraphics/sourcery_codebench_lite_for_arm_eabi/bin/../lib/gcc/arm-none-eabi/4.8.1/thumb2/crti.o
                0x08014e44                _fini
 .fini          0x08014e48        0x8 c:/users/denis/mentorgraphics/sourcery_codebench_lite_for_arm_eabi/bin/../lib/gcc/arm-none-eabi/4.8.1/thumb2/crtn.o
                0x08014e50                . = ALIGN (0x4)
                0x08014e50                _etext = .

.vfp11_veneer   0x08014e50        0x0
 .vfp11_veneer  0x00000000        0x0 linker stubs

.v4_bx          0x08014e50        0x0
 .v4_bx         0x00000000        0x0 linker stubs

.iplt           0x08014e50        0x0
 .iplt          0x00000000        0x0 c:/users/denis/mentorgraphics/sourcery_codebench_lite_for_arm_eabi/bin/../lib/gcc/arm-none-eabi/4.8.1/thumb2/crtbegin.o

.ARM.extab
 *(.ARM.extab* .gnu.linkonce.armextab.*)

.ARM            0x08014e50        0x8
                0x08014e50                __exidx_start = .
 *(.ARM.exidx*)
 .ARM.exidx     0x08014e50        0x8 c:/users/denis/mentorgraphics/sourcery_codebench_lite_for_arm_eabi/bin/../lib/gcc/arm-none-eabi/4.8.1/thumb2\libgcc.a(_divdi3.o)
 .ARM.exidx     0x08014e58        0x0 c:/users/denis/mentorgraphics/sourcery_codebench_lite_for_arm_eabi/bin/../lib/gcc/arm-none-eabi/4.8.1/thumb2\libgcc.a(_udivdi3.o)
                                  0x8 (size before relaxing)
                0x08014e58                __exidx_end = .

.rel.dyn        0x08014e58        0x0
 .rel.iplt      0x00000000        0x0 c:/users/denis/mentorgraphics/sourcery_codebench_lite_for_arm_eabi/bin/../lib/gcc/arm-none-eabi/4.8.1/thumb2/crtbegin.o

.preinit_array  0x08014e58        0x0
                0x08014e58                PROVIDE (__preinit_array_start, .)
 *(.preinit_array*)
                0x08014e58                PROVIDE (__preinit_array_end, .)

.init_array     0x08014e58        0x4
                0x08014e58                PROVIDE (__init_array_start, .)
 *(SORT(.init_array.*))
 *(.init_array*)
 .init_array    0x08014e58        0x4 c:/users/denis/mentorgraphics/sourcery_codebench_lite_for_arm_eabi/bin/../lib/gcc/arm-none-eabi/4.8.1/thumb2/crtbegin.o
                0x08014e5c                PROVIDE (__init_array_end, .)

.fini_array     0x08014e5c        0x4
                0x08014e5c                PROVIDE (__fini_array_start, .)
 *(.fini_array*)
 .fini_array    0x08014e5c        0x4 c:/users/denis/mentorgraphics/sourcery_codebench_lite_for_arm_eabi/bin/../lib/gcc/arm-none-eabi/4.8.1/thumb2/crtbegin.o
 *(SORT(.fini_array.*))
                0x08014e60                PROVIDE (__fini_array_end, .)
                0x08014e60                _sidata = .

.data           0x20000000      0x71c load address 0x08014e60
                0x20000000                . = ALIGN (0x4)
                0x20000000                _sdata = .
 *(.data)
 .data          0x20000000       0xf4 c:/users/denis/mentorgraphics/sourcery_codebench_lite_for_arm_eabi/bin/../lib/gcc/arm-none-eabi/4.8.1/../../../../arm-none-eabi/lib/thumb2\libc.a(lib_a-impure.o)
                0x20000000                _impure_ptr
 .data          0x200000f4       0x7c c:/users/denis/mentorgraphics/sourcery_codebench_lite_for_arm_eabi/bin/../lib/gcc/arm-none-eabi/4.8.1/../../../../arm-none-eabi/lib/thumb2\libc.a(lib_a-locale.o)
                0x20000114                __mb_cur_max
 .data          0x20000170      0x410 c:/users/denis/mentorgraphics/sourcery_codebench_lite_for_arm_eabi/bin/../lib/gcc/arm-none-eabi/4.8.1/../../../../arm-none-eabi/lib/thumb2\libc.a(lib_a-mallocr.o)
                0x20000170                __malloc_av_
                0x20000578                __malloc_sbrk_base
                0x2000057c                __malloc_trim_threshold
 *(.data*)
 .data.localSPIspeed
                0x20000580        0x4 ./src/usb/usb.o
                0x20000580                localSPIspeed
 .data.linecoding
                0x20000584        0x8 ./src/usb/usbd_cdc_vcp.o
                0x20000584                linecoding
 .data.VCP_fops
                0x2000058c       0x14 ./src/usb/usbd_cdc_vcp.o
                0x2000058c                VCP_fops
 .data.USR_desc
                0x200005a0       0x1c ./src/usb/usbd_desc.o
                0x200005a0                USR_desc
 .data.USBD_DeviceDesc
                0x200005bc       0x14 ./src/usb/usbd_desc.o
                0x200005bc                USBD_DeviceDesc
 .data.USBD_LangIDDesc
                0x200005d0        0x4 ./src/usb/usbd_desc.o
                0x200005d0                USBD_LangIDDesc
 .data.USR_cb   0x200005d4       0x1c ./src/usb/usbd_usr.o
                0x200005d4                USR_cb
 .data.instance_mode
                0x200005f0        0x4 ./src/application/main.o
                0x200005f0                instance_mode
 .data.chConfig
                0x200005f4       0x50 ./src/application/main.o
                0x200005f4                chConfig
 .data.switch_fn
                0x20000644       0x1c ./src/application/main.o
                0x20000644                switch_fn
 .data.USBD_DCD_INT_cb
                0x20000660       0x2c ./Libraries/STM32_USB_Device_Library/Core/src/usbd_core.o
                0x20000660                USBD_DCD_INT_cb
 .data.USBD_DCD_INT_fops
                0x2000068c        0x4 ./Libraries/STM32_USB_Device_Library/Core/src/usbd_core.o
                0x2000068c                USBD_DCD_INT_fops
 .data.usbd_cdc_CfgDesc
                0x20000690       0x44 ./Libraries/STM32_USB_Device_Library/Class/cdc/src/usbd_cdc_core.o
                0x20000690                usbd_cdc_CfgDesc
 .data.cdcCmd   0x200006d4        0x4 ./Libraries/STM32_USB_Device_Library/Class/cdc/src/usbd_cdc_core.o
 .data.USBD_CDC_cb
                0x200006d8       0x2c ./Libraries/STM32_USB_Device_Library/Class/cdc/src/usbd_cdc_core.o
                0x200006d8                USBD_CDC_cb
 .data.APBAHBPrescTable
                0x20000704       0x10 ./Libraries/STM32F10x_StdPeriph_Driver/src/stm32f10x_rcc.o
 .data.ADCPrescTable
                0x20000714        0x4 ./Libraries/STM32F10x_StdPeriph_Driver/src/stm32f10x_rcc.o
 .data.SystemCoreClock
                0x20000718        0x4 ./Libraries/CMSIS/CM3/DeviceSupport/ST/STM32F10x/system_stm32f10x.o
                0x20000718                SystemCoreClock
                0x2000071c                . = ALIGN (0x4)
                0x2000071c                _edata = .

.jcr            0x2000071c        0x0 load address 0x0801557c
 .jcr           0x2000071c        0x0 c:/users/denis/mentorgraphics/sourcery_codebench_lite_for_arm_eabi/bin/../lib/gcc/arm-none-eabi/4.8.1/thumb2/crtbegin.o

.tm_clone_table
                0x2000071c        0x0 load address 0x0801557c
 .tm_clone_table
                0x2000071c        0x0 c:/users/denis/mentorgraphics/sourcery_codebench_lite_for_arm_eabi/bin/../lib/gcc/arm-none-eabi/4.8.1/thumb2/crtbegin.o
 .tm_clone_table
                0x2000071c        0x0 c:/users/denis/mentorgraphics/sourcery_codebench_lite_for_arm_eabi/bin/../lib/gcc/arm-none-eabi/4.8.1/thumb2/crtend.o

.igot.plt       0x2000071c        0x0 load address 0x0801557c
 .igot.plt      0x00000000        0x0 c:/users/denis/mentorgraphics/sourcery_codebench_lite_for_arm_eabi/bin/../lib/gcc/arm-none-eabi/4.8.1/thumb2/crtbegin.o
                0x2000071c                . = ALIGN (0x4)

.bss            0x20000720     0x7170 load address 0x08015580
                0x20000720                _sbss = .
                0x20000720                __bss_start__ = _sbss
 *(.bss)
 .bss           0x20000720       0x1c c:/users/denis/mentorgraphics/sourcery_codebench_lite_for_arm_eabi/bin/../lib/gcc/arm-none-eabi/4.8.1/thumb2/crtbegin.o
 .bss           0x2000073c       0x34 c:/users/denis/mentorgraphics/sourcery_codebench_lite_for_arm_eabi/bin/../lib/gcc/arm-none-eabi/4.8.1/../../../../arm-none-eabi/lib/thumb2\libc.a(lib_a-mallocr.o)
                0x2000073c                __malloc_top_pad
                0x20000740                __malloc_current_mallinfo
                0x20000768                __malloc_max_sbrked_mem
                0x2000076c                __malloc_max_total_mem
 *(.bss*)
 .bss.application_mode
                0x20000770        0x4 ./src/usb/usb.o
                0x20000770                application_mode
 .bss.local_buff_length
                0x20000774        0x4 ./src/usb/usb.o
                0x20000774                local_buff_length
 .bss.local_buff_offset
                0x20000778        0x2 ./src/usb/usb.o
                0x20000778                local_buff_offset
 *fill*         0x2000077a        0x2 
 .bss.tx_buff_length
                0x2000077c        0x4 ./src/usb/usb.o
                0x2000077c                tx_buff_length
 .bss.local_have_data
                0x20000780        0x4 ./src/usb/usb.o
                0x20000780                local_have_data
 .bss.i         0x20000784        0x4 ./src/usb/usb.o
 .bss.heap_end.8838
                0x20000788        0x4 ./src/sys/syscalls.o
 .bss.dw1000local
                0x2000078c       0x7c ./src/decadriver/deca_device.o
 .bss.inst_idist
                0x20000808        0x8 ./src/application/instance_common.o
                0x20000808                inst_idist
 .bss.inst_adist
                0x20000810        0x8 ./src/application/instance_common.o
                0x20000810                inst_adist
 .bss.inst_ldist
                0x20000818        0x8 ./src/application/instance_common.o
                0x20000818                inst_ldist
 .bss.dr_mode   0x20000820        0x4 ./src/application/main.o
                0x20000820                dr_mode
 .bss.USBD_ep_status
                0x20000824        0x4 ./Libraries/STM32_USB_Device_Library/Core/src/usbd_req.o
                0x20000824                USBD_ep_status
 .bss.USBD_default_cfg
                0x20000828        0x4 ./Libraries/STM32_USB_Device_Library/Core/src/usbd_req.o
                0x20000828                USBD_default_cfg
 .bss.USBD_cfg_status
                0x2000082c        0x4 ./Libraries/STM32_USB_Device_Library/Core/src/usbd_req.o
                0x2000082c                USBD_cfg_status
 .bss.cfgidx.7609
                0x20000830        0x1 ./Libraries/STM32_USB_Device_Library/Core/src/usbd_req.o
 *fill*         0x20000831        0x3 
 .bss.usbd_cdc_AltSet
                0x20000834        0x4 ./Libraries/STM32_USB_Device_Library/Class/cdc/src/usbd_cdc_core.o
 .bss.APP_Rx_ptr_in
                0x20000838        0x4 ./Libraries/STM32_USB_Device_Library/Class/cdc/src/usbd_cdc_core.o
                0x20000838                APP_Rx_ptr_in
 .bss.APP_Rx_ptr_out
                0x2000083c        0x4 ./Libraries/STM32_USB_Device_Library/Class/cdc/src/usbd_cdc_core.o
                0x2000083c                APP_Rx_ptr_out
 .bss.APP_Rx_length
                0x20000840        0x4 ./Libraries/STM32_USB_Device_Library/Class/cdc/src/usbd_cdc_core.o
                0x20000840                APP_Rx_length
 .bss.USB_Tx_State
                0x20000844        0x1 ./Libraries/STM32_USB_Device_Library/Class/cdc/src/usbd_cdc_core.o
                0x20000844                USB_Tx_State
 *fill*         0x20000845        0x3 
 .bss.cdcLen    0x20000848        0x4 ./Libraries/STM32_USB_Device_Library/Class/cdc/src/usbd_cdc_core.o
 .bss.FrameCount.7602
                0x2000084c        0x4 ./Libraries/STM32_USB_Device_Library/Class/cdc/src/usbd_cdc_core.o
 *(COMMON)
 COMMON         0x20000850     0x5e08 ./src/usb/usb.o
                0x20000850                tx_buff
                0x20002f60                USB_OTG_dev
                0x20003558                instance_data
                0x20003f48                local_buff
 COMMON         0x20006658        0x4 ./src/platform/stm32f10x_it.o
                0x20006658                time32_incr
 *fill*         0x2000665c        0x4 
 COMMON         0x20006660       0x9c ./src/application/instance_common.o
                0x20006660                dw_event_g
                0x200066f8                instance_localdata
 COMMON         0x200066fc        0x4 ./Libraries/STM32_USB_Device_Library/Core/src/usbd_core.o
                0x200066fc                SET_TEST_MODE
 COMMON         0x20006700       0xff ./Libraries/STM32_USB_Device_Library/Core/src/usbd_req.o
                0x20006700                USBD_StrDesc
 *fill*         0x200067ff        0x1 
 COMMON         0x20006800     0x108c ./Libraries/STM32_USB_Device_Library/Class/cdc/src/usbd_cdc_core.o
                0x20006800                usbd_cdc_OtherCfgDesc
                0x20006844                USB_Rx_Buffer
                0x20006884                CmdBuff